<?xml version="1.0" encoding="ISO-8859-1" ?>
<link_info>
   <banner>TI ARM Linker PC v20.2.7.LTS</banner>
   <copyright>Copyright (c) 1996-2018 Texas Instruments Incorporated</copyright>
   <link_time>0x6777d6cc</link_time>
   <link_errors>0x0</link_errors>
   <output_file>9.9 DERS_SERI_PORT_ODEV2.out</output_file>
   <entry_point>
      <name>_c_int00_noargs</name>
      <address>0x3315</address>
   </entry_point>
   <input_file_list>
      <input_file id="fl-2">
         <path>.\</path>
         <kind>object</kind>
         <file>lcd.obj</file>
         <name>lcd.obj</name>
      </input_file>
      <input_file id="fl-3">
         <path>.\</path>
         <kind>object</kind>
         <file>main.obj</file>
         <name>main.obj</name>
      </input_file>
      <input_file id="fl-4">
         <path>.\</path>
         <kind>object</kind>
         <file>tm4c123gh6pm_startup_ccs.obj</file>
         <name>tm4c123gh6pm_startup_ccs.obj</name>
      </input_file>
      <input_file id="fl-9">
         <kind>object</kind>
         <file>&lt;internal&gt;</file>
         <name>&lt;internal&gt;</name>
      </input_file>
      <input_file id="fl-bf">
         <path>C:\ti\ccs1280\ccs\tools\compiler\ti-cgt-arm_20.2.7.LTS\lib\</path>
         <kind>archive</kind>
         <file>rtsv7M4_T_le_v4SPD16_eabi.lib</file>
         <name>fd_div_t2.asm.obj</name>
      </input_file>
      <input_file id="fl-c0">
         <path>C:\ti\ccs1280\ccs\tools\compiler\ti-cgt-arm_20.2.7.LTS\lib\</path>
         <kind>archive</kind>
         <file>rtsv7M4_T_le_v4SPD16_eabi.lib</file>
         <name>fd_mul_t2.asm.obj</name>
      </input_file>
      <input_file id="fl-c1">
         <path>C:\ti\ccs1280\ccs\tools\compiler\ti-cgt-arm_20.2.7.LTS\lib\</path>
         <kind>archive</kind>
         <file>rtsv7M4_T_le_v4SPD16_eabi.lib</file>
         <name>fd_toi_t2.asm.obj</name>
      </input_file>
      <input_file id="fl-c2">
         <path>C:\ti\ccs1280\ccs\tools\compiler\ti-cgt-arm_20.2.7.LTS\lib\</path>
         <kind>archive</kind>
         <file>rtsv7M4_T_le_v4SPD16_eabi.lib</file>
         <name>u_tofd_t2.asm.obj</name>
      </input_file>
      <input_file id="fl-c3">
         <path>C:\ti\ccs1280\ccs\tools\compiler\ti-cgt-arm_20.2.7.LTS\lib\</path>
         <kind>archive</kind>
         <file>rtsv7M4_T_le_v4SPD16_eabi.lib</file>
         <name>copy_zero_init.c.obj</name>
      </input_file>
      <input_file id="fl-c4">
         <path>C:\ti\ccs1280\ccs\tools\compiler\ti-cgt-arm_20.2.7.LTS\lib\</path>
         <kind>archive</kind>
         <file>rtsv7M4_T_le_v4SPD16_eabi.lib</file>
         <name>copy_decompress_none.c.obj</name>
      </input_file>
      <input_file id="fl-c5">
         <path>C:\ti\ccs1280\ccs\tools\compiler\ti-cgt-arm_20.2.7.LTS\lib\</path>
         <kind>archive</kind>
         <file>rtsv7M4_T_le_v4SPD16_eabi.lib</file>
         <name>copy_decompress_lzss.c.obj</name>
      </input_file>
      <input_file id="fl-c6">
         <path>C:\ti\ccs1280\ccs\tools\compiler\ti-cgt-arm_20.2.7.LTS\lib\</path>
         <kind>archive</kind>
         <file>rtsv7M4_T_le_v4SPD16_eabi.lib</file>
         <name>boot_cortex_m.c.obj</name>
      </input_file>
      <input_file id="fl-c7">
         <path>C:\ti\ccs1280\ccs\tools\compiler\ti-cgt-arm_20.2.7.LTS\lib\</path>
         <kind>archive</kind>
         <file>rtsv7M4_T_le_v4SPD16_eabi.lib</file>
         <name>memcpy_t2.asm.obj</name>
      </input_file>
      <input_file id="fl-c8">
         <path>C:\ti\ccs1280\ccs\tools\compiler\ti-cgt-arm_20.2.7.LTS\lib\</path>
         <kind>archive</kind>
         <file>rtsv7M4_T_le_v4SPD16_eabi.lib</file>
         <name>memset_t2.asm.obj</name>
      </input_file>
      <input_file id="fl-c9">
         <path>C:\ti\ccs1280\ccs\tools\compiler\ti-cgt-arm_20.2.7.LTS\lib\</path>
         <kind>archive</kind>
         <file>rtsv7M4_T_le_v4SPD16_eabi.lib</file>
         <name>autoinit.c.obj</name>
      </input_file>
      <input_file id="fl-ca">
         <path>C:\ti\ccs1280\ccs\tools\compiler\ti-cgt-arm_20.2.7.LTS\lib\</path>
         <kind>archive</kind>
         <file>rtsv7M4_T_le_v4SPD16_eabi.lib</file>
         <name>pre_init.c.obj</name>
      </input_file>
      <input_file id="fl-cb">
         <path>C:\ti\ccs1280\ccs\tools\compiler\ti-cgt-arm_20.2.7.LTS\lib\</path>
         <kind>archive</kind>
         <file>rtsv7M4_T_le_v4SPD16_eabi.lib</file>
         <name>cpy_tbl.c.obj</name>
      </input_file>
      <input_file id="fl-cc">
         <path>C:\ti\ccs1280\ccs\tools\compiler\ti-cgt-arm_20.2.7.LTS\lib\</path>
         <kind>archive</kind>
         <file>rtsv7M4_T_le_v4SPD16_eabi.lib</file>
         <name>exit.c.obj</name>
      </input_file>
      <input_file id="fl-cd">
         <path>C:\ti\ccs1280\ccs\tools\compiler\ti-cgt-arm_20.2.7.LTS\lib\</path>
         <kind>archive</kind>
         <file>rtsv7M4_T_le_v4SPD16_eabi.lib</file>
         <name>_lock.c.obj</name>
      </input_file>
      <input_file id="fl-ce">
         <path>C:\ti\ccs1280\ccs\tools\compiler\ti-cgt-arm_20.2.7.LTS\lib\</path>
         <kind>archive</kind>
         <file>rtsv7M4_T_le_v4SPD16_eabi.lib</file>
         <name>args_main.c.obj</name>
      </input_file>
      <input_file id="fl-cf">
         <path>C:\ti\TivaWare_C_Series-2.2.0.295\driverlib\ccs\Debug\</path>
         <kind>archive</kind>
         <file>driverlib.lib</file>
         <name>adc.obj</name>
      </input_file>
      <input_file id="fl-d0">
         <path>C:\ti\TivaWare_C_Series-2.2.0.295\driverlib\ccs\Debug\</path>
         <kind>archive</kind>
         <file>driverlib.lib</file>
         <name>cpu.obj</name>
      </input_file>
      <input_file id="fl-d1">
         <path>C:\ti\TivaWare_C_Series-2.2.0.295\driverlib\ccs\Debug\</path>
         <kind>archive</kind>
         <file>driverlib.lib</file>
         <name>interrupt.obj</name>
      </input_file>
      <input_file id="fl-d2">
         <path>C:\ti\TivaWare_C_Series-2.2.0.295\driverlib\ccs\Debug\</path>
         <kind>archive</kind>
         <file>driverlib.lib</file>
         <name>timer.obj</name>
      </input_file>
   </input_file_list>
   <object_component_list>
      <object_component id="oc-12">
         <name>.intvecs</name>
         <load_address>0x0</load_address>
         <run_address>0x0</run_address>
         <size>0x26c</size>
         <input_file_ref idref="fl-4"/>
      </object_component>
      <object_component id="oc-112">
         <name>.text</name>
         <load_address>0x26c</load_address>
         <run_address>0x26c</run_address>
         <size>0x1f0c</size>
         <input_file_ref idref="fl-2"/>
      </object_component>
      <object_component id="oc-9b">
         <name>.text</name>
         <load_address>0x2178</load_address>
         <run_address>0x2178</run_address>
         <size>0xb60</size>
         <input_file_ref idref="fl-3"/>
      </object_component>
      <object_component id="oc-108">
         <name>.text</name>
         <load_address>0x2cd8</load_address>
         <run_address>0x2cd8</run_address>
         <size>0x136</size>
         <input_file_ref idref="fl-bf"/>
      </object_component>
      <object_component id="oc-103">
         <name>.text</name>
         <load_address>0x2e0e</load_address>
         <run_address>0x2e0e</run_address>
         <size>0xfc</size>
         <input_file_ref idref="fl-c0"/>
      </object_component>
      <object_component id="oc-3b">
         <name>.text</name>
         <load_address>0x2f0a</load_address>
         <run_address>0x2f0a</run_address>
         <size>0x9c</size>
         <input_file_ref idref="fl-c7"/>
      </object_component>
      <object_component id="oc-13c">
         <name>.text:ADCSequenceStepConfigure</name>
         <load_address>0x2fa6</load_address>
         <run_address>0x2fa6</run_address>
         <size>0x7a</size>
         <input_file_ref idref="fl-cf"/>
      </object_component>
      <object_component id="oc-da">
         <name>.text:IntDisable</name>
         <load_address>0x3020</load_address>
         <run_address>0x3020</run_address>
         <size>0x68</size>
         <input_file_ref idref="fl-d1"/>
      </object_component>
      <object_component id="oc-d4">
         <name>.text:IntEnable</name>
         <load_address>0x3088</load_address>
         <run_address>0x3088</run_address>
         <size>0x68</size>
         <input_file_ref idref="fl-d1"/>
      </object_component>
      <object_component id="oc-15">
         <name>.text:decompress:lzss:__TI_decompress_lzss</name>
         <load_address>0x30f0</load_address>
         <run_address>0x30f0</run_address>
         <size>0x68</size>
         <input_file_ref idref="fl-c5"/>
      </object_component>
      <object_component id="oc-118">
         <name>.text:TimerConfigure</name>
         <load_address>0x3158</load_address>
         <run_address>0x3158</run_address>
         <size>0x60</size>
         <input_file_ref idref="fl-d2"/>
      </object_component>
      <object_component id="oc-136">
         <name>.text:ADCSequenceConfigure</name>
         <load_address>0x31b8</load_address>
         <run_address>0x31b8</run_address>
         <size>0x4e</size>
         <input_file_ref idref="fl-cf"/>
      </object_component>
      <object_component id="oc-1bd">
         <name>.text:_IntDefaultHandler</name>
         <load_address>0x3206</load_address>
         <run_address>0x3206</run_address>
         <size>0x2</size>
         <input_file_ref idref="fl-d1"/>
      </object_component>
      <object_component id="oc-1f7">
         <name>.text:_TimerIntNumberGet</name>
         <load_address>0x3208</load_address>
         <run_address>0x3208</run_address>
         <size>0x4c</size>
         <input_file_ref idref="fl-d2"/>
      </object_component>
      <object_component id="oc-10d">
         <name>.text</name>
         <load_address>0x3254</load_address>
         <run_address>0x3254</run_address>
         <size>0x48</size>
         <input_file_ref idref="fl-c1"/>
      </object_component>
      <object_component id="oc-16f">
         <name>.text:__TI_auto_init_nobinit_nopinit:__TI_auto_init_nobinit_nopinit</name>
         <load_address>0x329c</load_address>
         <run_address>0x329c</run_address>
         <size>0x44</size>
         <input_file_ref idref="fl-c9"/>
      </object_component>
      <object_component id="oc-ce">
         <name>.text:IntRegister</name>
         <load_address>0x32e0</load_address>
         <run_address>0x32e0</run_address>
         <size>0x34</size>
         <input_file_ref idref="fl-d1"/>
      </object_component>
      <object_component id="oc-59">
         <name>.text:_c_int00_noargs:_c_int00_noargs</name>
         <load_address>0x3314</load_address>
         <run_address>0x3314</run_address>
         <size>0x34</size>
         <input_file_ref idref="fl-c6"/>
      </object_component>
      <object_component id="oc-f2">
         <name>.text:ADCIntStatus</name>
         <load_address>0x3348</load_address>
         <run_address>0x3348</run_address>
         <size>0x2e</size>
         <input_file_ref idref="fl-cf"/>
      </object_component>
      <object_component id="oc-fe">
         <name>.text</name>
         <load_address>0x3376</load_address>
         <run_address>0x3376</run_address>
         <size>0x20</size>
         <input_file_ref idref="fl-c2"/>
      </object_component>
      <object_component id="oc-f8">
         <name>.text:ADCSequenceDataGet</name>
         <load_address>0x3396</load_address>
         <run_address>0x3396</run_address>
         <size>0x1e</size>
         <input_file_ref idref="fl-cf"/>
      </object_component>
      <object_component id="oc-47">
         <name>.text:decompress:ZI:__TI_zero_init_nomemset:__TI_zero_init_nomemset</name>
         <load_address>0x33b4</load_address>
         <run_address>0x33b4</run_address>
         <size>0x1c</size>
         <input_file_ref idref="fl-c3"/>
      </object_component>
      <object_component id="oc-ec">
         <name>.text:ADCProcessorTrigger</name>
         <load_address>0x33d0</load_address>
         <run_address>0x33d0</run_address>
         <size>0x18</size>
         <input_file_ref idref="fl-cf"/>
      </object_component>
      <object_component id="oc-130">
         <name>.text:TimerIntRegister</name>
         <load_address>0x33e8</load_address>
         <run_address>0x33e8</run_address>
         <size>0x18</size>
         <input_file_ref idref="fl-d2"/>
      </object_component>
      <object_component id="oc-e0">
         <name>.text:IntUnregister</name>
         <load_address>0x3400</load_address>
         <run_address>0x3400</run_address>
         <size>0x14</size>
         <input_file_ref idref="fl-d1"/>
      </object_component>
      <object_component id="oc-11e">
         <name>.text:TimerLoadSet</name>
         <load_address>0x3414</load_address>
         <run_address>0x3414</run_address>
         <size>0x12</size>
         <input_file_ref idref="fl-d2"/>
      </object_component>
      <object_component id="oc-124">
         <name>.text:IntMasterEnable</name>
         <load_address>0x3426</load_address>
         <run_address>0x3426</run_address>
         <size>0x10</size>
         <input_file_ref idref="fl-d1"/>
      </object_component>
      <object_component id="oc-142">
         <name>.text:ADCSequenceEnable</name>
         <load_address>0x3436</load_address>
         <run_address>0x3436</run_address>
         <size>0xe</size>
         <input_file_ref idref="fl-cf"/>
      </object_component>
      <object_component id="oc-157">
         <name>.text:TimerEnable</name>
         <load_address>0x3444</load_address>
         <run_address>0x3444</run_address>
         <size>0xe</size>
         <input_file_ref idref="fl-d2"/>
      </object_component>
      <object_component id="oc-1b">
         <name>.text:decompress:none:__TI_decompress_none</name>
         <load_address>0x3452</load_address>
         <run_address>0x3452</run_address>
         <size>0xe</size>
         <input_file_ref idref="fl-c4"/>
      </object_component>
      <object_component id="oc-1ef">
         <name>.text:CPUcpsie</name>
         <load_address>0x3460</load_address>
         <run_address>0x3460</run_address>
         <size>0xc</size>
         <input_file_ref idref="fl-d0"/>
      </object_component>
      <object_component id="oc-27">
         <name>.text</name>
         <load_address>0x346c</load_address>
         <run_address>0x346c</run_address>
         <size>0xc</size>
         <input_file_ref idref="fl-4"/>
      </object_component>
      <object_component id="oc-e6">
         <name>.text:ADCIntClear</name>
         <load_address>0x3478</load_address>
         <run_address>0x3478</run_address>
         <size>0xa</size>
         <input_file_ref idref="fl-cf"/>
      </object_component>
      <object_component id="oc-12a">
         <name>.text:TimerIntEnable</name>
         <load_address>0x3482</load_address>
         <run_address>0x3482</run_address>
         <size>0x8</size>
         <input_file_ref idref="fl-d2"/>
      </object_component>
      <object_component id="oc-151">
         <name>.text:SysCtlDelay</name>
         <load_address>0x348a</load_address>
         <run_address>0x348a</run_address>
         <size>0x6</size>
         <input_file_ref idref="fl-2"/>
      </object_component>
      <object_component id="oc-1d9">
         <name>.text:CPUwfi</name>
         <load_address>0x3490</load_address>
         <run_address>0x3490</run_address>
         <size>0x4</size>
         <input_file_ref idref="fl-d0"/>
      </object_component>
      <object_component id="oc-148">
         <name>.text:TimerIntClear</name>
         <load_address>0x3494</load_address>
         <run_address>0x3494</run_address>
         <size>0x4</size>
         <input_file_ref idref="fl-d2"/>
      </object_component>
      <object_component id="oc-95">
         <name>.text:_system_pre_init</name>
         <load_address>0x3498</load_address>
         <run_address>0x3498</run_address>
         <size>0x4</size>
         <input_file_ref idref="fl-ca"/>
      </object_component>
      <object_component id="oc-163">
         <name>.text:abort:abort</name>
         <load_address>0x349c</load_address>
         <run_address>0x349c</run_address>
         <size>0x4</size>
         <input_file_ref idref="fl-cc"/>
      </object_component>
      <object_component id="oc-1e5">
         <name>.const:g_pppui32XTALtoVCO</name>
         <load_address>0x34a0</load_address>
         <run_address>0x34a0</run_address>
         <size>0x1b0</size>
         <input_file_ref idref="fl-2"/>
      </object_component>
      <object_component id="oc-1d0">
         <name>.const:g_ppui32GPIOIntMapSnowflake</name>
         <load_address>0x3650</load_address>
         <run_address>0x3650</run_address>
         <size>0xd8</size>
         <input_file_ref idref="fl-2"/>
      </object_component>
      <object_component id="oc-1cd">
         <name>.const:g_ppui32GPIOIntMapBlizzard</name>
         <load_address>0x3728</load_address>
         <run_address>0x3728</run_address>
         <size>0xc0</size>
         <input_file_ref idref="fl-2"/>
      </object_component>
      <object_component id="oc-1d3">
         <name>.const:g_pui32GPIOBaseAddrs</name>
         <load_address>0x37e8</load_address>
         <run_address>0x37e8</run_address>
         <size>0x90</size>
         <input_file_ref idref="fl-2"/>
      </object_component>
      <object_component id="oc-1df">
         <name>.const:g_pui32Xtals</name>
         <load_address>0x3878</load_address>
         <run_address>0x3878</run_address>
         <size>0x6c</size>
         <input_file_ref idref="fl-2"/>
      </object_component>
      <object_component id="oc-250">
         <name>.const:g_ppui32TimerIntMap</name>
         <load_address>0x38e4</load_address>
         <run_address>0x38e4</run_address>
         <size>0x60</size>
         <input_file_ref idref="fl-d2"/>
      </object_component>
      <object_component id="oc-253">
         <name>.const:g_ppui32TimerIntMapSnowflake</name>
         <load_address>0x3944</load_address>
         <run_address>0x3944</run_address>
         <size>0x40</size>
         <input_file_ref idref="fl-d2"/>
      </object_component>
      <object_component id="oc-c8">
         <name>.const:g_ppui32UARTIntMap</name>
         <load_address>0x3984</load_address>
         <run_address>0x3984</run_address>
         <size>0x40</size>
         <input_file_ref idref="fl-3"/>
      </object_component>
      <object_component id="oc-cb">
         <name>.const:g_ppui32UARTIntMapSnowflake</name>
         <load_address>0x39c4</load_address>
         <run_address>0x39c4</run_address>
         <size>0x40</size>
         <input_file_ref idref="fl-3"/>
      </object_component>
      <object_component id="oc-1d6">
         <name>.const:g_sXTALtoMEMTIM</name>
         <load_address>0x3a04</load_address>
         <run_address>0x3a04</run_address>
         <size>0x30</size>
         <input_file_ref idref="fl-2"/>
      </object_component>
      <object_component id="oc-1b9">
         <name>.const:g_pui32Dii16Regs</name>
         <load_address>0x3a34</load_address>
         <run_address>0x3a34</run_address>
         <size>0x14</size>
         <input_file_ref idref="fl-d1"/>
      </object_component>
      <object_component id="oc-1b5">
         <name>.const:g_pui32EnRegs</name>
         <load_address>0x3a48</load_address>
         <run_address>0x3a48</run_address>
         <size>0x14</size>
         <input_file_ref idref="fl-d1"/>
      </object_component>
      <object_component id="oc-1e2">
         <name>.const:g_pui32VCOFrequencies</name>
         <load_address>0x3a5c</load_address>
         <run_address>0x3a5c</run_address>
         <size>0x8</size>
         <input_file_ref idref="fl-2"/>
      </object_component>
      <object_component id="oc-2b9">
         <name>__TI_handler_table</name>
         <load_address>0x3a68</load_address>
         <run_address>0x3a68</run_address>
         <size>0xc</size>
      </object_component>
      <object_component id="oc-2bd">
         <name>.cinit..bss.load</name>
         <load_address>0x3a78</load_address>
         <run_address>0x3a78</run_address>
         <size>0x8</size>
      </object_component>
      <object_component id="oc-2bb">
         <name>.cinit..vtable.load</name>
         <load_address>0x3a80</load_address>
         <run_address>0x3a80</run_address>
         <size>0x8</size>
      </object_component>
      <object_component id="oc-2bc">
         <name>.cinit..data.load</name>
         <load_address>0x3a88</load_address>
         <run_address>0x3a88</run_address>
         <size>0x7</size>
      </object_component>
      <object_component id="oc-2ba">
         <name>__TI_cinit_table</name>
         <load_address>0x3a90</load_address>
         <run_address>0x3a90</run_address>
         <size>0x18</size>
      </object_component>
      <object_component id="oc-1ab">
         <name>.vtable</name>
         <uninitialized>true</uninitialized>
         <run_address>0x20000000</run_address>
         <size>0x26c</size>
         <input_file_ref idref="fl-d1"/>
      </object_component>
      <object_component id="oc-1e8">
         <name>.data</name>
         <load_address>0x2000047c</load_address>
         <run_address>0x2000047c</run_address>
         <size>0x4</size>
         <input_file_ref idref="fl-2"/>
      </object_component>
      <object_component id="oc-14e">
         <name>.data</name>
         <load_address>0x20000480</load_address>
         <run_address>0x20000480</run_address>
         <size>0x4</size>
         <input_file_ref idref="fl-3"/>
      </object_component>
      <object_component id="oc-156">
         <name>.common:saat</name>
         <uninitialized>true</uninitialized>
         <run_address>0x20000474</run_address>
         <size>0x4</size>
      </object_component>
      <object_component id="oc-155">
         <name>.common:dakika</name>
         <uninitialized>true</uninitialized>
         <run_address>0x20000470</run_address>
         <size>0x4</size>
      </object_component>
      <object_component id="oc-152">
         <name>.common:saniye</name>
         <uninitialized>true</uninitialized>
         <run_address>0x20000478</run_address>
         <size>0x4</size>
      </object_component>
      <object_component id="oc-24">
         <name>.stack</name>
         <uninitialized>true</uninitialized>
         <run_address>0x20000270</run_address>
         <size>0x4</size>
         <input_file_ref idref="fl-c6"/>
      </object_component>
      <object_component id="oc-2bf">
         <name>.stack</name>
         <uninitialized>true</uninitialized>
         <run_address>0x20000270</run_address>
         <size>0x0</size>
      </object_component>
      <object_component id="oc-b7">
         <name>.debug_info</name>
         <load_address>0x0</load_address>
         <run_address>0x0</run_address>
         <size>0x3d7</size>
         <input_file_ref idref="fl-2"/>
      </object_component>
      <object_component id="oc-1ce">
         <name>.debug_info</name>
         <load_address>0x3d7</load_address>
         <run_address>0x3d7</run_address>
         <size>0xe3</size>
         <input_file_ref idref="fl-2"/>
      </object_component>
      <object_component id="oc-1d1">
         <name>.debug_info</name>
         <load_address>0x4ba</load_address>
         <run_address>0x4ba</run_address>
         <size>0xe5</size>
         <input_file_ref idref="fl-2"/>
      </object_component>
      <object_component id="oc-1d4">
         <name>.debug_info</name>
         <load_address>0x59f</load_address>
         <run_address>0x59f</run_address>
         <size>0xd7</size>
         <input_file_ref idref="fl-2"/>
      </object_component>
      <object_component id="oc-1e0">
         <name>.debug_info</name>
         <load_address>0x676</load_address>
         <run_address>0x676</run_address>
         <size>0xc7</size>
         <input_file_ref idref="fl-2"/>
      </object_component>
      <object_component id="oc-1e6">
         <name>.debug_info</name>
         <load_address>0x73d</load_address>
         <run_address>0x73d</run_address>
         <size>0xd3</size>
         <input_file_ref idref="fl-2"/>
      </object_component>
      <object_component id="oc-1d7">
         <name>.debug_info</name>
         <load_address>0x810</load_address>
         <run_address>0x810</run_address>
         <size>0xcd</size>
         <input_file_ref idref="fl-2"/>
      </object_component>
      <object_component id="oc-1e3">
         <name>.debug_info</name>
         <load_address>0x8dd</load_address>
         <run_address>0x8dd</run_address>
         <size>0xda</size>
         <input_file_ref idref="fl-2"/>
      </object_component>
      <object_component id="oc-1e9">
         <name>.debug_info</name>
         <load_address>0x9b7</load_address>
         <run_address>0x9b7</run_address>
         <size>0xc8</size>
         <input_file_ref idref="fl-2"/>
      </object_component>
      <object_component id="oc-114">
         <name>.debug_info</name>
         <load_address>0xa7f</load_address>
         <run_address>0xa7f</run_address>
         <size>0x7f1b</size>
         <input_file_ref idref="fl-2"/>
      </object_component>
      <object_component id="oc-1a3">
         <name>.debug_info</name>
         <load_address>0x899a</load_address>
         <run_address>0x899a</run_address>
         <size>0x51</size>
         <input_file_ref idref="fl-2"/>
      </object_component>
      <object_component id="oc-70">
         <name>.debug_info</name>
         <load_address>0x89eb</load_address>
         <run_address>0x89eb</run_address>
         <size>0x26b</size>
         <input_file_ref idref="fl-2"/>
      </object_component>
      <object_component id="oc-b2">
         <name>.debug_info</name>
         <load_address>0x8c56</load_address>
         <run_address>0x8c56</run_address>
         <size>0x8b</size>
         <input_file_ref idref="fl-2"/>
      </object_component>
      <object_component id="oc-ad">
         <name>.debug_info</name>
         <load_address>0x8ce1</load_address>
         <run_address>0x8ce1</run_address>
         <size>0x2a4</size>
         <input_file_ref idref="fl-2"/>
      </object_component>
      <object_component id="oc-15e">
         <name>.debug_info</name>
         <load_address>0x8f85</load_address>
         <run_address>0x8f85</run_address>
         <size>0xef</size>
         <input_file_ref idref="fl-2"/>
      </object_component>
      <object_component id="oc-75">
         <name>.debug_info</name>
         <load_address>0x9074</load_address>
         <run_address>0x9074</run_address>
         <size>0xbb</size>
         <input_file_ref idref="fl-2"/>
      </object_component>
      <object_component id="oc-153">
         <name>.debug_info</name>
         <load_address>0x912f</load_address>
         <run_address>0x912f</run_address>
         <size>0x898</size>
         <input_file_ref idref="fl-3"/>
      </object_component>
      <object_component id="oc-c9">
         <name>.debug_info</name>
         <load_address>0x99c7</load_address>
         <run_address>0x99c7</run_address>
         <size>0xd4</size>
         <input_file_ref idref="fl-3"/>
      </object_component>
      <object_component id="oc-cc">
         <name>.debug_info</name>
         <load_address>0x9a9b</load_address>
         <run_address>0x9a9b</run_address>
         <size>0xe6</size>
         <input_file_ref idref="fl-3"/>
      </object_component>
      <object_component id="oc-14f">
         <name>.debug_info</name>
         <load_address>0x9b81</load_address>
         <run_address>0x9b81</run_address>
         <size>0xb9</size>
         <input_file_ref idref="fl-3"/>
      </object_component>
      <object_component id="oc-9c">
         <name>.debug_info</name>
         <load_address>0x9c3a</load_address>
         <run_address>0x9c3a</run_address>
         <size>0x3f24</size>
         <input_file_ref idref="fl-3"/>
      </object_component>
      <object_component id="oc-2f">
         <name>.debug_info</name>
         <load_address>0xdb5e</load_address>
         <run_address>0xdb5e</run_address>
         <size>0x29e</size>
         <input_file_ref idref="fl-4"/>
      </object_component>
      <object_component id="oc-13">
         <name>.debug_info</name>
         <load_address>0xddfc</load_address>
         <run_address>0xddfc</run_address>
         <size>0xdd</size>
         <input_file_ref idref="fl-4"/>
      </object_component>
      <object_component id="oc-28">
         <name>.debug_info</name>
         <load_address>0xded9</load_address>
         <run_address>0xded9</run_address>
         <size>0x259</size>
         <input_file_ref idref="fl-4"/>
      </object_component>
      <object_component id="oc-36">
         <name>.debug_info</name>
         <load_address>0xe132</load_address>
         <run_address>0xe132</run_address>
         <size>0x84</size>
         <input_file_ref idref="fl-4"/>
      </object_component>
      <object_component id="oc-109">
         <name>.debug_info</name>
         <load_address>0xe1b6</load_address>
         <run_address>0xe1b6</run_address>
         <size>0x13a</size>
         <input_file_ref idref="fl-bf"/>
      </object_component>
      <object_component id="oc-104">
         <name>.debug_info</name>
         <load_address>0xe2f0</load_address>
         <run_address>0xe2f0</run_address>
         <size>0x13a</size>
         <input_file_ref idref="fl-c0"/>
      </object_component>
      <object_component id="oc-10e">
         <name>.debug_info</name>
         <load_address>0xe42a</load_address>
         <run_address>0xe42a</run_address>
         <size>0x12e</size>
         <input_file_ref idref="fl-c1"/>
      </object_component>
      <object_component id="oc-100">
         <name>.debug_info</name>
         <load_address>0xe558</load_address>
         <run_address>0xe558</run_address>
         <size>0x12e</size>
         <input_file_ref idref="fl-c2"/>
      </object_component>
      <object_component id="oc-8e">
         <name>.debug_info</name>
         <load_address>0xe686</load_address>
         <run_address>0xe686</run_address>
         <size>0x2d4</size>
         <input_file_ref idref="fl-c3"/>
      </object_component>
      <object_component id="oc-4b">
         <name>.debug_info</name>
         <load_address>0xe95a</load_address>
         <run_address>0xe95a</run_address>
         <size>0x1d2</size>
         <input_file_ref idref="fl-c3"/>
      </object_component>
      <object_component id="oc-89">
         <name>.debug_info</name>
         <load_address>0xeb2c</load_address>
         <run_address>0xeb2c</run_address>
         <size>0x46</size>
         <input_file_ref idref="fl-c3"/>
      </object_component>
      <object_component id="oc-bf">
         <name>.debug_info</name>
         <load_address>0xeb72</load_address>
         <run_address>0xeb72</run_address>
         <size>0x2c</size>
         <input_file_ref idref="fl-c3"/>
      </object_component>
      <object_component id="oc-46">
         <name>.debug_info</name>
         <load_address>0xeb9e</load_address>
         <run_address>0xeb9e</run_address>
         <size>0x2a8</size>
         <input_file_ref idref="fl-c4"/>
      </object_component>
      <object_component id="oc-1c">
         <name>.debug_info</name>
         <load_address>0xee46</load_address>
         <run_address>0xee46</run_address>
         <size>0x1ea</size>
         <input_file_ref idref="fl-c4"/>
      </object_component>
      <object_component id="oc-41">
         <name>.debug_info</name>
         <load_address>0xf030</load_address>
         <run_address>0xf030</run_address>
         <size>0x46</size>
         <input_file_ref idref="fl-c4"/>
      </object_component>
      <object_component id="oc-81">
         <name>.debug_info</name>
         <load_address>0xf076</load_address>
         <run_address>0xf076</run_address>
         <size>0x2c</size>
         <input_file_ref idref="fl-c4"/>
      </object_component>
      <object_component id="oc-7f">
         <name>.debug_info</name>
         <load_address>0xf0a2</load_address>
         <run_address>0xf0a2</run_address>
         <size>0x29e</size>
         <input_file_ref idref="fl-c5"/>
      </object_component>
      <object_component id="oc-16">
         <name>.debug_info</name>
         <load_address>0xf340</load_address>
         <run_address>0xf340</run_address>
         <size>0x250</size>
         <input_file_ref idref="fl-c5"/>
      </object_component>
      <object_component id="oc-31">
         <name>.debug_info</name>
         <load_address>0xf590</load_address>
         <run_address>0xf590</run_address>
         <size>0x60</size>
         <input_file_ref idref="fl-c5"/>
      </object_component>
      <object_component id="oc-b8">
         <name>.debug_info</name>
         <load_address>0xf5f0</load_address>
         <run_address>0xf5f0</run_address>
         <size>0x46</size>
         <input_file_ref idref="fl-c5"/>
      </object_component>
      <object_component id="oc-7a">
         <name>.debug_info</name>
         <load_address>0xf636</load_address>
         <run_address>0xf636</run_address>
         <size>0x39</size>
         <input_file_ref idref="fl-c5"/>
      </object_component>
      <object_component id="oc-25">
         <name>.debug_info</name>
         <load_address>0xf66f</load_address>
         <run_address>0xf66f</run_address>
         <size>0x10b</size>
         <input_file_ref idref="fl-c6"/>
      </object_component>
      <object_component id="oc-5a">
         <name>.debug_info</name>
         <load_address>0xf77a</load_address>
         <run_address>0xf77a</run_address>
         <size>0x1a9</size>
         <input_file_ref idref="fl-c6"/>
      </object_component>
      <object_component id="oc-3c">
         <name>.debug_info</name>
         <load_address>0xf923</load_address>
         <run_address>0xf923</run_address>
         <size>0x119</size>
         <input_file_ref idref="fl-c7"/>
      </object_component>
      <object_component id="oc-212">
         <name>.debug_info</name>
         <load_address>0xfa3c</load_address>
         <run_address>0xfa3c</run_address>
         <size>0x4b3</size>
         <input_file_ref idref="fl-c9"/>
      </object_component>
      <object_component id="oc-172">
         <name>.debug_info</name>
         <load_address>0xfeef</load_address>
         <run_address>0xfeef</run_address>
         <size>0x1a6</size>
         <input_file_ref idref="fl-c9"/>
      </object_component>
      <object_component id="oc-26c">
         <name>.debug_info</name>
         <load_address>0x10095</load_address>
         <run_address>0x10095</run_address>
         <size>0x39</size>
         <input_file_ref idref="fl-c9"/>
      </object_component>
      <object_component id="oc-284">
         <name>.debug_info</name>
         <load_address>0x100ce</load_address>
         <run_address>0x100ce</run_address>
         <size>0x39</size>
         <input_file_ref idref="fl-c9"/>
      </object_component>
      <object_component id="oc-271">
         <name>.debug_info</name>
         <load_address>0x10107</load_address>
         <run_address>0x10107</run_address>
         <size>0x39</size>
         <input_file_ref idref="fl-c9"/>
      </object_component>
      <object_component id="oc-276">
         <name>.debug_info</name>
         <load_address>0x10140</load_address>
         <run_address>0x10140</run_address>
         <size>0xcd</size>
         <input_file_ref idref="fl-c9"/>
      </object_component>
      <object_component id="oc-97">
         <name>.debug_info</name>
         <load_address>0x1020d</load_address>
         <run_address>0x1020d</run_address>
         <size>0x153</size>
         <input_file_ref idref="fl-ca"/>
      </object_component>
      <object_component id="oc-164">
         <name>.debug_info</name>
         <load_address>0x10360</load_address>
         <run_address>0x10360</run_address>
         <size>0x122</size>
         <input_file_ref idref="fl-cc"/>
      </object_component>
      <object_component id="oc-1c5">
         <name>.debug_info</name>
         <load_address>0x10482</load_address>
         <run_address>0x10482</run_address>
         <size>0x3ba</size>
         <input_file_ref idref="fl-cf"/>
      </object_component>
      <object_component id="oc-13d">
         <name>.debug_info</name>
         <load_address>0x1083c</load_address>
         <run_address>0x1083c</run_address>
         <size>0x33c</size>
         <input_file_ref idref="fl-cf"/>
      </object_component>
      <object_component id="oc-143">
         <name>.debug_info</name>
         <load_address>0x10b78</load_address>
         <run_address>0x10b78</run_address>
         <size>0x2a9</size>
         <input_file_ref idref="fl-cf"/>
      </object_component>
      <object_component id="oc-f9">
         <name>.debug_info</name>
         <load_address>0x10e21</load_address>
         <run_address>0x10e21</run_address>
         <size>0x308</size>
         <input_file_ref idref="fl-cf"/>
      </object_component>
      <object_component id="oc-137">
         <name>.debug_info</name>
         <load_address>0x11129</load_address>
         <run_address>0x11129</run_address>
         <size>0x32f</size>
         <input_file_ref idref="fl-cf"/>
      </object_component>
      <object_component id="oc-ed">
         <name>.debug_info</name>
         <load_address>0x11458</load_address>
         <run_address>0x11458</run_address>
         <size>0x2ad</size>
         <input_file_ref idref="fl-cf"/>
      </object_component>
      <object_component id="oc-f3">
         <name>.debug_info</name>
         <load_address>0x11705</load_address>
         <run_address>0x11705</run_address>
         <size>0x2f0</size>
         <input_file_ref idref="fl-cf"/>
      </object_component>
      <object_component id="oc-e7">
         <name>.debug_info</name>
         <load_address>0x119f5</load_address>
         <run_address>0x119f5</run_address>
         <size>0x29d</size>
         <input_file_ref idref="fl-cf"/>
      </object_component>
      <object_component id="oc-230">
         <name>.debug_info</name>
         <load_address>0x11c92</load_address>
         <run_address>0x11c92</run_address>
         <size>0x26b</size>
         <input_file_ref idref="fl-cf"/>
      </object_component>
      <object_component id="oc-229">
         <name>.debug_info</name>
         <load_address>0x11efd</load_address>
         <run_address>0x11efd</run_address>
         <size>0x297</size>
         <input_file_ref idref="fl-cf"/>
      </object_component>
      <object_component id="oc-257">
         <name>.debug_info</name>
         <load_address>0x12194</load_address>
         <run_address>0x12194</run_address>
         <size>0xef</size>
         <input_file_ref idref="fl-cf"/>
      </object_component>
      <object_component id="oc-1af">
         <name>.debug_info</name>
         <load_address>0x12283</load_address>
         <run_address>0x12283</run_address>
         <size>0xbb</size>
         <input_file_ref idref="fl-cf"/>
      </object_component>
      <object_component id="oc-1db">
         <name>.debug_info</name>
         <load_address>0x1233e</load_address>
         <run_address>0x1233e</run_address>
         <size>0x213</size>
         <input_file_ref idref="fl-d0"/>
      </object_component>
      <object_component id="oc-1f2">
         <name>.debug_info</name>
         <load_address>0x12551</load_address>
         <run_address>0x12551</run_address>
         <size>0x21b</size>
         <input_file_ref idref="fl-d0"/>
      </object_component>
      <object_component id="oc-1b4">
         <name>.debug_info</name>
         <load_address>0x1276c</load_address>
         <run_address>0x1276c</run_address>
         <size>0x3b7</size>
         <input_file_ref idref="fl-d1"/>
      </object_component>
      <object_component id="oc-1b6">
         <name>.debug_info</name>
         <load_address>0x12b23</load_address>
         <run_address>0x12b23</run_address>
         <size>0x15b</size>
         <input_file_ref idref="fl-d1"/>
      </object_component>
      <object_component id="oc-1ba">
         <name>.debug_info</name>
         <load_address>0x12c7e</load_address>
         <run_address>0x12c7e</run_address>
         <size>0x161</size>
         <input_file_ref idref="fl-d1"/>
      </object_component>
      <object_component id="oc-1ac">
         <name>.debug_info</name>
         <load_address>0x12ddf</load_address>
         <run_address>0x12ddf</run_address>
         <size>0x160</size>
         <input_file_ref idref="fl-d1"/>
      </object_component>
      <object_component id="oc-1bf">
         <name>.debug_info</name>
         <load_address>0x12f3f</load_address>
         <run_address>0x12f3f</run_address>
         <size>0x22e</size>
         <input_file_ref idref="fl-d1"/>
      </object_component>
      <object_component id="oc-e2">
         <name>.debug_info</name>
         <load_address>0x1316d</load_address>
         <run_address>0x1316d</run_address>
         <size>0x279</size>
         <input_file_ref idref="fl-d1"/>
      </object_component>
      <object_component id="oc-d0">
         <name>.debug_info</name>
         <load_address>0x133e6</load_address>
         <run_address>0x133e6</run_address>
         <size>0x2ca</size>
         <input_file_ref idref="fl-d1"/>
      </object_component>
      <object_component id="oc-126">
         <name>.debug_info</name>
         <load_address>0x136b0</load_address>
         <run_address>0x136b0</run_address>
         <size>0x247</size>
         <input_file_ref idref="fl-d1"/>
      </object_component>
      <object_component id="oc-d6">
         <name>.debug_info</name>
         <load_address>0x138f7</load_address>
         <run_address>0x138f7</run_address>
         <size>0x271</size>
         <input_file_ref idref="fl-d1"/>
      </object_component>
      <object_component id="oc-dc">
         <name>.debug_info</name>
         <load_address>0x13b68</load_address>
         <run_address>0x13b68</run_address>
         <size>0x273</size>
         <input_file_ref idref="fl-d1"/>
      </object_component>
      <object_component id="oc-1ed">
         <name>.debug_info</name>
         <load_address>0x13ddb</load_address>
         <run_address>0x13ddb</run_address>
         <size>0x3c7</size>
         <input_file_ref idref="fl-d2"/>
      </object_component>
      <object_component id="oc-251">
         <name>.debug_info</name>
         <load_address>0x141a2</load_address>
         <run_address>0x141a2</run_address>
         <size>0x163</size>
         <input_file_ref idref="fl-d2"/>
      </object_component>
      <object_component id="oc-254">
         <name>.debug_info</name>
         <load_address>0x14305</load_address>
         <run_address>0x14305</run_address>
         <size>0x175</size>
         <input_file_ref idref="fl-d2"/>
      </object_component>
      <object_component id="oc-122">
         <name>.debug_info</name>
         <load_address>0x1447a</load_address>
         <run_address>0x1447a</run_address>
         <size>0x2c3</size>
         <input_file_ref idref="fl-d2"/>
      </object_component>
      <object_component id="oc-1fb">
         <name>.debug_info</name>
         <load_address>0x1473d</load_address>
         <run_address>0x1473d</run_address>
         <size>0x2f4</size>
         <input_file_ref idref="fl-d2"/>
      </object_component>
      <object_component id="oc-134">
         <name>.debug_info</name>
         <load_address>0x14a31</load_address>
         <run_address>0x14a31</run_address>
         <size>0x2ed</size>
         <input_file_ref idref="fl-d2"/>
      </object_component>
      <object_component id="oc-12e">
         <name>.debug_info</name>
         <load_address>0x14d1e</load_address>
         <run_address>0x14d1e</run_address>
         <size>0x29d</size>
         <input_file_ref idref="fl-d2"/>
      </object_component>
      <object_component id="oc-14c">
         <name>.debug_info</name>
         <load_address>0x14fbb</load_address>
         <run_address>0x14fbb</run_address>
         <size>0x29b</size>
         <input_file_ref idref="fl-d2"/>
      </object_component>
      <object_component id="oc-15b">
         <name>.debug_info</name>
         <load_address>0x15256</load_address>
         <run_address>0x15256</run_address>
         <size>0x288</size>
         <input_file_ref idref="fl-d2"/>
      </object_component>
      <object_component id="oc-11c">
         <name>.debug_info</name>
         <load_address>0x154de</load_address>
         <run_address>0x154de</run_address>
         <size>0x295</size>
         <input_file_ref idref="fl-d2"/>
      </object_component>
      <object_component id="oc-2c0">
         <name>.debug_info</name>
         <load_address>0x15773</load_address>
         <run_address>0x15773</run_address>
         <size>0x90</size>
      </object_component>
      <object_component id="oc-1a2">
         <name>.debug_line</name>
         <load_address>0x0</load_address>
         <run_address>0x0</run_address>
         <size>0xc8</size>
         <input_file_ref idref="fl-2"/>
      </object_component>
      <object_component id="oc-23d">
         <name>.debug_line</name>
         <load_address>0xc8</load_address>
         <run_address>0xc8</run_address>
         <size>0x56</size>
         <input_file_ref idref="fl-2"/>
      </object_component>
      <object_component id="oc-23f">
         <name>.debug_line</name>
         <load_address>0x11e</load_address>
         <run_address>0x11e</run_address>
         <size>0x56</size>
         <input_file_ref idref="fl-2"/>
      </object_component>
      <object_component id="oc-241">
         <name>.debug_line</name>
         <load_address>0x174</load_address>
         <run_address>0x174</run_address>
         <size>0x56</size>
         <input_file_ref idref="fl-2"/>
      </object_component>
      <object_component id="oc-246">
         <name>.debug_line</name>
         <load_address>0x1ca</load_address>
         <run_address>0x1ca</run_address>
         <size>0x58</size>
         <input_file_ref idref="fl-2"/>
      </object_component>
      <object_component id="oc-24a">
         <name>.debug_line</name>
         <load_address>0x222</load_address>
         <run_address>0x222</run_address>
         <size>0x58</size>
         <input_file_ref idref="fl-2"/>
      </object_component>
      <object_component id="oc-243">
         <name>.debug_line</name>
         <load_address>0x27a</load_address>
         <run_address>0x27a</run_address>
         <size>0x58</size>
         <input_file_ref idref="fl-2"/>
      </object_component>
      <object_component id="oc-248">
         <name>.debug_line</name>
         <load_address>0x2d2</load_address>
         <run_address>0x2d2</run_address>
         <size>0x58</size>
         <input_file_ref idref="fl-2"/>
      </object_component>
      <object_component id="oc-24c">
         <name>.debug_line</name>
         <load_address>0x32a</load_address>
         <run_address>0x32a</run_address>
         <size>0x2c</size>
         <input_file_ref idref="fl-2"/>
      </object_component>
      <object_component id="oc-113">
         <name>.debug_line</name>
         <load_address>0x356</load_address>
         <run_address>0x356</run_address>
         <size>0x135f</size>
         <input_file_ref idref="fl-2"/>
      </object_component>
      <object_component id="oc-1a5">
         <name>.debug_line</name>
         <load_address>0x16b5</load_address>
         <run_address>0x16b5</run_address>
         <size>0x58</size>
         <input_file_ref idref="fl-2"/>
      </object_component>
      <object_component id="oc-73">
         <name>.debug_line</name>
         <load_address>0x170d</load_address>
         <run_address>0x170d</run_address>
         <size>0x6f</size>
         <input_file_ref idref="fl-2"/>
      </object_component>
      <object_component id="oc-b5">
         <name>.debug_line</name>
         <load_address>0x177c</load_address>
         <run_address>0x177c</run_address>
         <size>0x20</size>
         <input_file_ref idref="fl-2"/>
      </object_component>
      <object_component id="oc-b0">
         <name>.debug_line</name>
         <load_address>0x179c</load_address>
         <run_address>0x179c</run_address>
         <size>0x73</size>
         <input_file_ref idref="fl-2"/>
      </object_component>
      <object_component id="oc-161">
         <name>.debug_line</name>
         <load_address>0x180f</load_address>
         <run_address>0x180f</run_address>
         <size>0x6f</size>
         <input_file_ref idref="fl-2"/>
      </object_component>
      <object_component id="oc-78">
         <name>.debug_line</name>
         <load_address>0x187e</load_address>
         <run_address>0x187e</run_address>
         <size>0x70</size>
         <input_file_ref idref="fl-2"/>
      </object_component>
      <object_component id="oc-205">
         <name>.debug_line</name>
         <load_address>0x18ee</load_address>
         <run_address>0x18ee</run_address>
         <size>0x142</size>
         <input_file_ref idref="fl-3"/>
      </object_component>
      <object_component id="oc-1a8">
         <name>.debug_line</name>
         <load_address>0x1a30</load_address>
         <run_address>0x1a30</run_address>
         <size>0x56</size>
         <input_file_ref idref="fl-3"/>
      </object_component>
      <object_component id="oc-1aa">
         <name>.debug_line</name>
         <load_address>0x1a86</load_address>
         <run_address>0x1a86</run_address>
         <size>0x56</size>
         <input_file_ref idref="fl-3"/>
      </object_component>
      <object_component id="oc-203">
         <name>.debug_line</name>
         <load_address>0x1adc</load_address>
         <run_address>0x1adc</run_address>
         <size>0x2d</size>
         <input_file_ref idref="fl-3"/>
      </object_component>
      <object_component id="oc-9f">
         <name>.debug_line</name>
         <load_address>0x1b09</load_address>
         <run_address>0x1b09</run_address>
         <size>0x7e9</size>
         <input_file_ref idref="fl-3"/>
      </object_component>
      <object_component id="oc-6f">
         <name>.debug_line</name>
         <load_address>0x22f2</load_address>
         <run_address>0x22f2</run_address>
         <size>0x41</size>
         <input_file_ref idref="fl-4"/>
      </object_component>
      <object_component id="oc-2e">
         <name>.debug_line</name>
         <load_address>0x2333</load_address>
         <run_address>0x2333</run_address>
         <size>0x41</size>
         <input_file_ref idref="fl-4"/>
      </object_component>
      <object_component id="oc-2b">
         <name>.debug_line</name>
         <load_address>0x2374</load_address>
         <run_address>0x2374</run_address>
         <size>0xa1</size>
         <input_file_ref idref="fl-4"/>
      </object_component>
      <object_component id="oc-39">
         <name>.debug_line</name>
         <load_address>0x2415</load_address>
         <run_address>0x2415</run_address>
         <size>0x20</size>
         <input_file_ref idref="fl-4"/>
      </object_component>
      <object_component id="oc-10c">
         <name>.debug_line</name>
         <load_address>0x2435</load_address>
         <run_address>0x2435</run_address>
         <size>0xa8</size>
         <input_file_ref idref="fl-bf"/>
      </object_component>
      <object_component id="oc-107">
         <name>.debug_line</name>
         <load_address>0x24dd</load_address>
         <run_address>0x24dd</run_address>
         <size>0x8e</size>
         <input_file_ref idref="fl-c0"/>
      </object_component>
      <object_component id="oc-111">
         <name>.debug_line</name>
         <load_address>0x256b</load_address>
         <run_address>0x256b</run_address>
         <size>0x5a</size>
         <input_file_ref idref="fl-c1"/>
      </object_component>
      <object_component id="oc-102">
         <name>.debug_line</name>
         <load_address>0x25c5</load_address>
         <run_address>0x25c5</run_address>
         <size>0x4c</size>
         <input_file_ref idref="fl-c2"/>
      </object_component>
      <object_component id="oc-c5">
         <name>.debug_line</name>
         <load_address>0x2611</load_address>
         <run_address>0x2611</run_address>
         <size>0x92</size>
         <input_file_ref idref="fl-c3"/>
      </object_component>
      <object_component id="oc-4a">
         <name>.debug_line</name>
         <load_address>0x26a3</load_address>
         <run_address>0x26a3</run_address>
         <size>0x4c</size>
         <input_file_ref idref="fl-c3"/>
      </object_component>
      <object_component id="oc-8c">
         <name>.debug_line</name>
         <load_address>0x26ef</load_address>
         <run_address>0x26ef</run_address>
         <size>0x34</size>
         <input_file_ref idref="fl-c3"/>
      </object_component>
      <object_component id="oc-c2">
         <name>.debug_line</name>
         <load_address>0x2723</load_address>
         <run_address>0x2723</run_address>
         <size>0x92</size>
         <input_file_ref idref="fl-c3"/>
      </object_component>
      <object_component id="oc-87">
         <name>.debug_line</name>
         <load_address>0x27b5</load_address>
         <run_address>0x27b5</run_address>
         <size>0x20</size>
         <input_file_ref idref="fl-c4"/>
      </object_component>
      <object_component id="oc-1f">
         <name>.debug_line</name>
         <load_address>0x27d5</load_address>
         <run_address>0x27d5</run_address>
         <size>0x55</size>
         <input_file_ref idref="fl-c4"/>
      </object_component>
      <object_component id="oc-44">
         <name>.debug_line</name>
         <load_address>0x282a</load_address>
         <run_address>0x282a</run_address>
         <size>0x3a</size>
         <input_file_ref idref="fl-c4"/>
      </object_component>
      <object_component id="oc-84">
         <name>.debug_line</name>
         <load_address>0x2864</load_address>
         <run_address>0x2864</run_address>
         <size>0x92</size>
         <input_file_ref idref="fl-c4"/>
      </object_component>
      <object_component id="oc-be">
         <name>.debug_line</name>
         <load_address>0x28f6</load_address>
         <run_address>0x28f6</run_address>
         <size>0x20</size>
         <input_file_ref idref="fl-c5"/>
      </object_component>
      <object_component id="oc-19">
         <name>.debug_line</name>
         <load_address>0x2916</load_address>
         <run_address>0x2916</run_address>
         <size>0xa9</size>
         <input_file_ref idref="fl-c5"/>
      </object_component>
      <object_component id="oc-34">
         <name>.debug_line</name>
         <load_address>0x29bf</load_address>
         <run_address>0x29bf</run_address>
         <size>0x3a</size>
         <input_file_ref idref="fl-c5"/>
      </object_component>
      <object_component id="oc-bb">
         <name>.debug_line</name>
         <load_address>0x29f9</load_address>
         <run_address>0x29f9</run_address>
         <size>0x9a</size>
         <input_file_ref idref="fl-c5"/>
      </object_component>
      <object_component id="oc-7d">
         <name>.debug_line</name>
         <load_address>0x2a93</load_address>
         <run_address>0x2a93</run_address>
         <size>0x96</size>
         <input_file_ref idref="fl-c5"/>
      </object_component>
      <object_component id="oc-6c">
         <name>.debug_line</name>
         <load_address>0x2b29</load_address>
         <run_address>0x2b29</run_address>
         <size>0x33</size>
         <input_file_ref idref="fl-c6"/>
      </object_component>
      <object_component id="oc-5d">
         <name>.debug_line</name>
         <load_address>0x2b5c</load_address>
         <run_address>0x2b5c</run_address>
         <size>0x45</size>
         <input_file_ref idref="fl-c6"/>
      </object_component>
      <object_component id="oc-3f">
         <name>.debug_line</name>
         <load_address>0x2ba1</load_address>
         <run_address>0x2ba1</run_address>
         <size>0x88</size>
         <input_file_ref idref="fl-c7"/>
      </object_component>
      <object_component id="oc-26b">
         <name>.debug_line</name>
         <load_address>0x2c29</load_address>
         <run_address>0x2c29</run_address>
         <size>0xbf</size>
         <input_file_ref idref="fl-c9"/>
      </object_component>
      <object_component id="oc-174">
         <name>.debug_line</name>
         <load_address>0x2ce8</load_address>
         <run_address>0x2ce8</run_address>
         <size>0x6f</size>
         <input_file_ref idref="fl-c9"/>
      </object_component>
      <object_component id="oc-26f">
         <name>.debug_line</name>
         <load_address>0x2d57</load_address>
         <run_address>0x2d57</run_address>
         <size>0x2e</size>
         <input_file_ref idref="fl-c9"/>
      </object_component>
      <object_component id="oc-287">
         <name>.debug_line</name>
         <load_address>0x2d85</load_address>
         <run_address>0x2d85</run_address>
         <size>0x9a</size>
         <input_file_ref idref="fl-c9"/>
      </object_component>
      <object_component id="oc-274">
         <name>.debug_line</name>
         <load_address>0x2e1f</load_address>
         <run_address>0x2e1f</run_address>
         <size>0x97</size>
         <input_file_ref idref="fl-c9"/>
      </object_component>
      <object_component id="oc-279">
         <name>.debug_line</name>
         <load_address>0x2eb6</load_address>
         <run_address>0x2eb6</run_address>
         <size>0x93</size>
         <input_file_ref idref="fl-c9"/>
      </object_component>
      <object_component id="oc-99">
         <name>.debug_line</name>
         <load_address>0x2f49</load_address>
         <run_address>0x2f49</run_address>
         <size>0x40</size>
         <input_file_ref idref="fl-ca"/>
      </object_component>
      <object_component id="oc-168">
         <name>.debug_line</name>
         <load_address>0x2f89</load_address>
         <run_address>0x2f89</run_address>
         <size>0x3c</size>
         <input_file_ref idref="fl-cc"/>
      </object_component>
      <object_component id="oc-23b">
         <name>.debug_line</name>
         <load_address>0x2fc5</load_address>
         <run_address>0x2fc5</run_address>
         <size>0x82</size>
         <input_file_ref idref="fl-cf"/>
      </object_component>
      <object_component id="oc-141">
         <name>.debug_line</name>
         <load_address>0x3047</load_address>
         <run_address>0x3047</run_address>
         <size>0xa7</size>
         <input_file_ref idref="fl-cf"/>
      </object_component>
      <object_component id="oc-147">
         <name>.debug_line</name>
         <load_address>0x30ee</load_address>
         <run_address>0x30ee</run_address>
         <size>0x91</size>
         <input_file_ref idref="fl-cf"/>
      </object_component>
      <object_component id="oc-fc">
         <name>.debug_line</name>
         <load_address>0x317f</load_address>
         <run_address>0x317f</run_address>
         <size>0x9c</size>
         <input_file_ref idref="fl-cf"/>
      </object_component>
      <object_component id="oc-13a">
         <name>.debug_line</name>
         <load_address>0x321b</load_address>
         <run_address>0x321b</run_address>
         <size>0xa4</size>
         <input_file_ref idref="fl-cf"/>
      </object_component>
      <object_component id="oc-f1">
         <name>.debug_line</name>
         <load_address>0x32bf</load_address>
         <run_address>0x32bf</run_address>
         <size>0x91</size>
         <input_file_ref idref="fl-cf"/>
      </object_component>
      <object_component id="oc-f6">
         <name>.debug_line</name>
         <load_address>0x3350</load_address>
         <run_address>0x3350</run_address>
         <size>0x9b</size>
         <input_file_ref idref="fl-cf"/>
      </object_component>
      <object_component id="oc-ea">
         <name>.debug_line</name>
         <load_address>0x33eb</load_address>
         <run_address>0x33eb</run_address>
         <size>0x91</size>
         <input_file_ref idref="fl-cf"/>
      </object_component>
      <object_component id="oc-233">
         <name>.debug_line</name>
         <load_address>0x347c</load_address>
         <run_address>0x347c</run_address>
         <size>0x71</size>
         <input_file_ref idref="fl-cf"/>
      </object_component>
      <object_component id="oc-22c">
         <name>.debug_line</name>
         <load_address>0x34ed</load_address>
         <run_address>0x34ed</run_address>
         <size>0x75</size>
         <input_file_ref idref="fl-cf"/>
      </object_component>
      <object_component id="oc-25a">
         <name>.debug_line</name>
         <load_address>0x3562</load_address>
         <run_address>0x3562</run_address>
         <size>0x71</size>
         <input_file_ref idref="fl-cf"/>
      </object_component>
      <object_component id="oc-1b2">
         <name>.debug_line</name>
         <load_address>0x35d3</load_address>
         <run_address>0x35d3</run_address>
         <size>0x72</size>
         <input_file_ref idref="fl-cf"/>
      </object_component>
      <object_component id="oc-1da">
         <name>.debug_line</name>
         <load_address>0x3645</load_address>
         <run_address>0x3645</run_address>
         <size>0x8e</size>
         <input_file_ref idref="fl-d0"/>
      </object_component>
      <object_component id="oc-1f1">
         <name>.debug_line</name>
         <load_address>0x36d3</load_address>
         <run_address>0x36d3</run_address>
         <size>0x91</size>
         <input_file_ref idref="fl-d0"/>
      </object_component>
      <object_component id="oc-22f">
         <name>.debug_line</name>
         <load_address>0x3764</load_address>
         <run_address>0x3764</run_address>
         <size>0x7c</size>
         <input_file_ref idref="fl-d1"/>
      </object_component>
      <object_component id="oc-236">
         <name>.debug_line</name>
         <load_address>0x37e0</load_address>
         <run_address>0x37e0</run_address>
         <size>0x82</size>
         <input_file_ref idref="fl-d1"/>
      </object_component>
      <object_component id="oc-238">
         <name>.debug_line</name>
         <load_address>0x3862</load_address>
         <run_address>0x3862</run_address>
         <size>0x82</size>
         <input_file_ref idref="fl-d1"/>
      </object_component>
      <object_component id="oc-228">
         <name>.debug_line</name>
         <load_address>0x38e4</load_address>
         <run_address>0x38e4</run_address>
         <size>0x82</size>
         <input_file_ref idref="fl-d1"/>
      </object_component>
      <object_component id="oc-1c1">
         <name>.debug_line</name>
         <load_address>0x3966</load_address>
         <run_address>0x3966</run_address>
         <size>0x97</size>
         <input_file_ref idref="fl-d1"/>
      </object_component>
      <object_component id="oc-e4">
         <name>.debug_line</name>
         <load_address>0x39fd</load_address>
         <run_address>0x39fd</run_address>
         <size>0x97</size>
         <input_file_ref idref="fl-d1"/>
      </object_component>
      <object_component id="oc-d2">
         <name>.debug_line</name>
         <load_address>0x3a94</load_address>
         <run_address>0x3a94</run_address>
         <size>0xaf</size>
         <input_file_ref idref="fl-d1"/>
      </object_component>
      <object_component id="oc-129">
         <name>.debug_line</name>
         <load_address>0x3b43</load_address>
         <run_address>0x3b43</run_address>
         <size>0x97</size>
         <input_file_ref idref="fl-d1"/>
      </object_component>
      <object_component id="oc-d9">
         <name>.debug_line</name>
         <load_address>0x3bda</load_address>
         <run_address>0x3bda</run_address>
         <size>0xc2</size>
         <input_file_ref idref="fl-d1"/>
      </object_component>
      <object_component id="oc-de">
         <name>.debug_line</name>
         <load_address>0x3c9c</load_address>
         <run_address>0x3c9c</run_address>
         <size>0xc2</size>
         <input_file_ref idref="fl-d1"/>
      </object_component>
      <object_component id="oc-24e">
         <name>.debug_line</name>
         <load_address>0x3d5e</load_address>
         <run_address>0x3d5e</run_address>
         <size>0x82</size>
         <input_file_ref idref="fl-d2"/>
      </object_component>
      <object_component id="oc-27e">
         <name>.debug_line</name>
         <load_address>0x3de0</load_address>
         <run_address>0x3de0</run_address>
         <size>0x7e</size>
         <input_file_ref idref="fl-d2"/>
      </object_component>
      <object_component id="oc-280">
         <name>.debug_line</name>
         <load_address>0x3e5e</load_address>
         <run_address>0x3e5e</run_address>
         <size>0x7e</size>
         <input_file_ref idref="fl-d2"/>
      </object_component>
      <object_component id="oc-121">
         <name>.debug_line</name>
         <load_address>0x3edc</load_address>
         <run_address>0x3edc</run_address>
         <size>0x9c</size>
         <input_file_ref idref="fl-d2"/>
      </object_component>
      <object_component id="oc-1fa">
         <name>.debug_line</name>
         <load_address>0x3f78</load_address>
         <run_address>0x3f78</run_address>
         <size>0xaf</size>
         <input_file_ref idref="fl-d2"/>
      </object_component>
      <object_component id="oc-132">
         <name>.debug_line</name>
         <load_address>0x4027</load_address>
         <run_address>0x4027</run_address>
         <size>0x9a</size>
         <input_file_ref idref="fl-d2"/>
      </object_component>
      <object_component id="oc-12d">
         <name>.debug_line</name>
         <load_address>0x40c1</load_address>
         <run_address>0x40c1</run_address>
         <size>0x93</size>
         <input_file_ref idref="fl-d2"/>
      </object_component>
      <object_component id="oc-14a">
         <name>.debug_line</name>
         <load_address>0x4154</load_address>
         <run_address>0x4154</run_address>
         <size>0x93</size>
         <input_file_ref idref="fl-d2"/>
      </object_component>
      <object_component id="oc-15a">
         <name>.debug_line</name>
         <load_address>0x41e7</load_address>
         <run_address>0x41e7</run_address>
         <size>0x93</size>
         <input_file_ref idref="fl-d2"/>
      </object_component>
      <object_component id="oc-11b">
         <name>.debug_line</name>
         <load_address>0x427a</load_address>
         <run_address>0x427a</run_address>
         <size>0xb7</size>
         <input_file_ref idref="fl-d2"/>
      </object_component>
      <object_component id="oc-117">
         <name>.debug_frame</name>
         <load_address>0x0</load_address>
         <run_address>0x0</run_address>
         <size>0xbcc</size>
         <input_file_ref idref="fl-2"/>
      </object_component>
      <object_component id="oc-a0">
         <name>.debug_frame</name>
         <load_address>0xbcc</load_address>
         <run_address>0xbcc</run_address>
         <size>0x608</size>
         <input_file_ref idref="fl-3"/>
      </object_component>
      <object_component id="oc-2c">
         <name>.debug_frame</name>
         <load_address>0x11d4</load_address>
         <run_address>0x11d4</run_address>
         <size>0x90</size>
         <input_file_ref idref="fl-4"/>
      </object_component>
      <object_component id="oc-49">
         <name>.debug_frame</name>
         <load_address>0x1264</load_address>
         <run_address>0x1264</run_address>
         <size>0x54</size>
         <input_file_ref idref="fl-c3"/>
      </object_component>
      <object_component id="oc-20">
         <name>.debug_frame</name>
         <load_address>0x12b8</load_address>
         <run_address>0x12b8</run_address>
         <size>0x54</size>
         <input_file_ref idref="fl-c4"/>
      </object_component>
      <object_component id="oc-1a">
         <name>.debug_frame</name>
         <load_address>0x130c</load_address>
         <run_address>0x130c</run_address>
         <size>0x60</size>
         <input_file_ref idref="fl-c5"/>
      </object_component>
      <object_component id="oc-5e">
         <name>.debug_frame</name>
         <load_address>0x136c</load_address>
         <run_address>0x136c</run_address>
         <size>0x50</size>
         <input_file_ref idref="fl-c6"/>
      </object_component>
      <object_component id="oc-171">
         <name>.debug_frame</name>
         <load_address>0x13bc</load_address>
         <run_address>0x13bc</run_address>
         <size>0x5c</size>
         <input_file_ref idref="fl-c9"/>
      </object_component>
      <object_component id="oc-9a">
         <name>.debug_frame</name>
         <load_address>0x1418</load_address>
         <run_address>0x1418</run_address>
         <size>0x54</size>
         <input_file_ref idref="fl-ca"/>
      </object_component>
      <object_component id="oc-167">
         <name>.debug_frame</name>
         <load_address>0x146c</load_address>
         <run_address>0x146c</run_address>
         <size>0x54</size>
         <input_file_ref idref="fl-cc"/>
      </object_component>
      <object_component id="oc-140">
         <name>.debug_frame</name>
         <load_address>0x14c0</load_address>
         <run_address>0x14c0</run_address>
         <size>0x5c</size>
         <input_file_ref idref="fl-cf"/>
      </object_component>
      <object_component id="oc-146">
         <name>.debug_frame</name>
         <load_address>0x151c</load_address>
         <run_address>0x151c</run_address>
         <size>0x54</size>
         <input_file_ref idref="fl-cf"/>
      </object_component>
      <object_component id="oc-fd">
         <name>.debug_frame</name>
         <load_address>0x1570</load_address>
         <run_address>0x1570</run_address>
         <size>0x54</size>
         <input_file_ref idref="fl-cf"/>
      </object_component>
      <object_component id="oc-13b">
         <name>.debug_frame</name>
         <load_address>0x15c4</load_address>
         <run_address>0x15c4</run_address>
         <size>0x60</size>
         <input_file_ref idref="fl-cf"/>
      </object_component>
      <object_component id="oc-f0">
         <name>.debug_frame</name>
         <load_address>0x1624</load_address>
         <run_address>0x1624</run_address>
         <size>0x58</size>
         <input_file_ref idref="fl-cf"/>
      </object_component>
      <object_component id="oc-f7">
         <name>.debug_frame</name>
         <load_address>0x167c</load_address>
         <run_address>0x167c</run_address>
         <size>0x58</size>
         <input_file_ref idref="fl-cf"/>
      </object_component>
      <object_component id="oc-eb">
         <name>.debug_frame</name>
         <load_address>0x16d4</load_address>
         <run_address>0x16d4</run_address>
         <size>0x54</size>
         <input_file_ref idref="fl-cf"/>
      </object_component>
      <object_component id="oc-1de">
         <name>.debug_frame</name>
         <load_address>0x1728</load_address>
         <run_address>0x1728</run_address>
         <size>0x54</size>
         <input_file_ref idref="fl-d0"/>
      </object_component>
      <object_component id="oc-1f0">
         <name>.debug_frame</name>
         <load_address>0x177c</load_address>
         <run_address>0x177c</run_address>
         <size>0x54</size>
         <input_file_ref idref="fl-d0"/>
      </object_component>
      <object_component id="oc-1c2">
         <name>.debug_frame</name>
         <load_address>0x17d0</load_address>
         <run_address>0x17d0</run_address>
         <size>0x54</size>
         <input_file_ref idref="fl-d1"/>
      </object_component>
      <object_component id="oc-e5">
         <name>.debug_frame</name>
         <load_address>0x1824</load_address>
         <run_address>0x1824</run_address>
         <size>0x54</size>
         <input_file_ref idref="fl-d1"/>
      </object_component>
      <object_component id="oc-d3">
         <name>.debug_frame</name>
         <load_address>0x1878</load_address>
         <run_address>0x1878</run_address>
         <size>0x60</size>
         <input_file_ref idref="fl-d1"/>
      </object_component>
      <object_component id="oc-128">
         <name>.debug_frame</name>
         <load_address>0x18d8</load_address>
         <run_address>0x18d8</run_address>
         <size>0x58</size>
         <input_file_ref idref="fl-d1"/>
      </object_component>
      <object_component id="oc-d8">
         <name>.debug_frame</name>
         <load_address>0x1930</load_address>
         <run_address>0x1930</run_address>
         <size>0x54</size>
         <input_file_ref idref="fl-d1"/>
      </object_component>
      <object_component id="oc-df">
         <name>.debug_frame</name>
         <load_address>0x1984</load_address>
         <run_address>0x1984</run_address>
         <size>0x54</size>
         <input_file_ref idref="fl-d1"/>
      </object_component>
      <object_component id="oc-120">
         <name>.debug_frame</name>
         <load_address>0x19d8</load_address>
         <run_address>0x19d8</run_address>
         <size>0x54</size>
         <input_file_ref idref="fl-d2"/>
      </object_component>
      <object_component id="oc-1f9">
         <name>.debug_frame</name>
         <load_address>0x1a2c</load_address>
         <run_address>0x1a2c</run_address>
         <size>0x5c</size>
         <input_file_ref idref="fl-d2"/>
      </object_component>
      <object_component id="oc-133">
         <name>.debug_frame</name>
         <load_address>0x1a88</load_address>
         <run_address>0x1a88</run_address>
         <size>0x5c</size>
         <input_file_ref idref="fl-d2"/>
      </object_component>
      <object_component id="oc-12c">
         <name>.debug_frame</name>
         <load_address>0x1ae4</load_address>
         <run_address>0x1ae4</run_address>
         <size>0x54</size>
         <input_file_ref idref="fl-d2"/>
      </object_component>
      <object_component id="oc-14b">
         <name>.debug_frame</name>
         <load_address>0x1b38</load_address>
         <run_address>0x1b38</run_address>
         <size>0x54</size>
         <input_file_ref idref="fl-d2"/>
      </object_component>
      <object_component id="oc-159">
         <name>.debug_frame</name>
         <load_address>0x1b8c</load_address>
         <run_address>0x1b8c</run_address>
         <size>0x54</size>
         <input_file_ref idref="fl-d2"/>
      </object_component>
      <object_component id="oc-11a">
         <name>.debug_frame</name>
         <load_address>0x1be0</load_address>
         <run_address>0x1be0</run_address>
         <size>0x58</size>
         <input_file_ref idref="fl-d2"/>
      </object_component>
      <object_component id="oc-1a1">
         <name>.debug_abbrev</name>
         <load_address>0x0</load_address>
         <run_address>0x0</run_address>
         <size>0xb4</size>
         <input_file_ref idref="fl-2"/>
      </object_component>
      <object_component id="oc-23c">
         <name>.debug_abbrev</name>
         <load_address>0xb4</load_address>
         <run_address>0xb4</run_address>
         <size>0x27</size>
         <input_file_ref idref="fl-2"/>
      </object_component>
      <object_component id="oc-23e">
         <name>.debug_abbrev</name>
         <load_address>0xdb</load_address>
         <run_address>0xdb</run_address>
         <size>0x27</size>
         <input_file_ref idref="fl-2"/>
      </object_component>
      <object_component id="oc-240">
         <name>.debug_abbrev</name>
         <load_address>0x102</load_address>
         <run_address>0x102</run_address>
         <size>0x27</size>
         <input_file_ref idref="fl-2"/>
      </object_component>
      <object_component id="oc-245">
         <name>.debug_abbrev</name>
         <load_address>0x129</load_address>
         <run_address>0x129</run_address>
         <size>0x27</size>
         <input_file_ref idref="fl-2"/>
      </object_component>
      <object_component id="oc-249">
         <name>.debug_abbrev</name>
         <load_address>0x150</load_address>
         <run_address>0x150</run_address>
         <size>0x27</size>
         <input_file_ref idref="fl-2"/>
      </object_component>
      <object_component id="oc-242">
         <name>.debug_abbrev</name>
         <load_address>0x177</load_address>
         <run_address>0x177</run_address>
         <size>0x27</size>
         <input_file_ref idref="fl-2"/>
      </object_component>
      <object_component id="oc-247">
         <name>.debug_abbrev</name>
         <load_address>0x19e</load_address>
         <run_address>0x19e</run_address>
         <size>0x27</size>
         <input_file_ref idref="fl-2"/>
      </object_component>
      <object_component id="oc-24b">
         <name>.debug_abbrev</name>
         <load_address>0x1c5</load_address>
         <run_address>0x1c5</run_address>
         <size>0x29</size>
         <input_file_ref idref="fl-2"/>
      </object_component>
      <object_component id="oc-1eb">
         <name>.debug_abbrev</name>
         <load_address>0x1ee</load_address>
         <run_address>0x1ee</run_address>
         <size>0x15b</size>
         <input_file_ref idref="fl-2"/>
      </object_component>
      <object_component id="oc-1a4">
         <name>.debug_abbrev</name>
         <load_address>0x349</load_address>
         <run_address>0x349</run_address>
         <size>0x38</size>
         <input_file_ref idref="fl-2"/>
      </object_component>
[...]
         <object_component_ref idref="oc-112"/>
      </symbol>
      <symbol id="sm-2ab">
         <name>SysCtlPeripheralSleepEnable</name>
         <value>0x119d</value>
         <object_component_ref idref="oc-112"/>
      </symbol>
      <symbol id="sm-2ac">
         <name>SysCtlIntUnregister</name>
         <value>0x1321</value>
         <object_component_ref idref="oc-112"/>
      </symbol>
      <symbol id="sm-2ad">
         <name>GPIOPinTypeTimer</name>
         <value>0xc69</value>
         <object_component_ref idref="oc-112"/>
      </symbol>
      <symbol id="sm-2ae">
         <name>GPIOPinTypeCAN</name>
         <value>0x9db</value>
         <object_component_ref idref="oc-112"/>
      </symbol>
      <symbol id="sm-2af">
         <name>SysCtlUSBPLLDisable</name>
         <value>0x1c6b</value>
         <object_component_ref idref="oc-112"/>
      </symbol>
      <symbol id="sm-2b0">
         <name>lcdkomut</name>
         <value>0x1e09</value>
         <object_component_ref idref="oc-112"/>
      </symbol>
      <symbol id="sm-2b1">
         <name>LCDSaatYaz</name>
         <value>0x20a1</value>
         <object_component_ref idref="oc-112"/>
      </symbol>
      <symbol id="sm-2b2">
         <name>SysCtlPeripheralReady</name>
         <value>0xfd1</value>
         <object_component_ref idref="oc-112"/>
      </symbol>
      <symbol id="sm-2b3">
         <name>SysCtlPIOSCCalibrate</name>
         <value>0x1435</value>
         <object_component_ref idref="oc-112"/>
      </symbol>
      <symbol id="sm-2b4">
         <name>SysCtlResetCauseClear</name>
         <value>0x140b</value>
         <object_component_ref idref="oc-112"/>
      </symbol>
      <symbol id="sm-2b5">
         <name>SysCtlLDOSleepGet</name>
         <value>0x1399</value>
         <object_component_ref idref="oc-112"/>
      </symbol>
      <symbol id="sm-2b6">
         <name>SysCtlClockFreqSet</name>
         <value>0x14e5</value>
         <object_component_ref idref="oc-112"/>
      </symbol>
      <symbol id="sm-2b7">
         <name>SysCtlPeripheralReset</name>
         <value>0x1091</value>
         <object_component_ref idref="oc-112"/>
      </symbol>
      <symbol id="sm-2b8">
         <name>GPIOPinTypeEPI</name>
         <value>0xa6b</value>
         <object_component_ref idref="oc-112"/>
      </symbol>
      <symbol id="sm-2b9">
         <name>GPIOPinTypeEthernetLED</name>
         <value>0xa8f</value>
         <object_component_ref idref="oc-112"/>
      </symbol>
      <symbol id="sm-2ba">
         <name>GPIOUnlockPin</name>
         <value>0xe4f</value>
         <object_component_ref idref="oc-112"/>
      </symbol>
      <symbol id="sm-2bb">
         <name>GPIOPinWakeStatus</name>
         <value>0xd69</value>
         <object_component_ref idref="oc-112"/>
      </symbol>
      <symbol id="sm-36f">
         <name>saat</name>
         <value>0x20000474</value>
      </symbol>
      <symbol id="sm-370">
         <name>dakika</name>
         <value>0x20000470</value>
      </symbol>
      <symbol id="sm-371">
         <name>saniye</name>
         <value>0x20000478</value>
      </symbol>
      <symbol id="sm-372">
         <name>UARTClockSourceGet</name>
         <value>0x26e7</value>
         <object_component_ref idref="oc-9b"/>
      </symbol>
      <symbol id="sm-373">
         <name>UARTCharPutNonBlocking</name>
         <value>0x2559</value>
         <object_component_ref idref="oc-9b"/>
      </symbol>
      <symbol id="sm-374">
         <name>UARTDMAEnable</name>
         <value>0x2681</value>
         <object_component_ref idref="oc-9b"/>
      </symbol>
      <symbol id="sm-375">
         <name>temp</name>
         <value>0x20000480</value>
         <object_component_ref idref="oc-14e"/>
      </symbol>
      <symbol id="sm-376">
         <name>UARTTxIntModeSet</name>
         <value>0x24bd</value>
         <object_component_ref idref="oc-9b"/>
      </symbol>
      <symbol id="sm-377">
         <name>UARTFIFODisable</name>
         <value>0x236b</value>
         <object_component_ref idref="oc-9b"/>
      </symbol>
      <symbol id="sm-378">
         <name>uart_ayari</name>
         <value>0x2bb1</value>
         <object_component_ref idref="oc-9b"/>
      </symbol>
      <symbol id="sm-379">
         <name>UARTIntUnregister</name>
         <value>0x2601</value>
         <object_component_ref idref="oc-9b"/>
      </symbol>
      <symbol id="sm-37a">
         <name>serikesme</name>
         <value>0x2c29</value>
         <object_component_ref idref="oc-9b"/>
      </symbol>
      <symbol id="sm-37b">
         <name>UARTRxErrorClear</name>
         <value>0x26c3</value>
         <object_component_ref idref="oc-9b"/>
      </symbol>
      <symbol id="sm-37c">
         <name>UARTModemControlSet</name>
         <value>0x240d</value>
         <object_component_ref idref="oc-9b"/>
      </symbol>
      <symbol id="sm-37d">
         <name>UARTFlowControlSet</name>
         <value>0x248f</value>
         <object_component_ref idref="oc-9b"/>
      </symbol>
      <symbol id="sm-37e">
         <name>UARTConfigSetExpClk</name>
         <value>0x2245</value>
         <object_component_ref idref="oc-9b"/>
      </symbol>
      <symbol id="sm-37f">
         <name>UARTSmartCardDisable</name>
         <value>0x23f7</value>
         <object_component_ref idref="oc-9b"/>
      </symbol>
      <symbol id="sm-380">
         <name>UARTDisable</name>
         <value>0x232b</value>
         <object_component_ref idref="oc-9b"/>
      </symbol>
      <symbol id="sm-381">
         <name>UART9BitDisable</name>
         <value>0x270d</value>
         <object_component_ref idref="oc-9b"/>
      </symbol>
      <symbol id="sm-382">
         <name>diger_ayar</name>
         <value>0x2bf9</value>
         <object_component_ref idref="oc-9b"/>
      </symbol>
      <symbol id="sm-383">
         <name>UARTFIFOLevelGet</name>
         <value>0x221d</value>
         <object_component_ref idref="oc-9b"/>
      </symbol>
      <symbol id="sm-384">
         <name>UARTBusy</name>
         <value>0x25c5</value>
         <object_component_ref idref="oc-9b"/>
      </symbol>
      <symbol id="sm-385">
         <name>UARTDisableSIR</name>
         <value>0x23af</value>
         <object_component_ref idref="oc-9b"/>
      </symbol>
      <symbol id="sm-386">
         <name>UARTLoopbackEnable</name>
         <value>0x2791</value>
         <object_component_ref idref="oc-9b"/>
      </symbol>
      <symbol id="sm-387">
         <name>UARTIntEnable</name>
         <value>0x2621</value>
         <object_component_ref idref="oc-9b"/>
      </symbol>
      <symbol id="sm-388">
         <name>lcd_command</name>
         <value>0x29d7</value>
         <object_component_ref idref="oc-9b"/>
      </symbol>
      <symbol id="sm-389">
         <name>UARTCharsAvail</name>
         <value>0x24eb</value>
         <object_component_ref idref="oc-9b"/>
      </symbol>
      <symbol id="sm-38a">
         <name>main</name>
         <value>0x27a7</value>
         <object_component_ref idref="oc-9b"/>
      </symbol>
      <symbol id="sm-38b">
         <name>UARTCharGetNonBlocking</name>
         <value>0x2527</value>
         <object_component_ref idref="oc-9b"/>
      </symbol>
      <symbol id="sm-38c">
         <name>UARTClockSourceSet</name>
         <value>0x26d3</value>
         <object_component_ref idref="oc-9b"/>
      </symbol>
      <symbol id="sm-38d">
         <name>UARTTxIntModeGet</name>
         <value>0x24d9</value>
         <object_component_ref idref="oc-9b"/>
      </symbol>
      <symbol id="sm-38e">
         <name>UARTModemStatusGet</name>
         <value>0x247b</value>
         <object_component_ref idref="oc-9b"/>
      </symbol>
      <symbol id="sm-38f">
         <name>delayMs</name>
         <value>0x2b81</value>
         <object_component_ref idref="oc-9b"/>
      </symbol>
      <symbol id="sm-390">
         <name>UARTIntDisable</name>
         <value>0x2639</value>
         <object_component_ref idref="oc-9b"/>
      </symbol>
      <symbol id="sm-391">
         <name>UARTCharPut</name>
         <value>0x257d</value>
         <object_component_ref idref="oc-9b"/>
      </symbol>
      <symbol id="sm-392">
         <name>UARTParityModeSet</name>
         <value>0x21d7</value>
         <object_component_ref idref="oc-9b"/>
      </symbol>
      <symbol id="sm-393">
         <name>UARTRxErrorGet</name>
         <value>0x26b1</value>
         <object_component_ref idref="oc-9b"/>
      </symbol>
      <symbol id="sm-394">
         <name>UARTConfigGetExpClk</name>
         <value>0x22bb</value>
         <object_component_ref idref="oc-9b"/>
      </symbol>
      <symbol id="sm-395">
         <name>UARTEnableSIR</name>
         <value>0x2381</value>
         <object_component_ref idref="oc-9b"/>
      </symbol>
      <symbol id="sm-396">
         <name>UARTEnable</name>
         <value>0x2307</value>
         <object_component_ref idref="oc-9b"/>
      </symbol>
      <symbol id="sm-397">
         <name>UART9BitAddrSend</name>
         <value>0x2749</value>
         <object_component_ref idref="oc-9b"/>
      </symbol>
      <symbol id="sm-398">
         <name>lcd_data</name>
         <value>0x2a47</value>
         <object_component_ref idref="oc-9b"/>
      </symbol>
      <symbol id="sm-399">
         <name>UARTModemControlGet</name>
         <value>0x2469</value>
         <object_component_ref idref="oc-9b"/>
      </symbol>
      <symbol id="sm-39a">
         <name>UARTSmartCardEnable</name>
         <value>0x23c5</value>
         <object_component_ref idref="oc-9b"/>
      </symbol>
      <symbol id="sm-39b">
         <name>UARTFlowControlGet</name>
         <value>0x24ab</value>
         <object_component_ref idref="oc-9b"/>
      </symbol>
      <symbol id="sm-39c">
         <name>UARTFIFOEnable</name>
         <value>0x2355</value>
         <object_component_ref idref="oc-9b"/>
      </symbol>
      <symbol id="sm-39d">
         <name>lcd_print</name>
         <value>0x2ab7</value>
         <object_component_ref idref="oc-9b"/>
      </symbol>
      <symbol id="sm-39e">
         <name>lcd_init</name>
         <value>0x2955</value>
         <object_component_ref idref="oc-9b"/>
      </symbol>
      <symbol id="sm-39f">
         <name>UARTIntClear</name>
         <value>0x266f</value>
         <object_component_ref idref="oc-9b"/>
      </symbol>
      <symbol id="sm-3a0">
         <name>UARTIntStatus</name>
         <value>0x2651</value>
         <object_component_ref idref="oc-9b"/>
      </symbol>
      <symbol id="sm-3a1">
         <name>timerkesmefonksiyonu</name>
         <value>0x28c1</value>
         <object_component_ref idref="oc-9b"/>
      </symbol>
      <symbol id="sm-3a2">
         <name>UARTDMADisable</name>
         <value>0x2699</value>
         <object_component_ref idref="oc-9b"/>
      </symbol>
      <symbol id="sm-3a3">
         <name>format_time</name>
         <value>0x2ae9</value>
         <object_component_ref idref="oc-9b"/>
      </symbol>
      <symbol id="sm-3a4">
         <name>UART9BitEnable</name>
         <value>0x26f7</value>
         <object_component_ref idref="oc-9b"/>
      </symbol>
      <symbol id="sm-3a5">
         <name>UARTSpaceAvail</name>
         <value>0x2509</value>
         <object_component_ref idref="oc-9b"/>
      </symbol>
      <symbol id="sm-3a6">
         <name>UARTCharGet</name>
         <value>0x2543</value>
         <object_component_ref idref="oc-9b"/>
      </symbol>
      <symbol id="sm-3a7">
         <name>UARTFIFOLevelSet</name>
         <value>0x2205</value>
         <object_component_ref idref="oc-9b"/>
      </symbol>
      <symbol id="sm-3a8">
         <name>UARTModemControlClear</name>
         <value>0x2445</value>
         <object_component_ref idref="oc-9b"/>
      </symbol>
      <symbol id="sm-3a9">
         <name>UARTParityModeGet</name>
         <value>0x21f3</value>
         <object_component_ref idref="oc-9b"/>
      </symbol>
      <symbol id="sm-3aa">
         <name>UARTIntRegister</name>
         <value>0x25e3</value>
         <object_component_ref idref="oc-9b"/>
      </symbol>
      <symbol id="sm-3ab">
         <name>UARTBreakCtl</name>
         <value>0x259b</value>
         <object_component_ref idref="oc-9b"/>
      </symbol>
      <symbol id="sm-3ac">
         <name>SetInitSettings</name>
         <value>0x2827</value>
         <object_component_ref idref="oc-9b"/>
      </symbol>
      <symbol id="sm-3ad">
         <name>UART9BitAddrSet</name>
         <value>0x2723</value>
         <object_component_ref idref="oc-9b"/>
      </symbol>
      <symbol id="sm-3ce">
         <name>ResetISR</name>
         <value>0x346d</value>
         <object_component_ref idref="oc-27"/>
      </symbol>
      <symbol id="sm-3cf">
         <name>g_pfnVectors</name>
         <value>0x0</value>
         <object_component_ref idref="oc-12"/>
      </symbol>
      <symbol id="sm-3e3">
         <name>__aeabi_ddiv</name>
         <value>0x2cd9</value>
         <object_component_ref idref="oc-108"/>
      </symbol>
      <symbol id="sm-3ee">
         <name>__aeabi_dmul</name>
         <value>0x2e0f</value>
         <object_component_ref idref="oc-103"/>
      </symbol>
      <symbol id="sm-3f8">
         <name>__aeabi_d2iz</name>
         <value>0x3255</value>
         <object_component_ref idref="oc-10d"/>
      </symbol>
      <symbol id="sm-402">
         <name>__aeabi_ui2d</name>
         <value>0x3377</value>
         <object_component_ref idref="oc-fe"/>
      </symbol>
      <symbol id="sm-41b">
         <name>__TI_zero_init_nomemset</name>
         <value>0x33b5</value>
         <object_component_ref idref="oc-47"/>
      </symbol>
      <symbol id="sm-432">
         <name>__TI_decompress_none</name>
         <value>0x3453</value>
         <object_component_ref idref="oc-1b"/>
      </symbol>
      <symbol id="sm-455">
         <name>__TI_decompress_lzss</name>
         <value>0x30f1</value>
         <object_component_ref idref="oc-15"/>
      </symbol>
      <symbol id="sm-468">
         <name>__stack</name>
         <value>0x20000270</value>
         <object_component_ref idref="oc-24"/>
      </symbol>
      <symbol id="sm-469">
         <name>_c_int00_noargs</name>
         <value>0x3315</value>
         <object_component_ref idref="oc-59"/>
      </symbol>
      <symbol id="sm-484">
         <name>memcpy</name>
         <value>0x2f0b</value>
         <object_component_ref idref="oc-3b"/>
      </symbol>
      <symbol id="sm-485">
         <name>__aeabi_memcpy</name>
         <value>0x2f0b</value>
         <object_component_ref idref="oc-3b"/>
      </symbol>
      <symbol id="sm-486">
         <name>__aeabi_memcpy8</name>
         <value>0x2f0b</value>
         <object_component_ref idref="oc-3b"/>
      </symbol>
      <symbol id="sm-487">
         <name>__aeabi_memcpy4</name>
         <value>0x2f0b</value>
         <object_component_ref idref="oc-3b"/>
      </symbol>
      <symbol id="sm-4b0">
         <name>__TI_auto_init_nobinit_nopinit</name>
         <value>0x329d</value>
         <object_component_ref idref="oc-16f"/>
      </symbol>
      <symbol id="sm-4ba">
         <name>_system_pre_init</name>
         <value>0x3499</value>
         <object_component_ref idref="oc-95"/>
      </symbol>
      <symbol id="sm-4c6">
         <name>C$$EXIT</name>
         <value>0x349d</value>
         <object_component_ref idref="oc-163"/>
      </symbol>
      <symbol id="sm-4c7">
         <name>abort</name>
         <value>0x349d</value>
         <object_component_ref idref="oc-163"/>
      </symbol>
      <symbol id="sm-522">
         <name>ADCProcessorTrigger</name>
         <value>0x33d1</value>
         <object_component_ref idref="oc-ec"/>
      </symbol>
      <symbol id="sm-523">
         <name>ADCSequenceEnable</name>
         <value>0x3437</value>
         <object_component_ref idref="oc-142"/>
      </symbol>
      <symbol id="sm-524">
         <name>ADCSequenceConfigure</name>
         <value>0x31b9</value>
         <object_component_ref idref="oc-136"/>
      </symbol>
      <symbol id="sm-525">
         <name>ADCSequenceStepConfigure</name>
         <value>0x2fa7</value>
         <object_component_ref idref="oc-13c"/>
      </symbol>
      <symbol id="sm-526">
         <name>ADCIntClear</name>
         <value>0x3479</value>
         <object_component_ref idref="oc-e6"/>
      </symbol>
      <symbol id="sm-527">
         <name>ADCIntStatus</name>
         <value>0x3349</value>
         <object_component_ref idref="oc-f2"/>
      </symbol>
      <symbol id="sm-528">
         <name>ADCSequenceDataGet</name>
         <value>0x3397</value>
         <object_component_ref idref="oc-f8"/>
      </symbol>
      <symbol id="sm-53a">
         <name>CPUcpsie</name>
         <value>0x3461</value>
         <object_component_ref idref="oc-1ef"/>
      </symbol>
      <symbol id="sm-53b">
         <name>CPUwfi</name>
         <value>0x3491</value>
         <object_component_ref idref="oc-1d9"/>
      </symbol>
      <symbol id="sm-5a4">
         <name>IntEnable</name>
         <value>0x3089</value>
         <object_component_ref idref="oc-d4"/>
      </symbol>
      <symbol id="sm-5a5">
         <name>IntDisable</name>
         <value>0x3021</value>
         <object_component_ref idref="oc-da"/>
      </symbol>
      <symbol id="sm-5a6">
         <name>IntRegister</name>
         <value>0x32e1</value>
         <object_component_ref idref="oc-ce"/>
      </symbol>
      <symbol id="sm-5a7">
         <name>IntUnregister</name>
         <value>0x3401</value>
         <object_component_ref idref="oc-e0"/>
      </symbol>
      <symbol id="sm-5a8">
         <name>g_pfnRAMVectors</name>
         <value>0x20000000</value>
         <object_component_ref idref="oc-1ab"/>
      </symbol>
      <symbol id="sm-5a9">
         <name>IntMasterEnable</name>
         <value>0x3427</value>
         <object_component_ref idref="oc-124"/>
      </symbol>
      <symbol id="sm-604">
         <name>TimerLoadSet</name>
         <value>0x3415</value>
         <object_component_ref idref="oc-11e"/>
      </symbol>
      <symbol id="sm-605">
         <name>TimerIntRegister</name>
         <value>0x33e9</value>
         <object_component_ref idref="oc-130"/>
      </symbol>
      <symbol id="sm-606">
         <name>TimerEnable</name>
         <value>0x3445</value>
         <object_component_ref idref="oc-157"/>
      </symbol>
      <symbol id="sm-607">
         <name>TimerIntEnable</name>
         <value>0x3483</value>
         <object_component_ref idref="oc-12a"/>
      </symbol>
      <symbol id="sm-608">
         <name>TimerConfigure</name>
         <value>0x3159</value>
         <object_component_ref idref="oc-118"/>
      </symbol>
      <symbol id="sm-609">
         <name>TimerIntClear</name>
         <value>0x3495</value>
         <object_component_ref idref="oc-148"/>
      </symbol>
      <symbol id="sm-60a">
         <name>__TI_static_base__</name>
         <value>0x0</value>
      </symbol>
      <symbol id="sm-60d">
         <name>__mpu_init</name>
         <value>0x0</value>
      </symbol>
      <symbol id="sm-60e">
         <name>_system_post_cinit</name>
         <value>0x0</value>
      </symbol>
   </symbol_table>
   <title>Link successful</title>
</link_info>
