<?xml version="1.0" encoding="ISO-8859-1" ?>
<link_info>
   <banner>TI ARM Linker PC v20.2.7.LTS</banner>
   <copyright>Copyright (c) 1996-2018 Texas Instruments Incorporated</copyright>
   <link_time>0x6777c5be</link_time>
   <link_errors>0x0</link_errors>
   <output_file>6.2_DERS_LCD_ZAMANLAYICI.out</output_file>
   <entry_point>
      <name>_c_int00_noargs</name>
      <address>0x2519</address>
   </entry_point>
   <input_file_list>
      <input_file id="fl-2">
         <path>.\</path>
         <kind>object</kind>
         <file>lcd.obj</file>
         <name>lcd.obj</name>
      </input_file>
      <input_file id="fl-3">
         <path>.\</path>
         <kind>object</kind>
         <file>main.obj</file>
         <name>main.obj</name>
      </input_file>
      <input_file id="fl-4">
         <path>.\</path>
         <kind>object</kind>
         <file>tm4c123gh6pm_startup_ccs.obj</file>
         <name>tm4c123gh6pm_startup_ccs.obj</name>
      </input_file>
      <input_file id="fl-9">
         <kind>object</kind>
         <file>&lt;internal&gt;</file>
         <name>&lt;internal&gt;</name>
      </input_file>
      <input_file id="fl-bf">
         <path>C:\ti\ccs1280\ccs\tools\compiler\ti-cgt-arm_20.2.7.LTS\lib\</path>
         <kind>archive</kind>
         <file>rtsv7M4_T_le_v4SPD16_eabi.lib</file>
         <name>copy_zero_init.c.obj</name>
      </input_file>
      <input_file id="fl-c0">
         <path>C:\ti\ccs1280\ccs\tools\compiler\ti-cgt-arm_20.2.7.LTS\lib\</path>
         <kind>archive</kind>
         <file>rtsv7M4_T_le_v4SPD16_eabi.lib</file>
         <name>copy_decompress_none.c.obj</name>
      </input_file>
      <input_file id="fl-c1">
         <path>C:\ti\ccs1280\ccs\tools\compiler\ti-cgt-arm_20.2.7.LTS\lib\</path>
         <kind>archive</kind>
         <file>rtsv7M4_T_le_v4SPD16_eabi.lib</file>
         <name>copy_decompress_lzss.c.obj</name>
      </input_file>
      <input_file id="fl-c2">
         <path>C:\ti\ccs1280\ccs\tools\compiler\ti-cgt-arm_20.2.7.LTS\lib\</path>
         <kind>archive</kind>
         <file>rtsv7M4_T_le_v4SPD16_eabi.lib</file>
         <name>boot_cortex_m.c.obj</name>
      </input_file>
      <input_file id="fl-c3">
         <path>C:\ti\ccs1280\ccs\tools\compiler\ti-cgt-arm_20.2.7.LTS\lib\</path>
         <kind>archive</kind>
         <file>rtsv7M4_T_le_v4SPD16_eabi.lib</file>
         <name>memcpy_t2.asm.obj</name>
      </input_file>
      <input_file id="fl-c4">
         <path>C:\ti\ccs1280\ccs\tools\compiler\ti-cgt-arm_20.2.7.LTS\lib\</path>
         <kind>archive</kind>
         <file>rtsv7M4_T_le_v4SPD16_eabi.lib</file>
         <name>memset_t2.asm.obj</name>
      </input_file>
      <input_file id="fl-c5">
         <path>C:\ti\ccs1280\ccs\tools\compiler\ti-cgt-arm_20.2.7.LTS\lib\</path>
         <kind>archive</kind>
         <file>rtsv7M4_T_le_v4SPD16_eabi.lib</file>
         <name>autoinit.c.obj</name>
      </input_file>
      <input_file id="fl-c6">
         <path>C:\ti\ccs1280\ccs\tools\compiler\ti-cgt-arm_20.2.7.LTS\lib\</path>
         <kind>archive</kind>
         <file>rtsv7M4_T_le_v4SPD16_eabi.lib</file>
         <name>pre_init.c.obj</name>
      </input_file>
      <input_file id="fl-c7">
         <path>C:\ti\ccs1280\ccs\tools\compiler\ti-cgt-arm_20.2.7.LTS\lib\</path>
         <kind>archive</kind>
         <file>rtsv7M4_T_le_v4SPD16_eabi.lib</file>
         <name>cpy_tbl.c.obj</name>
      </input_file>
      <input_file id="fl-c8">
         <path>C:\ti\ccs1280\ccs\tools\compiler\ti-cgt-arm_20.2.7.LTS\lib\</path>
         <kind>archive</kind>
         <file>rtsv7M4_T_le_v4SPD16_eabi.lib</file>
         <name>exit.c.obj</name>
      </input_file>
      <input_file id="fl-c9">
         <path>C:\ti\ccs1280\ccs\tools\compiler\ti-cgt-arm_20.2.7.LTS\lib\</path>
         <kind>archive</kind>
         <file>rtsv7M4_T_le_v4SPD16_eabi.lib</file>
         <name>_lock.c.obj</name>
      </input_file>
      <input_file id="fl-ca">
         <path>C:\ti\ccs1280\ccs\tools\compiler\ti-cgt-arm_20.2.7.LTS\lib\</path>
         <kind>archive</kind>
         <file>rtsv7M4_T_le_v4SPD16_eabi.lib</file>
         <name>args_main.c.obj</name>
      </input_file>
      <input_file id="fl-cb">
         <path>C:\ti\TivaWare_C_Series-2.2.0.295\driverlib\ccs\Debug\</path>
         <kind>archive</kind>
         <file>driverlib.lib</file>
         <name>cpu.obj</name>
      </input_file>
      <input_file id="fl-cc">
         <path>C:\ti\TivaWare_C_Series-2.2.0.295\driverlib\ccs\Debug\</path>
         <kind>archive</kind>
         <file>driverlib.lib</file>
         <name>interrupt.obj</name>
      </input_file>
      <input_file id="fl-cd">
         <path>C:\ti\TivaWare_C_Series-2.2.0.295\driverlib\ccs\Debug\</path>
         <kind>archive</kind>
         <file>driverlib.lib</file>
         <name>timer.obj</name>
      </input_file>
   </input_file_list>
   <object_component_list>
      <object_component id="oc-12">
         <name>.intvecs</name>
         <load_address>0x0</load_address>
         <run_address>0x0</run_address>
         <size>0x26c</size>
         <input_file_ref idref="fl-4"/>
      </object_component>
      <object_component id="oc-ce">
         <name>.text</name>
         <load_address>0x26c</load_address>
         <run_address>0x26c</run_address>
         <size>0x1e30</size>
         <input_file_ref idref="fl-2"/>
      </object_component>
      <object_component id="oc-9b">
         <name>.text</name>
         <load_address>0x209c</load_address>
         <run_address>0x209c</run_address>
         <size>0x184</size>
         <input_file_ref idref="fl-3"/>
      </object_component>
      <object_component id="oc-3b">
         <name>.text</name>
         <load_address>0x2220</load_address>
         <run_address>0x2220</run_address>
         <size>0x9c</size>
         <input_file_ref idref="fl-c3"/>
      </object_component>
      <object_component id="oc-15e">
         <name>.text:IntDisable</name>
         <load_address>0x22bc</load_address>
         <run_address>0x22bc</run_address>
         <size>0x68</size>
         <input_file_ref idref="fl-cc"/>
      </object_component>
      <object_component id="oc-158">
         <name>.text:IntEnable</name>
         <load_address>0x2324</load_address>
         <run_address>0x2324</run_address>
         <size>0x68</size>
         <input_file_ref idref="fl-cc"/>
      </object_component>
      <object_component id="oc-15">
         <name>.text:decompress:lzss:__TI_decompress_lzss</name>
         <load_address>0x238c</load_address>
         <run_address>0x238c</run_address>
         <size>0x68</size>
         <input_file_ref idref="fl-c1"/>
      </object_component>
      <object_component id="oc-da">
         <name>.text:TimerConfigure</name>
         <load_address>0x23f4</load_address>
         <run_address>0x23f4</run_address>
         <size>0x60</size>
         <input_file_ref idref="fl-cd"/>
      </object_component>
      <object_component id="oc-18b">
         <name>.text:_TimerIntNumberGet</name>
         <load_address>0x2454</load_address>
         <run_address>0x2454</run_address>
         <size>0x4c</size>
         <input_file_ref idref="fl-cd"/>
      </object_component>
      <object_component id="oc-108">
         <name>.text:__TI_auto_init_nobinit_nopinit:__TI_auto_init_nobinit_nopinit</name>
         <load_address>0x24a0</load_address>
         <run_address>0x24a0</run_address>
         <size>0x44</size>
         <input_file_ref idref="fl-c5"/>
      </object_component>
      <object_component id="oc-152">
         <name>.text:IntRegister</name>
         <load_address>0x24e4</load_address>
         <run_address>0x24e4</run_address>
         <size>0x34</size>
         <input_file_ref idref="fl-cc"/>
      </object_component>
      <object_component id="oc-59">
         <name>.text:_c_int00_noargs:_c_int00_noargs</name>
         <load_address>0x2518</load_address>
         <run_address>0x2518</run_address>
         <size>0x34</size>
         <input_file_ref idref="fl-c2"/>
      </object_component>
      <object_component id="oc-47">
         <name>.text:decompress:ZI:__TI_zero_init_nomemset:__TI_zero_init_nomemset</name>
         <load_address>0x254c</load_address>
         <run_address>0x254c</run_address>
         <size>0x1c</size>
         <input_file_ref idref="fl-bf"/>
      </object_component>
      <object_component id="oc-ec">
         <name>.text:TimerIntRegister</name>
         <load_address>0x2568</load_address>
         <run_address>0x2568</run_address>
         <size>0x18</size>
         <input_file_ref idref="fl-cd"/>
      </object_component>
      <object_component id="oc-164">
         <name>.text:IntUnregister</name>
         <load_address>0x2580</load_address>
         <run_address>0x2580</run_address>
         <size>0x14</size>
         <input_file_ref idref="fl-cc"/>
      </object_component>
      <object_component id="oc-e0">
         <name>.text:TimerLoadSet</name>
         <load_address>0x2594</load_address>
         <run_address>0x2594</run_address>
         <size>0x12</size>
         <input_file_ref idref="fl-cd"/>
      </object_component>
      <object_component id="oc-d4">
         <name>.text:IntMasterEnable</name>
         <load_address>0x25a6</load_address>
         <run_address>0x25a6</run_address>
         <size>0x10</size>
         <input_file_ref idref="fl-cc"/>
      </object_component>
      <object_component id="oc-f2">
         <name>.text:TimerEnable</name>
         <load_address>0x25b6</load_address>
         <run_address>0x25b6</run_address>
         <size>0xe</size>
         <input_file_ref idref="fl-cd"/>
      </object_component>
      <object_component id="oc-1b">
         <name>.text:decompress:none:__TI_decompress_none</name>
         <load_address>0x25c4</load_address>
         <run_address>0x25c4</run_address>
         <size>0xe</size>
         <input_file_ref idref="fl-c0"/>
      </object_component>
      <object_component id="oc-181">
         <name>.text:CPUcpsie</name>
         <load_address>0x25d2</load_address>
         <run_address>0x25d2</run_address>
         <size>0xc</size>
         <input_file_ref idref="fl-cb"/>
      </object_component>
      <object_component id="oc-27">
         <name>.text</name>
         <load_address>0x25de</load_address>
         <run_address>0x25de</run_address>
         <size>0xc</size>
         <input_file_ref idref="fl-4"/>
      </object_component>
      <object_component id="oc-e6">
         <name>.text:TimerIntEnable</name>
         <load_address>0x25ea</load_address>
         <run_address>0x25ea</run_address>
         <size>0x8</size>
         <input_file_ref idref="fl-cd"/>
      </object_component>
      <object_component id="oc-17f">
         <name>.text:SysCtlDelay</name>
         <load_address>0x25f2</load_address>
         <run_address>0x25f2</run_address>
         <size>0x6</size>
         <input_file_ref idref="fl-2"/>
      </object_component>
      <object_component id="oc-170">
         <name>.text:CPUwfi</name>
         <load_address>0x25f8</load_address>
         <run_address>0x25f8</run_address>
         <size>0x4</size>
         <input_file_ref idref="fl-cb"/>
      </object_component>
      <object_component id="oc-c8">
         <name>.text:TimerIntClear</name>
         <load_address>0x25fc</load_address>
         <run_address>0x25fc</run_address>
         <size>0x4</size>
         <input_file_ref idref="fl-cd"/>
      </object_component>
      <object_component id="oc-95">
         <name>.text:_system_pre_init</name>
         <load_address>0x2600</load_address>
         <run_address>0x2600</run_address>
         <size>0x4</size>
         <input_file_ref idref="fl-c6"/>
      </object_component>
      <object_component id="oc-fc">
         <name>.text:abort:abort</name>
         <load_address>0x2604</load_address>
         <run_address>0x2604</run_address>
         <size>0x4</size>
         <input_file_ref idref="fl-c8"/>
      </object_component>
      <object_component id="oc-1d3">
         <name>.text:_IntDefaultHandler</name>
         <load_address>0x2608</load_address>
         <run_address>0x2608</run_address>
         <size>0x2</size>
         <input_file_ref idref="fl-cc"/>
      </object_component>
      <object_component id="oc-17c">
         <name>.const:g_pppui32XTALtoVCO</name>
         <load_address>0x260c</load_address>
         <run_address>0x260c</run_address>
         <size>0x1b0</size>
         <input_file_ref idref="fl-2"/>
      </object_component>
      <object_component id="oc-14f">
         <name>.const:g_ppui32GPIOIntMapSnowflake</name>
         <load_address>0x27bc</load_address>
         <run_address>0x27bc</run_address>
         <size>0xd8</size>
         <input_file_ref idref="fl-2"/>
      </object_component>
      <object_component id="oc-14c">
         <name>.const:g_ppui32GPIOIntMapBlizzard</name>
         <load_address>0x2894</load_address>
         <run_address>0x2894</run_address>
         <size>0xc0</size>
         <input_file_ref idref="fl-2"/>
      </object_component>
      <object_component id="oc-16a">
         <name>.const:g_pui32GPIOBaseAddrs</name>
         <load_address>0x2954</load_address>
         <run_address>0x2954</run_address>
         <size>0x90</size>
         <input_file_ref idref="fl-2"/>
      </object_component>
      <object_component id="oc-176">
         <name>.const:g_pui32Xtals</name>
         <load_address>0x29e4</load_address>
         <run_address>0x29e4</run_address>
         <size>0x6c</size>
         <input_file_ref idref="fl-2"/>
      </object_component>
      <object_component id="oc-1e6">
         <name>.const:g_ppui32TimerIntMap</name>
         <load_address>0x2a50</load_address>
         <run_address>0x2a50</run_address>
         <size>0x60</size>
         <input_file_ref idref="fl-cd"/>
      </object_component>
      <object_component id="oc-1e9">
         <name>.const:g_ppui32TimerIntMapSnowflake</name>
         <load_address>0x2ab0</load_address>
         <run_address>0x2ab0</run_address>
         <size>0x40</size>
         <input_file_ref idref="fl-cd"/>
      </object_component>
      <object_component id="oc-16d">
         <name>.const:g_sXTALtoMEMTIM</name>
         <load_address>0x2af0</load_address>
         <run_address>0x2af0</run_address>
         <size>0x30</size>
         <input_file_ref idref="fl-2"/>
      </object_component>
      <object_component id="oc-1cf">
         <name>.const:g_pui32Dii16Regs</name>
         <load_address>0x2b20</load_address>
         <run_address>0x2b20</run_address>
         <size>0x14</size>
         <input_file_ref idref="fl-cc"/>
      </object_component>
      <object_component id="oc-1cb">
         <name>.const:g_pui32EnRegs</name>
         <load_address>0x2b34</load_address>
         <run_address>0x2b34</run_address>
         <size>0x14</size>
         <input_file_ref idref="fl-cc"/>
      </object_component>
      <object_component id="oc-179">
         <name>.const:g_pui32VCOFrequencies</name>
         <load_address>0x2b48</load_address>
         <run_address>0x2b48</run_address>
         <size>0x8</size>
         <input_file_ref idref="fl-2"/>
      </object_component>
      <object_component id="oc-25d">
         <name>__TI_handler_table</name>
         <load_address>0x2b50</load_address>
         <run_address>0x2b50</run_address>
         <size>0xc</size>
      </object_component>
      <object_component id="oc-25f">
         <name>.cinit..vtable.load</name>
         <load_address>0x2b60</load_address>
         <run_address>0x2b60</run_address>
         <size>0x8</size>
      </object_component>
      <object_component id="oc-260">
         <name>.cinit..data.load</name>
         <load_address>0x2b68</load_address>
         <run_address>0x2b68</run_address>
         <size>0x7</size>
      </object_component>
      <object_component id="oc-25e">
         <name>__TI_cinit_table</name>
         <load_address>0x2b70</load_address>
         <run_address>0x2b70</run_address>
         <size>0x10</size>
      </object_component>
      <object_component id="oc-1c6">
         <name>.vtable</name>
         <uninitialized>true</uninitialized>
         <run_address>0x20000000</run_address>
         <size>0x26c</size>
         <input_file_ref idref="fl-cc"/>
      </object_component>
      <object_component id="oc-f8">
         <name>.data</name>
         <load_address>0x20000470</load_address>
         <run_address>0x20000470</run_address>
         <size>0xd</size>
         <input_file_ref idref="fl-3"/>
      </object_component>
      <object_component id="oc-24">
         <name>.stack</name>
         <uninitialized>true</uninitialized>
         <run_address>0x20000270</run_address>
         <size>0x4</size>
         <input_file_ref idref="fl-c2"/>
      </object_component>
      <object_component id="oc-262">
         <name>.stack</name>
         <uninitialized>true</uninitialized>
         <run_address>0x20000270</run_address>
         <size>0x0</size>
      </object_component>
      <object_component id="oc-b7">
         <name>.debug_info</name>
         <load_address>0x0</load_address>
         <run_address>0x0</run_address>
         <size>0x3d7</size>
         <input_file_ref idref="fl-2"/>
      </object_component>
      <object_component id="oc-14d">
         <name>.debug_info</name>
         <load_address>0x3d7</load_address>
         <run_address>0x3d7</run_address>
         <size>0xe3</size>
         <input_file_ref idref="fl-2"/>
      </object_component>
      <object_component id="oc-150">
         <name>.debug_info</name>
         <load_address>0x4ba</load_address>
         <run_address>0x4ba</run_address>
         <size>0xe5</size>
         <input_file_ref idref="fl-2"/>
      </object_component>
      <object_component id="oc-16b">
         <name>.debug_info</name>
         <load_address>0x59f</load_address>
         <run_address>0x59f</run_address>
         <size>0xd7</size>
         <input_file_ref idref="fl-2"/>
      </object_component>
      <object_component id="oc-177">
         <name>.debug_info</name>
         <load_address>0x676</load_address>
         <run_address>0x676</run_address>
         <size>0xc7</size>
         <input_file_ref idref="fl-2"/>
      </object_component>
      <object_component id="oc-17d">
         <name>.debug_info</name>
         <load_address>0x73d</load_address>
         <run_address>0x73d</run_address>
         <size>0xd3</size>
         <input_file_ref idref="fl-2"/>
      </object_component>
      <object_component id="oc-16e">
         <name>.debug_info</name>
         <load_address>0x810</load_address>
         <run_address>0x810</run_address>
         <size>0xcd</size>
         <input_file_ref idref="fl-2"/>
      </object_component>
      <object_component id="oc-17a">
         <name>.debug_info</name>
         <load_address>0x8dd</load_address>
         <run_address>0x8dd</run_address>
         <size>0xda</size>
         <input_file_ref idref="fl-2"/>
      </object_component>
      <object_component id="oc-cf">
         <name>.debug_info</name>
         <load_address>0x9b7</load_address>
         <run_address>0x9b7</run_address>
         <size>0x7d2b</size>
         <input_file_ref idref="fl-2"/>
      </object_component>
      <object_component id="oc-13c">
         <name>.debug_info</name>
         <load_address>0x86e2</load_address>
         <run_address>0x86e2</run_address>
         <size>0x51</size>
         <input_file_ref idref="fl-2"/>
      </object_component>
      <object_component id="oc-70">
         <name>.debug_info</name>
         <load_address>0x8733</load_address>
         <run_address>0x8733</run_address>
         <size>0x26b</size>
         <input_file_ref idref="fl-2"/>
      </object_component>
      <object_component id="oc-b2">
         <name>.debug_info</name>
         <load_address>0x899e</load_address>
         <run_address>0x899e</run_address>
         <size>0x8b</size>
         <input_file_ref idref="fl-2"/>
      </object_component>
      <object_component id="oc-ad">
         <name>.debug_info</name>
         <load_address>0x8a29</load_address>
         <run_address>0x8a29</run_address>
         <size>0x2a4</size>
         <input_file_ref idref="fl-2"/>
      </object_component>
      <object_component id="oc-140">
         <name>.debug_info</name>
         <load_address>0x8ccd</load_address>
         <run_address>0x8ccd</run_address>
         <size>0xef</size>
         <input_file_ref idref="fl-2"/>
      </object_component>
      <object_component id="oc-75">
         <name>.debug_info</name>
         <load_address>0x8dbc</load_address>
         <run_address>0x8dbc</run_address>
         <size>0xbb</size>
         <input_file_ref idref="fl-2"/>
      </object_component>
      <object_component id="oc-195">
         <name>.debug_info</name>
         <load_address>0x8e77</load_address>
         <run_address>0x8e77</run_address>
         <size>0x59c</size>
         <input_file_ref idref="fl-3"/>
      </object_component>
      <object_component id="oc-f9">
         <name>.debug_info</name>
         <load_address>0x9413</load_address>
         <run_address>0x9413</run_address>
         <size>0x116</size>
         <input_file_ref idref="fl-3"/>
      </object_component>
      <object_component id="oc-9f">
         <name>.debug_info</name>
         <load_address>0x9529</load_address>
         <run_address>0x9529</run_address>
         <size>0x39d</size>
         <input_file_ref idref="fl-3"/>
      </object_component>
      <object_component id="oc-2f">
         <name>.debug_info</name>
         <load_address>0x98c6</load_address>
         <run_address>0x98c6</run_address>
         <size>0x29e</size>
         <input_file_ref idref="fl-4"/>
      </object_component>
      <object_component id="oc-13">
         <name>.debug_info</name>
         <load_address>0x9b64</load_address>
         <run_address>0x9b64</run_address>
         <size>0xdd</size>
         <input_file_ref idref="fl-4"/>
      </object_component>
      <object_component id="oc-2b">
         <name>.debug_info</name>
         <load_address>0x9c41</load_address>
         <run_address>0x9c41</run_address>
         <size>0x259</size>
         <input_file_ref idref="fl-4"/>
      </object_component>
      <object_component id="oc-36">
         <name>.debug_info</name>
         <load_address>0x9e9a</load_address>
         <run_address>0x9e9a</run_address>
         <size>0x84</size>
         <input_file_ref idref="fl-4"/>
      </object_component>
      <object_component id="oc-8e">
         <name>.debug_info</name>
         <load_address>0x9f1e</load_address>
         <run_address>0x9f1e</run_address>
         <size>0x2d4</size>
         <input_file_ref idref="fl-bf"/>
      </object_component>
      <object_component id="oc-4b">
         <name>.debug_info</name>
         <load_address>0xa1f2</load_address>
         <run_address>0xa1f2</run_address>
         <size>0x1d2</size>
         <input_file_ref idref="fl-bf"/>
      </object_component>
      <object_component id="oc-89">
         <name>.debug_info</name>
         <load_address>0xa3c4</load_address>
         <run_address>0xa3c4</run_address>
         <size>0x46</size>
         <input_file_ref idref="fl-bf"/>
      </object_component>
      <object_component id="oc-bf">
         <name>.debug_info</name>
         <load_address>0xa40a</load_address>
         <run_address>0xa40a</run_address>
         <size>0x2c</size>
         <input_file_ref idref="fl-bf"/>
      </object_component>
      <object_component id="oc-46">
         <name>.debug_info</name>
         <load_address>0xa436</load_address>
         <run_address>0xa436</run_address>
         <size>0x2a8</size>
         <input_file_ref idref="fl-c0"/>
      </object_component>
      <object_component id="oc-1c">
         <name>.debug_info</name>
         <load_address>0xa6de</load_address>
         <run_address>0xa6de</run_address>
         <size>0x1ea</size>
         <input_file_ref idref="fl-c0"/>
      </object_component>
      <object_component id="oc-41">
         <name>.debug_info</name>
         <load_address>0xa8c8</load_address>
         <run_address>0xa8c8</run_address>
         <size>0x46</size>
         <input_file_ref idref="fl-c0"/>
      </object_component>
      <object_component id="oc-81">
         <name>.debug_info</name>
         <load_address>0xa90e</load_address>
         <run_address>0xa90e</run_address>
         <size>0x2c</size>
         <input_file_ref idref="fl-c0"/>
      </object_component>
      <object_component id="oc-7f">
         <name>.debug_info</name>
         <load_address>0xa93a</load_address>
         <run_address>0xa93a</run_address>
         <size>0x29e</size>
         <input_file_ref idref="fl-c1"/>
      </object_component>
      <object_component id="oc-19">
         <name>.debug_info</name>
         <load_address>0xabd8</load_address>
         <run_address>0xabd8</run_address>
         <size>0x250</size>
         <input_file_ref idref="fl-c1"/>
      </object_component>
      <object_component id="oc-31">
         <name>.debug_info</name>
         <load_address>0xae28</load_address>
         <run_address>0xae28</run_address>
         <size>0x60</size>
         <input_file_ref idref="fl-c1"/>
      </object_component>
      <object_component id="oc-b8">
         <name>.debug_info</name>
         <load_address>0xae88</load_address>
         <run_address>0xae88</run_address>
         <size>0x46</size>
         <input_file_ref idref="fl-c1"/>
      </object_component>
      <object_component id="oc-7a">
         <name>.debug_info</name>
         <load_address>0xaece</load_address>
         <run_address>0xaece</run_address>
         <size>0x39</size>
         <input_file_ref idref="fl-c1"/>
      </object_component>
      <object_component id="oc-25">
         <name>.debug_info</name>
         <load_address>0xaf07</load_address>
         <run_address>0xaf07</run_address>
         <size>0x10b</size>
         <input_file_ref idref="fl-c2"/>
      </object_component>
      <object_component id="oc-5b">
         <name>.debug_info</name>
         <load_address>0xb012</load_address>
         <run_address>0xb012</run_address>
         <size>0x1a9</size>
         <input_file_ref idref="fl-c2"/>
      </object_component>
      <object_component id="oc-3e">
         <name>.debug_info</name>
         <load_address>0xb1bb</load_address>
         <run_address>0xb1bb</run_address>
         <size>0x119</size>
         <input_file_ref idref="fl-c3"/>
      </object_component>
      <object_component id="oc-1a1">
         <name>.debug_info</name>
         <load_address>0xb2d4</load_address>
         <run_address>0xb2d4</run_address>
         <size>0x4b3</size>
         <input_file_ref idref="fl-c5"/>
      </object_component>
      <object_component id="oc-10b">
         <name>.debug_info</name>
         <load_address>0xb787</load_address>
         <run_address>0xb787</run_address>
         <size>0x1a6</size>
         <input_file_ref idref="fl-c5"/>
      </object_component>
      <object_component id="oc-204">
         <name>.debug_info</name>
         <load_address>0xb92d</load_address>
         <run_address>0xb92d</run_address>
         <size>0x39</size>
         <input_file_ref idref="fl-c5"/>
      </object_component>
      <object_component id="oc-226">
         <name>.debug_info</name>
         <load_address>0xb966</load_address>
         <run_address>0xb966</run_address>
         <size>0x39</size>
         <input_file_ref idref="fl-c5"/>
      </object_component>
      <object_component id="oc-209">
         <name>.debug_info</name>
         <load_address>0xb99f</load_address>
         <run_address>0xb99f</run_address>
         <size>0x39</size>
         <input_file_ref idref="fl-c5"/>
      </object_component>
      <object_component id="oc-20e">
         <name>.debug_info</name>
         <load_address>0xb9d8</load_address>
         <run_address>0xb9d8</run_address>
         <size>0xcd</size>
         <input_file_ref idref="fl-c5"/>
      </object_component>
      <object_component id="oc-99">
         <name>.debug_info</name>
         <load_address>0xbaa5</load_address>
         <run_address>0xbaa5</run_address>
         <size>0x153</size>
         <input_file_ref idref="fl-c6"/>
      </object_component>
      <object_component id="oc-ff">
         <name>.debug_info</name>
         <load_address>0xbbf8</load_address>
         <run_address>0xbbf8</run_address>
         <size>0x122</size>
         <input_file_ref idref="fl-c8"/>
      </object_component>
      <object_component id="oc-215">
         <name>.debug_info</name>
         <load_address>0xbd1a</load_address>
         <run_address>0xbd1a</run_address>
         <size>0x2d7</size>
         <input_file_ref idref="fl-cb"/>
      </object_component>
      <object_component id="oc-171">
         <name>.debug_info</name>
         <load_address>0xbff1</load_address>
         <run_address>0xbff1</run_address>
         <size>0x213</size>
         <input_file_ref idref="fl-cb"/>
      </object_component>
      <object_component id="oc-185">
         <name>.debug_info</name>
         <load_address>0xc204</load_address>
         <run_address>0xc204</run_address>
         <size>0x21b</size>
         <input_file_ref idref="fl-cb"/>
      </object_component>
      <object_component id="oc-1bd">
         <name>.debug_info</name>
         <load_address>0xc41f</load_address>
         <run_address>0xc41f</run_address>
         <size>0x26b</size>
         <input_file_ref idref="fl-cb"/>
      </object_component>
      <object_component id="oc-1b6">
         <name>.debug_info</name>
         <load_address>0xc68a</load_address>
         <run_address>0xc68a</run_address>
         <size>0x297</size>
         <input_file_ref idref="fl-cb"/>
      </object_component>
      <object_component id="oc-1ed">
         <name>.debug_info</name>
         <load_address>0xc921</load_address>
         <run_address>0xc921</run_address>
         <size>0xef</size>
         <input_file_ref idref="fl-cb"/>
      </object_component>
      <object_component id="oc-146">
         <name>.debug_info</name>
         <load_address>0xca10</load_address>
         <run_address>0xca10</run_address>
         <size>0xbb</size>
         <input_file_ref idref="fl-cb"/>
      </object_component>
      <object_component id="oc-1ca">
         <name>.debug_info</name>
         <load_address>0xcacb</load_address>
         <run_address>0xcacb</run_address>
         <size>0x3b7</size>
         <input_file_ref idref="fl-cc"/>
      </object_component>
      <object_component id="oc-1cc">
         <name>.debug_info</name>
         <load_address>0xce82</load_address>
         <run_address>0xce82</run_address>
         <size>0x15b</size>
         <input_file_ref idref="fl-cc"/>
      </object_component>
      <object_component id="oc-1d0">
         <name>.debug_info</name>
         <load_address>0xcfdd</load_address>
         <run_address>0xcfdd</run_address>
         <size>0x161</size>
         <input_file_ref idref="fl-cc"/>
      </object_component>
      <object_component id="oc-1c7">
         <name>.debug_info</name>
         <load_address>0xd13e</load_address>
         <run_address>0xd13e</run_address>
         <size>0x160</size>
         <input_file_ref idref="fl-cc"/>
      </object_component>
      <object_component id="oc-1d5">
         <name>.debug_info</name>
         <load_address>0xd29e</load_address>
         <run_address>0xd29e</run_address>
         <size>0x22e</size>
         <input_file_ref idref="fl-cc"/>
      </object_component>
      <object_component id="oc-167">
         <name>.debug_info</name>
         <load_address>0xd4cc</load_address>
         <run_address>0xd4cc</run_address>
         <size>0x279</size>
         <input_file_ref idref="fl-cc"/>
      </object_component>
      <object_component id="oc-154">
         <name>.debug_info</name>
         <load_address>0xd745</load_address>
         <run_address>0xd745</run_address>
         <size>0x2ca</size>
         <input_file_ref idref="fl-cc"/>
      </object_component>
      <object_component id="oc-d6">
         <name>.debug_info</name>
         <load_address>0xda0f</load_address>
         <run_address>0xda0f</run_address>
         <size>0x247</size>
         <input_file_ref idref="fl-cc"/>
      </object_component>
      <object_component id="oc-159">
         <name>.debug_info</name>
         <load_address>0xdc56</load_address>
         <run_address>0xdc56</run_address>
         <size>0x271</size>
         <input_file_ref idref="fl-cc"/>
      </object_component>
      <object_component id="oc-15f">
         <name>.debug_info</name>
         <load_address>0xdec7</load_address>
         <run_address>0xdec7</run_address>
         <size>0x273</size>
         <input_file_ref idref="fl-cc"/>
      </object_component>
      <object_component id="oc-14b">
         <name>.debug_info</name>
         <load_address>0xe13a</load_address>
         <run_address>0xe13a</run_address>
         <size>0x3c7</size>
         <input_file_ref idref="fl-cd"/>
      </object_component>
      <object_component id="oc-1e7">
         <name>.debug_info</name>
         <load_address>0xe501</load_address>
         <run_address>0xe501</run_address>
         <size>0x163</size>
         <input_file_ref idref="fl-cd"/>
      </object_component>
      <object_component id="oc-1ea">
         <name>.debug_info</name>
         <load_address>0xe664</load_address>
         <run_address>0xe664</run_address>
         <size>0x175</size>
         <input_file_ref idref="fl-cd"/>
      </object_component>
      <object_component id="oc-e1">
         <name>.debug_info</name>
         <load_address>0xe7d9</load_address>
         <run_address>0xe7d9</run_address>
         <size>0x2c3</size>
         <input_file_ref idref="fl-cd"/>
      </object_component>
      <object_component id="oc-18d">
         <name>.debug_info</name>
         <load_address>0xea9c</load_address>
         <run_address>0xea9c</run_address>
         <size>0x2f4</size>
         <input_file_ref idref="fl-cd"/>
      </object_component>
      <object_component id="oc-ed">
         <name>.debug_info</name>
         <load_address>0xed90</load_address>
         <run_address>0xed90</run_address>
         <size>0x2ed</size>
         <input_file_ref idref="fl-cd"/>
      </object_component>
      <object_component id="oc-e7">
         <name>.debug_info</name>
         <load_address>0xf07d</load_address>
         <run_address>0xf07d</run_address>
         <size>0x29d</size>
         <input_file_ref idref="fl-cd"/>
      </object_component>
      <object_component id="oc-c9">
         <name>.debug_info</name>
         <load_address>0xf31a</load_address>
         <run_address>0xf31a</run_address>
         <size>0x29b</size>
         <input_file_ref idref="fl-cd"/>
      </object_component>
      <object_component id="oc-f4">
         <name>.debug_info</name>
         <load_address>0xf5b5</load_address>
         <run_address>0xf5b5</run_address>
         <size>0x288</size>
         <input_file_ref idref="fl-cd"/>
      </object_component>
      <object_component id="oc-db">
         <name>.debug_info</name>
         <load_address>0xf83d</load_address>
         <run_address>0xf83d</run_address>
         <size>0x295</size>
         <input_file_ref idref="fl-cd"/>
      </object_component>
      <object_component id="oc-263">
         <name>.debug_info</name>
         <load_address>0xfad2</load_address>
         <run_address>0xfad2</run_address>
         <size>0x90</size>
      </object_component>
      <object_component id="oc-13b">
         <name>.debug_line</name>
         <load_address>0x0</load_address>
         <run_address>0x0</run_address>
         <size>0xc8</size>
         <input_file_ref idref="fl-2"/>
      </object_component>
      <object_component id="oc-1c3">
         <name>.debug_line</name>
         <load_address>0xc8</load_address>
         <run_address>0xc8</run_address>
         <size>0x56</size>
         <input_file_ref idref="fl-2"/>
      </object_component>
      <object_component id="oc-1c5">
         <name>.debug_line</name>
         <load_address>0x11e</load_address>
         <run_address>0x11e</run_address>
         <size>0x56</size>
         <input_file_ref idref="fl-2"/>
      </object_component>
      <object_component id="oc-1db">
         <name>.debug_line</name>
         <load_address>0x174</load_address>
         <run_address>0x174</run_address>
         <size>0x56</size>
         <input_file_ref idref="fl-2"/>
      </object_component>
      <object_component id="oc-1e0">
         <name>.debug_line</name>
         <load_address>0x1ca</load_address>
         <run_address>0x1ca</run_address>
         <size>0x58</size>
         <input_file_ref idref="fl-2"/>
      </object_component>
      <object_component id="oc-1e4">
         <name>.debug_line</name>
         <load_address>0x222</load_address>
         <run_address>0x222</run_address>
         <size>0x58</size>
         <input_file_ref idref="fl-2"/>
      </object_component>
      <object_component id="oc-1dd">
         <name>.debug_line</name>
         <load_address>0x27a</load_address>
         <run_address>0x27a</run_address>
         <size>0x58</size>
         <input_file_ref idref="fl-2"/>
      </object_component>
      <object_component id="oc-1e2">
         <name>.debug_line</name>
         <load_address>0x2d2</load_address>
         <run_address>0x2d2</run_address>
         <size>0x58</size>
         <input_file_ref idref="fl-2"/>
      </object_component>
      <object_component id="oc-d2">
         <name>.debug_line</name>
         <load_address>0x32a</load_address>
         <run_address>0x32a</run_address>
         <size>0x1306</size>
         <input_file_ref idref="fl-2"/>
      </object_component>
      <object_component id="oc-13e">
         <name>.debug_line</name>
         <load_address>0x1630</load_address>
         <run_address>0x1630</run_address>
         <size>0x58</size>
         <input_file_ref idref="fl-2"/>
      </object_component>
      <object_component id="oc-73">
         <name>.debug_line</name>
         <load_address>0x1688</load_address>
         <run_address>0x1688</run_address>
         <size>0x6f</size>
         <input_file_ref idref="fl-2"/>
      </object_component>
      <object_component id="oc-b5">
         <name>.debug_line</name>
         <load_address>0x16f7</load_address>
         <run_address>0x16f7</run_address>
         <size>0x20</size>
         <input_file_ref idref="fl-2"/>
      </object_component>
      <object_component id="oc-b0">
         <name>.debug_line</name>
         <load_address>0x1717</load_address>
         <run_address>0x1717</run_address>
         <size>0x73</size>
         <input_file_ref idref="fl-2"/>
      </object_component>
      <object_component id="oc-143">
         <name>.debug_line</name>
         <load_address>0x178a</load_address>
         <run_address>0x178a</run_address>
         <size>0x6f</size>
         <input_file_ref idref="fl-2"/>
      </object_component>
      <object_component id="oc-78">
         <name>.debug_line</name>
         <load_address>0x17f9</load_address>
         <run_address>0x17f9</run_address>
         <size>0x70</size>
         <input_file_ref idref="fl-2"/>
      </object_component>
      <object_component id="oc-1f3">
         <name>.debug_line</name>
         <load_address>0x1869</load_address>
         <run_address>0x1869</run_address>
         <size>0x10c</size>
         <input_file_ref idref="fl-3"/>
      </object_component>
      <object_component id="oc-194">
         <name>.debug_line</name>
         <load_address>0x1975</load_address>
         <run_address>0x1975</run_address>
         <size>0x2d</size>
         <input_file_ref idref="fl-3"/>
      </object_component>
      <object_component id="oc-9c">
         <name>.debug_line</name>
         <load_address>0x19a2</load_address>
         <run_address>0x19a2</run_address>
         <size>0xab</size>
         <input_file_ref idref="fl-3"/>
      </object_component>
      <object_component id="oc-6f">
         <name>.debug_line</name>
         <load_address>0x1a4d</load_address>
         <run_address>0x1a4d</run_address>
         <size>0x41</size>
         <input_file_ref idref="fl-4"/>
      </object_component>
      <object_component id="oc-2e">
         <name>.debug_line</name>
         <load_address>0x1a8e</load_address>
         <run_address>0x1a8e</run_address>
         <size>0x41</size>
         <input_file_ref idref="fl-4"/>
      </object_component>
      <object_component id="oc-2a">
         <name>.debug_line</name>
         <load_address>0x1acf</load_address>
         <run_address>0x1acf</run_address>
         <size>0xa1</size>
         <input_file_ref idref="fl-4"/>
      </object_component>
      <object_component id="oc-39">
         <name>.debug_line</name>
         <load_address>0x1b70</load_address>
         <run_address>0x1b70</run_address>
         <size>0x20</size>
         <input_file_ref idref="fl-4"/>
      </object_component>
      <object_component id="oc-c5">
         <name>.debug_line</name>
         <load_address>0x1b90</load_address>
         <run_address>0x1b90</run_address>
         <size>0x92</size>
         <input_file_ref idref="fl-bf"/>
      </object_component>
      <object_component id="oc-49">
         <name>.debug_line</name>
         <load_address>0x1c22</load_address>
         <run_address>0x1c22</run_address>
         <size>0x4c</size>
         <input_file_ref idref="fl-bf"/>
      </object_component>
      <object_component id="oc-8c">
         <name>.debug_line</name>
         <load_address>0x1c6e</load_address>
         <run_address>0x1c6e</run_address>
         <size>0x34</size>
         <input_file_ref idref="fl-bf"/>
      </object_component>
      <object_component id="oc-c2">
         <name>.debug_line</name>
         <load_address>0x1ca2</load_address>
         <run_address>0x1ca2</run_address>
         <size>0x92</size>
         <input_file_ref idref="fl-bf"/>
      </object_component>
      <object_component id="oc-87">
         <name>.debug_line</name>
         <load_address>0x1d34</load_address>
         <run_address>0x1d34</run_address>
         <size>0x20</size>
         <input_file_ref idref="fl-c0"/>
      </object_component>
      <object_component id="oc-1f">
         <name>.debug_line</name>
         <load_address>0x1d54</load_address>
         <run_address>0x1d54</run_address>
         <size>0x55</size>
         <input_file_ref idref="fl-c0"/>
      </object_component>
      <object_component id="oc-44">
         <name>.debug_line</name>
         <load_address>0x1da9</load_address>
         <run_address>0x1da9</run_address>
         <size>0x3a</size>
         <input_file_ref idref="fl-c0"/>
      </object_component>
      <object_component id="oc-84">
         <name>.debug_line</name>
         <load_address>0x1de3</load_address>
         <run_address>0x1de3</run_address>
         <size>0x92</size>
         <input_file_ref idref="fl-c0"/>
      </object_component>
      <object_component id="oc-be">
         <name>.debug_line</name>
         <load_address>0x1e75</load_address>
         <run_address>0x1e75</run_address>
         <size>0x20</size>
         <input_file_ref idref="fl-c1"/>
      </object_component>
      <object_component id="oc-16">
         <name>.debug_line</name>
         <load_address>0x1e95</load_address>
         <run_address>0x1e95</run_address>
         <size>0xa9</size>
         <input_file_ref idref="fl-c1"/>
      </object_component>
      <object_component id="oc-34">
         <name>.debug_line</name>
         <load_address>0x1f3e</load_address>
         <run_address>0x1f3e</run_address>
         <size>0x3a</size>
         <input_file_ref idref="fl-c1"/>
      </object_component>
      <object_component id="oc-bb">
         <name>.debug_line</name>
         <load_address>0x1f78</load_address>
         <run_address>0x1f78</run_address>
         <size>0x9a</size>
         <input_file_ref idref="fl-c1"/>
      </object_component>
      <object_component id="oc-7d">
         <name>.debug_line</name>
         <load_address>0x2012</load_address>
         <run_address>0x2012</run_address>
         <size>0x96</size>
         <input_file_ref idref="fl-c1"/>
      </object_component>
      <object_component id="oc-6c">
         <name>.debug_line</name>
         <load_address>0x20a8</load_address>
         <run_address>0x20a8</run_address>
         <size>0x33</size>
         <input_file_ref idref="fl-c2"/>
      </object_component>
      <object_component id="oc-5d">
         <name>.debug_line</name>
         <load_address>0x20db</load_address>
         <run_address>0x20db</run_address>
         <size>0x45</size>
         <input_file_ref idref="fl-c2"/>
      </object_component>
      <object_component id="oc-3d">
         <name>.debug_line</name>
         <load_address>0x2120</load_address>
         <run_address>0x2120</run_address>
         <size>0x88</size>
         <input_file_ref idref="fl-c3"/>
      </object_component>
      <object_component id="oc-203">
         <name>.debug_line</name>
         <load_address>0x21a8</load_address>
         <run_address>0x21a8</run_address>
         <size>0xbf</size>
         <input_file_ref idref="fl-c5"/>
      </object_component>
      <object_component id="oc-109">
         <name>.debug_line</name>
         <load_address>0x2267</load_address>
         <run_address>0x2267</run_address>
         <size>0x6f</size>
         <input_file_ref idref="fl-c5"/>
      </object_component>
      <object_component id="oc-207">
         <name>.debug_line</name>
         <load_address>0x22d6</load_address>
         <run_address>0x22d6</run_address>
         <size>0x2e</size>
         <input_file_ref idref="fl-c5"/>
      </object_component>
      <object_component id="oc-229">
         <name>.debug_line</name>
         <load_address>0x2304</load_address>
         <run_address>0x2304</run_address>
         <size>0x9a</size>
         <input_file_ref idref="fl-c5"/>
      </object_component>
      <object_component id="oc-20c">
         <name>.debug_line</name>
         <load_address>0x239e</load_address>
         <run_address>0x239e</run_address>
         <size>0x97</size>
         <input_file_ref idref="fl-c5"/>
      </object_component>
      <object_component id="oc-211">
         <name>.debug_line</name>
         <load_address>0x2435</load_address>
         <run_address>0x2435</run_address>
         <size>0x93</size>
         <input_file_ref idref="fl-c5"/>
      </object_component>
      <object_component id="oc-97">
         <name>.debug_line</name>
         <load_address>0x24c8</load_address>
         <run_address>0x24c8</run_address>
         <size>0x40</size>
         <input_file_ref idref="fl-c6"/>
      </object_component>
      <object_component id="oc-fe">
         <name>.debug_line</name>
         <load_address>0x2508</load_address>
         <run_address>0x2508</run_address>
         <size>0x3c</size>
         <input_file_ref idref="fl-c8"/>
      </object_component>
      <object_component id="oc-233">
         <name>.debug_line</name>
         <load_address>0x2544</load_address>
         <run_address>0x2544</run_address>
         <size>0x20</size>
         <input_file_ref idref="fl-cb"/>
      </object_component>
      <object_component id="oc-175">
         <name>.debug_line</name>
         <load_address>0x2564</load_address>
         <run_address>0x2564</run_address>
         <size>0x8e</size>
         <input_file_ref idref="fl-cb"/>
      </object_component>
      <object_component id="oc-183">
         <name>.debug_line</name>
         <load_address>0x25f2</load_address>
         <run_address>0x25f2</run_address>
         <size>0x91</size>
         <input_file_ref idref="fl-cb"/>
      </object_component>
      <object_component id="oc-1c0">
         <name>.debug_line</name>
         <load_address>0x2683</load_address>
         <run_address>0x2683</run_address>
         <size>0x71</size>
         <input_file_ref idref="fl-cb"/>
      </object_component>
      <object_component id="oc-1b9">
         <name>.debug_line</name>
         <load_address>0x26f4</load_address>
         <run_address>0x26f4</run_address>
         <size>0x75</size>
         <input_file_ref idref="fl-cb"/>
      </object_component>
      <object_component id="oc-1f0">
         <name>.debug_line</name>
         <load_address>0x2769</load_address>
         <run_address>0x2769</run_address>
         <size>0x71</size>
         <input_file_ref idref="fl-cb"/>
      </object_component>
      <object_component id="oc-149">
         <name>.debug_line</name>
         <load_address>0x27da</load_address>
         <run_address>0x27da</run_address>
         <size>0x72</size>
         <input_file_ref idref="fl-cb"/>
      </object_component>
      <object_component id="oc-219">
         <name>.debug_line</name>
         <load_address>0x284c</load_address>
         <run_address>0x284c</run_address>
         <size>0x7c</size>
         <input_file_ref idref="fl-cc"/>
      </object_component>
      <object_component id="oc-21b">
         <name>.debug_line</name>
         <load_address>0x28c8</load_address>
         <run_address>0x28c8</run_address>
         <size>0x82</size>
         <input_file_ref idref="fl-cc"/>
      </object_component>
      <object_component id="oc-21d">
         <name>.debug_line</name>
         <load_address>0x294a</load_address>
         <run_address>0x294a</run_address>
         <size>0x82</size>
         <input_file_ref idref="fl-cc"/>
      </object_component>
      <object_component id="oc-217">
         <name>.debug_line</name>
         <load_address>0x29cc</load_address>
         <run_address>0x29cc</run_address>
         <size>0x82</size>
         <input_file_ref idref="fl-cc"/>
      </object_component>
      <object_component id="oc-1d8">
         <name>.debug_line</name>
         <load_address>0x2a4e</load_address>
         <run_address>0x2a4e</run_address>
         <size>0x97</size>
         <input_file_ref idref="fl-cc"/>
      </object_component>
      <object_component id="oc-166">
         <name>.debug_line</name>
         <load_address>0x2ae5</load_address>
         <run_address>0x2ae5</run_address>
         <size>0x97</size>
         <input_file_ref idref="fl-cc"/>
      </object_component>
      <object_component id="oc-153">
         <name>.debug_line</name>
         <load_address>0x2b7c</load_address>
         <run_address>0x2b7c</run_address>
         <size>0xaf</size>
         <input_file_ref idref="fl-cc"/>
      </object_component>
      <object_component id="oc-d5">
         <name>.debug_line</name>
         <load_address>0x2c2b</load_address>
         <run_address>0x2c2b</run_address>
         <size>0x97</size>
         <input_file_ref idref="fl-cc"/>
      </object_component>
      <object_component id="oc-15c">
         <name>.debug_line</name>
         <load_address>0x2cc2</load_address>
         <run_address>0x2cc2</run_address>
         <size>0xc2</size>
         <input_file_ref idref="fl-cc"/>
      </object_component>
      <object_component id="oc-162">
         <name>.debug_line</name>
         <load_address>0x2d84</load_address>
         <run_address>0x2d84</run_address>
         <size>0xc2</size>
         <input_file_ref idref="fl-cc"/>
      </object_component>
      <object_component id="oc-1bc">
         <name>.debug_line</name>
         <load_address>0x2e46</load_address>
         <run_address>0x2e46</run_address>
         <size>0x82</size>
         <input_file_ref idref="fl-cd"/>
      </object_component>
      <object_component id="oc-220">
         <name>.debug_line</name>
         <load_address>0x2ec8</load_address>
         <run_address>0x2ec8</run_address>
         <size>0x7e</size>
         <input_file_ref idref="fl-cd"/>
      </object_component>
      <object_component id="oc-222">
         <name>.debug_line</name>
         <load_address>0x2f46</load_address>
         <run_address>0x2f46</run_address>
         <size>0x7e</size>
         <input_file_ref idref="fl-cd"/>
      </object_component>
      <object_component id="oc-e4">
         <name>.debug_line</name>
         <load_address>0x2fc4</load_address>
         <run_address>0x2fc4</run_address>
         <size>0x9c</size>
         <input_file_ref idref="fl-cd"/>
      </object_component>
      <object_component id="oc-18c">
         <name>.debug_line</name>
         <load_address>0x3060</load_address>
         <run_address>0x3060</run_address>
         <size>0xaf</size>
         <input_file_ref idref="fl-cd"/>
      </object_component>
      <object_component id="oc-f0">
         <name>.debug_line</name>
         <load_address>0x310f</load_address>
         <run_address>0x310f</run_address>
         <size>0x9a</size>
         <input_file_ref idref="fl-cd"/>
      </object_component>
      <object_component id="oc-ea">
         <name>.debug_line</name>
         <load_address>0x31a9</load_address>
         <run_address>0x31a9</run_address>
         <size>0x93</size>
         <input_file_ref idref="fl-cd"/>
      </object_component>
      <object_component id="oc-cc">
         <name>.debug_line</name>
         <load_address>0x323c</load_address>
         <run_address>0x323c</run_address>
         <size>0x93</size>
         <input_file_ref idref="fl-cd"/>
      </object_component>
      <object_component id="oc-f3">
         <name>.debug_line</name>
         <load_address>0x32cf</load_address>
         <run_address>0x32cf</run_address>
         <size>0x93</size>
         <input_file_ref idref="fl-cd"/>
      </object_component>
      <object_component id="oc-df">
         <name>.debug_line</name>
         <load_address>0x3362</load_address>
         <run_address>0x3362</run_address>
         <size>0xb7</size>
         <input_file_ref idref="fl-cd"/>
      </object_component>
      <object_component id="oc-d3">
         <name>.debug_frame</name>
         <load_address>0x0</load_address>
         <run_address>0x0</run_address>
         <size>0xb98</size>
         <input_file_ref idref="fl-2"/>
      </object_component>
      <object_component id="oc-9d">
         <name>.debug_frame</name>
         <load_address>0xb98</load_address>
         <run_address>0xb98</run_address>
         <size>0x88</size>
         <input_file_ref idref="fl-3"/>
      </object_component>
      <object_component id="oc-29">
         <name>.debug_frame</name>
         <load_address>0xc20</load_address>
         <run_address>0xc20</run_address>
         <size>0x90</size>
         <input_file_ref idref="fl-4"/>
      </object_component>
      <object_component id="oc-48">
         <name>.debug_frame</name>
         <load_address>0xcb0</load_address>
         <run_address>0xcb0</run_address>
         <size>0x54</size>
         <input_file_ref idref="fl-bf"/>
      </object_component>
      <object_component id="oc-20">
         <name>.debug_frame</name>
         <load_address>0xd04</load_address>
         <run_address>0xd04</run_address>
         <size>0x54</size>
         <input_file_ref idref="fl-c0"/>
      </object_component>
      <object_component id="oc-17">
         <name>.debug_frame</name>
         <load_address>0xd58</load_address>
         <run_address>0xd58</run_address>
         <size>0x60</size>
         <input_file_ref idref="fl-c1"/>
      </object_component>
      <object_component id="oc-5e">
         <name>.debug_frame</name>
         <load_address>0xdb8</load_address>
         <run_address>0xdb8</run_address>
         <size>0x50</size>
         <input_file_ref idref="fl-c2"/>
      </object_component>
      <object_component id="oc-10a">
         <name>.debug_frame</name>
         <load_address>0xe08</load_address>
         <run_address>0xe08</run_address>
         <size>0x5c</size>
         <input_file_ref idref="fl-c5"/>
      </object_component>
      <object_component id="oc-96">
         <name>.debug_frame</name>
         <load_address>0xe64</load_address>
         <run_address>0xe64</run_address>
         <size>0x54</size>
         <input_file_ref idref="fl-c6"/>
      </object_component>
      <object_component id="oc-101">
         <name>.debug_frame</name>
         <load_address>0xeb8</load_address>
         <run_address>0xeb8</run_address>
         <size>0x54</size>
         <input_file_ref idref="fl-c8"/>
      </object_component>
      <object_component id="oc-174">
         <name>.debug_frame</name>
         <load_address>0xf0c</load_address>
         <run_address>0xf0c</run_address>
         <size>0x54</size>
         <input_file_ref idref="fl-cb"/>
      </object_component>
      <object_component id="oc-184">
         <name>.debug_frame</name>
         <load_address>0xf60</load_address>
         <run_address>0xf60</run_address>
         <size>0x54</size>
         <input_file_ref idref="fl-cb"/>
      </object_component>
      <object_component id="oc-1d4">
         <name>.debug_frame</name>
         <load_address>0xfb4</load_address>
         <run_address>0xfb4</run_address>
         <size>0x54</size>
         <input_file_ref idref="fl-cc"/>
      </object_component>
      <object_component id="oc-165">
         <name>.debug_frame</name>
         <load_address>0x1008</load_address>
         <run_address>0x1008</run_address>
         <size>0x54</size>
         <input_file_ref idref="fl-cc"/>
      </object_component>
      <object_component id="oc-157">
         <name>.debug_frame</name>
         <load_address>0x105c</load_address>
         <run_address>0x105c</run_address>
         <size>0x60</size>
         <input_file_ref idref="fl-cc"/>
      </object_component>
      <object_component id="oc-d9">
         <name>.debug_frame</name>
         <load_address>0x10bc</load_address>
         <run_address>0x10bc</run_address>
         <size>0x58</size>
         <input_file_ref idref="fl-cc"/>
      </object_component>
      <object_component id="oc-15d">
         <name>.debug_frame</name>
         <load_address>0x1114</load_address>
         <run_address>0x1114</run_address>
         <size>0x54</size>
         <input_file_ref idref="fl-cc"/>
      </object_component>
      <object_component id="oc-163">
         <name>.debug_frame</name>
         <load_address>0x1168</load_address>
         <run_address>0x1168</run_address>
         <size>0x54</size>
         <input_file_ref idref="fl-cc"/>
      </object_component>
      <object_component id="oc-e5">
         <name>.debug_frame</name>
         <load_address>0x11bc</load_address>
         <run_address>0x11bc</run_address>
         <size>0x54</size>
         <input_file_ref idref="fl-cd"/>
      </object_component>
      <object_component id="oc-190">
         <name>.debug_frame</name>
         <load_address>0x1210</load_address>
         <run_address>0x1210</run_address>
         <size>0x5c</size>
         <input_file_ref idref="fl-cd"/>
      </object_component>
      <object_component id="oc-f1">
         <name>.debug_frame</name>
         <load_address>0x126c</load_address>
         <run_address>0x126c</run_address>
         <size>0x5c</size>
         <input_file_ref idref="fl-cd"/>
      </object_component>
      <object_component id="oc-eb">
         <name>.debug_frame</name>
         <load_address>0x12c8</load_address>
         <run_address>0x12c8</run_address>
         <size>0x54</size>
         <input_file_ref idref="fl-cd"/>
      </object_component>
      <object_component id="oc-cd">
         <name>.debug_frame</name>
         <load_address>0x131c</load_address>
         <run_address>0x131c</run_address>
         <size>0x54</size>
         <input_file_ref idref="fl-cd"/>
      </object_component>
      <object_component id="oc-f7">
         <name>.debug_frame</name>
         <load_address>0x1370</load_address>
         <run_address>0x1370</run_address>
         <size>0x54</size>
         <input_file_ref idref="fl-cd"/>
      </object_component>
      <object_component id="oc-de">
         <name>.debug_frame</name>
         <load_address>0x13c4</load_address>
         <run_address>0x13c4</run_address>
         <size>0x58</size>
         <input_file_ref idref="fl-cd"/>
      </object_component>
      <object_component id="oc-13a">
         <name>.debug_abbrev</name>
         <load_address>0x0</load_address>
         <run_address>0x0</run_address>
         <size>0xb4</size>
         <input_file_ref idref="fl-2"/>
      </object_component>
      <object_component id="oc-1c2">
         <name>.debug_abbrev</name>
         <load_address>0xb4</load_address>
         <run_address>0xb4</run_address>
         <size>0x27</size>
         <input_file_ref idref="fl-2"/>
      </object_component>
      <object_component id="oc-1c4">
         <name>.debug_abbrev</name>
         <load_address>0xdb</load_address>
         <run_address>0xdb</run_address>
         <size>0x27</size>
         <input_file_ref idref="fl-2"/>
      </object_component>
      <object_component id="oc-1da">
         <name>.debug_abbrev</name>
         <load_address>0x102</load_address>
         <run_address>0x102</run_address>
         <size>0x27</size>
         <input_file_ref idref="fl-2"/>
      </object_component>
      <object_component id="oc-1df">
         <name>.debug_abbrev</name>
         <load_address>0x129</load_address>
         <run_address>0x129</run_address>
         <size>0x27</size>
         <input_file_ref idref="fl-2"/>
      </object_component>
      <object_component id="oc-1e3">
         <name>.debug_abbrev</name>
         <load_address>0x150</load_address>
         <run_address>0x150</run_address>
         <size>0x27</size>
         <input_file_ref idref="fl-2"/>
      </object_component>
      <object_component id="oc-1dc">
         <name>.debug_abbrev</name>
         <load_address>0x177</load_address>
         <run_address>0x177</run_address>
         <size>0x27</size>
         <input_file_ref idref="fl-2"/>
      </object_component>
      <object_component id="oc-1e1">
         <name>.debug_abbrev</name>
         <load_address>0x19e</load_address>
         <run_address>0x19e</run_address>
         <size>0x27</size>
         <input_file_ref idref="fl-2"/>
      </object_component>
      <object_component id="oc-180">
         <name>.debug_abbrev</name>
         <load_address>0x1c5</load_address>
         <run_address>0x1c5</run_address>
         <size>0x15b</size>
         <input_file_ref idref="fl-2"/>
      </object_component>
      <object_component id="oc-13d">
         <name>.debug_abbrev</name>
         <load_address>0x320</load_address>
         <run_address>0x320</run_address>
         <size>0x38</size>
         <input_file_ref idref="fl-2"/>
      </object_component>
      <object_component id="oc-72">
         <name>.debug_abbrev</name>
         <load_address>0x358</load_address>
         <run_address>0x358</run_address>
         <size>0x69</size>
         <input_file_ref idref="fl-2"/>
      </object_component>
      <object_component id="oc-b4">
         <name>.debug_abbrev</name>
         <load_address>0x3c1</load_address>
         <run_address>0x3c1</run_address>
         <size>0x1f</size>
         <input_file_ref idref="fl-2"/>
      </object_component>
      <object_component id="oc-af">
         <name>.debug_abbrev</name>
         <load_address>0x3e0</load_address>
         <run_address>0x3e0</run_address>
         <size>0x5c</size>
         <input_file_ref idref="fl-2"/>
      </object_component>
      <object_component id="oc-142">
         <name>.debug_abbrev</name>
         <load_address>0x43c</load_address>
         <run_address>0x43c</run_address>
         <size>0x24</size>
         <input_file_ref idref="fl-2"/>
      </object_component>
      <object_component id="oc-77">
         <name>.debug_abbrev</name>
         <load_address>0x460</load_address>
         <run_address>0x460</run_address>
         <size>0x24</size>
         <input_file_ref idref="fl-2"/>
      </object_component>
      <object_component id="oc-1f2">
         <name>.debug_abbrev</name>
         <load_address>0x484</load_address>
         <run_address>0x484</run_address>
         <size>0xb8</size>
         <input_file_ref idref="fl-3"/>
      </object_component>
      <object_component id="oc-193">
         <name>.debug_abbrev</name>
         <load_address>0x53c</load_address>
         <run_address>0x53c</run_address>
         <size>0x29</size>
         <input_file_ref idref="fl-3"/>
      </object_component>
      <object_component id="oc-fb">
         <name>.debug_abbrev</name>
         <load_address>0x565</load_address>
         <run_address>0x565</run_address>
         <size>0x8d</size>
         <input_file_ref idref="fl-3"/>
      </object_component>
      <object_component id="oc-6e">
         <name>.debug_abbrev</name>
         <load_address>0x5f2</load_address>
         <run_address>0x5f2</run_address>
         <size>0x68</size>
         <input_file_ref idref="fl-4"/>
      </object_component>
      <object_component id="oc-2d">
         <name>.debug_abbrev</name>
         <load_address>0x65a</load_address>
         <run_address>0x65a</run_address>
         <size>0x29</size>
         <input_file_ref idref="fl-4"/>
      </object_component>
      <object_component id="oc-6d">
         <name>.debug_abbrev</name>
         <load_address>0x683</load_address>
         <run_address>0x683</run_address>
         <size>0x79</size>
         <input_file_ref idref="fl-4"/>
      </object_component>
      <object_component id="oc-38">
         <name>.debug_abbrev</name>
         <load_address>0x6fc</load_address>
         <run_address>0x6fc</run_address>
         <size>0x1f</size>
         <input_file_ref idref="fl-4"/>
      </object_component>
      <object_component id="oc-c4">
         <name>.debug_abbrev</name>
         <load_address>0x71b</load_address>
         <run_address>0x71b</run_address>
         <size>0x5d</size>
         <input_file_ref idref="fl-bf"/>
      </object_component>
      <object_component id="oc-88">
         <name>.debug_abbrev</name>
         <load_address>0x778</load_address>
         <run_address>0x778</run_address>
         <size>0x6f</size>
         <input_file_ref idref="fl-bf"/>
      </object_component>
      <object_component id="oc-8b">
         <name>.debug_abbrev</name>
         <load_address>0x7e7</load_address>
         <run_address>0x7e7</run_address>
         <size>0x24</size>
         <input_file_ref idref="fl-bf"/>
      </object_component>
      <object_component id="oc-c1">
         <name>.debug_abbrev</name>
         <load_address>0x80b</load_address>
         <run_address>0x80b</run_address>
         <size>0x24</size>
         <input_file_ref idref="fl-bf"/>
      </object_component>
      <object_component id="oc-86">
         <name>.debug_abbrev</name>
         <load_address>0x82f</load_address>
         <run_address>0x82f</run_address>
         <size>0x37</size>
         <input_file_ref idref="fl-c0"/>
      </object_component>
      <object_component id="oc-40">
         <name>.debug_abbrev</name>
         <load_address>0x866</load_address>
         <run_address>0x866</run_address>
         <size>0x74</size>
         <input_file_ref idref="fl-c0"/>
      </object_component>
      <object_component id="oc-43">
         <name>.debug_abbrev</name>
         <load_address>0x8da</load_address>
         <run_address>0x8da</run_address>
         <size>0x24</size>
         <input_file_ref idref="fl-c0"/>
      </object_component>
      <object_component id="oc-83">
         <name>.debug_abbrev</name>
         <load_address>0x8fe</load_address>
         <run_address>0x8fe</run_address>
         <size>0x24</size>
         <input_file_ref idref="fl-c0"/>
      </object_component>
      <object_component id="oc-bd">
         <name>.debug_abbrev</name>
         <load_address>0x922</load_address>
         <run_address>0x922</run_address>
         <size>0x37</size>
         <input_file_ref idref="fl-c1"/>
      </object_component>
      <object_component id="oc-30">
         <name>.debug_abbrev</name>
         <load_address>0x959</load_address>
         <run_address>0x959</run_address>
         <size>0x6f</size>
         <input_file_ref idref="fl-c1"/>
      </object_component>
      <object_component id="oc-33">
         <name>.debug_abbrev</name>
         <load_address>0x9c8</load_address>
         <run_address>0x9c8</run_address>
         <size>0x24</size>
         <input_file_ref idref="fl-c1"/>
      </object_component>
      <object_component id="oc-ba">
         <name>.debug_abbrev</name>
         <load_address>0x9ec</load_address>
         <run_address>0x9ec</run_address>
         <size>0x35</size>
         <input_file_ref idref="fl-c1"/>
      </object_component>
      <object_component id="oc-7c">
         <name>.debug_abbrev</name>
         <load_address>0xa21</load_address>
         <run_address>0xa21</run_address>
         <size>0x24</size>
         <input_file_ref idref="fl-c1"/>
      </object_component>
      <object_component id="oc-6b">
         <name>.debug_abbrev</name>
         <load_address>0xa45</load_address>
         <run_address>0xa45</run_address>
         <size>0x29</size>
         <input_file_ref idref="fl-c2"/>
      </object_component>
      <object_component id="oc-a4">
         <name>.debug_abbrev</name>
         <load_address>0xa6e</load_address>
         <run_address>0xa6e</run_address>
         <size>0x55</size>
         <input_file_ref idref="fl-c2"/>
      </object_component>
      <object_component id="oc-80">
         <name>.debug_abbrev</name>
         <load_address>0xac3</load_address>
         <run_address>0xac3</run_address>
         <size>0x3e</size>
         <input_file_ref idref="fl-c3"/>
      </object_component>
      <object_component id="oc-202">
         <name>.debug_abbrev</name>
         <load_address>0xb01</load_address>
         <run_address>0xb01</run_address>
         <size>0xc0</size>
         <input_file_ref idref="fl-c5"/>
      </object_component>
      <object_component id="oc-1a0">
         <name>.debug_abbrev</name>
         <load_address>0xbc1</load_address>
         <run_address>0xbc1</run_address>
         <size>0x7e</size>
         <input_file_ref idref="fl-c5"/>
      </object_component>
      <object_component id="oc-206">
         <name>.debug_abbrev</name>
         <load_address>0xc3f</load_address>
         <run_address>0xc3f</run_address>
         <size>0x24</size>
         <input_file_ref idref="fl-c5"/>
      </object_component>
      <object_component id="oc-228">
         <name>.debug_abbrev</name>
         <load_address>0xc63</load_address>
         <run_address>0xc63</run_address>
         <size>0x24</size>
         <input_file_ref idref="fl-c5"/>
      </object_component>
      <object_component id="oc-20b">
         <name>.debug_abbrev</name>
         <load_address>0xc87</load_address>
         <run_address>0xc87</run_address>
         <size>0x24</size>
         <input_file_ref idref="fl-c5"/>
      </object_component>
      <object_component id="oc-210">
         <name>.debug_abbrev</name>
         <load_address>0xcab</load_address>
         <run_address>0xcab</run_address>
         <size>0x4b</size>
         <input_file_ref idref="fl-c5"/>
      </object_component>
      <object_component id="oc-c7">
         <name>.debug_abbrev</name>
         <load_address>0xcf6</load_address>
         <run_address>0xcf6</run_address>
         <size>0x55</size>
         <input_file_ref idref="fl-c6"/>
      </object_component>
      <object_component id="oc-196">
         <name>.debug_abbrev</name>
         <load_address>0xd4b</load_address>
         <run_address>0xd4b</run_address>
         <size>0x45</size>
         <input_file_ref idref="fl-c8"/>
      </object_component>
      <object_component id="oc-232">
         <name>.debug_abbrev</name>
         <load_address>0xd90</load_address>
         <run_address>0xd90</run_address>
         <size>0x27</size>
         <input_file_ref idref="fl-cb"/>
      </object_component>
      <object_component id="oc-1de">
         <name>.debug_abbrev</name>
         <load_address>0xdb7</load_address>
         <run_address>0xdb7</run_address>
         <size>0x50</size>
         <input_file_ref idref="fl-cb"/>
      </object_component>
      <object_component id="oc-1e5">
         <name>.debug_abbrev</name>
         <load_address>0xe07</load_address>
         <run_address>0xe07</run_address>
         <size>0x52</size>
         <input_file_ref idref="fl-cb"/>
      </object_component>
      <object_component id="oc-1bf">
         <name>.debug_abbrev</name>
         <load_address>0xe59</load_address>
         <run_address>0xe59</run_address>
         <size>0x69</size>
         <input_file_ref idref="fl-cb"/>
      </object_component>
      <object_component id="oc-1b8">
         <name>.debug_abbrev</name>
         <load_address>0xec2</load_address>
         <run_address>0xec2</run_address>
         <size>0x5c</size>
         <input_file_ref idref="fl-cb"/>
      </object_component>
      <object_component id="oc-1ef">
         <name>.debug_abbrev</name>
         <load_address>0xf1e</load_address>
         <run_address>0xf1e</run_address>
         <size>0x24</size>
         <input_file_ref idref="fl-cb"/>
      </object_component>
      <object_component id="oc-148">
         <name>.debug_abbrev</name>
         <load_address>0xf42</load_address>
         <run_address>0xf42</run_address>
         <size>0x24</size>
         <input_file_ref idref="fl-cb"/>
      </object_component>
      <object_component id="oc-218">
         <name>.debug_abbrev</name>
         <load_address>0xf66</load_address>
         <run_address>0xf66</run_address>
         <size>0x99</size>
         <input_file_ref idref="fl-cc"/>
      </object_component>
      <object_component id="oc-21a">
         <name>.debug_abbrev</name>
         <load_address>0xfff</load_address>
         <run_address>0xfff</run_address>
         <size>0x27</size>
         <input_file_ref idref="fl-cc"/>
      </object_component>
      <object_component id="oc-21c">
         <name>.debug_abbrev</name>
         <load_address>0x1026</load_address>
         <run_address>0x1026</run_address>
         <size>0x27</size>
         <input_file_ref idref="fl-cc"/>
      </object_component>
      <object_component id="oc-216">
         <name>.debug_abbrev</name>
         <load_address>0x104d</load_address>
         <run_address>0x104d</run_address>
         <size>0x29</size>
         <input_file_ref idref="fl-cc"/>
      </object_component>
      <object_component id="oc-21e">
         <name>.debug_abbrev</name>
         <load_address>0x1076</load_address>
         <run_address>0x1076</run_address>
         <size>0x40</size>
         <input_file_ref idref="fl-cc"/>
      </object_component>
      <object_component id="oc-1d9">
         <name>.debug_abbrev</name>
         <load_address>0x10b6</load_address>
         <run_address>0x10b6</run_address>
         <size>0x6c</size>
         <input_file_ref idref="fl-cc"/>
      </object_component>
      <object_component id="oc-1c9">
         <name>.debug_abbrev</name>
         <load_address>0x1122</load_address>
         <run_address>0x1122</run_address>
         <size>0x6c</size>
         <input_file_ref idref="fl-cc"/>
      </object_component>
      <object_component id="oc-187">
         <name>.debug_abbrev</name>
         <load_address>0x118e</load_address>
         <run_address>0x118e</run_address>
         <size>0x60</size>
         <input_file_ref idref="fl-cc"/>
      </object_component>
      <object_component id="oc-1ce">
         <name>.debug_abbrev</name>
         <load_address>0x11ee</load_address>
         <run_address>0x11ee</run_address>
         <size>0x6c</size>
         <input_file_ref idref="fl-cc"/>
      </object_component>
      <object_component id="oc-1d2">
         <name>.debug_abbrev</name>
         <load_address>0x125a</load_address>
         <run_address>0x125a</run_address>
         <size>0x6c</size>
         <input_file_ref idref="fl-cc"/>
      </object_component>
      <object_component id="oc-1bb">
         <name>.debug_abbrev</name>
         <load_address>0x12c6</load_address>
         <run_address>0x12c6</run_address>
         <size>0x7d</size>
         <input_file_ref idref="fl-cd"/>
      </object_component>
      <object_component id="oc-21f">
         <name>.debug_abbrev</name>
         <load_address>0x1343</load_address>
         <run_address>0x1343</run_address>
         <size>0x27</size>
         <input_file_ref idref="fl-cd"/>
      </object_component>
      <object_component id="oc-221">
         <name>.debug_abbrev</name>
         <load_address>0x136a</load_address>
         <run_address>0x136a</run_address>
         <size>0x27</size>
         <input_file_ref idref="fl-cd"/>
      </object_component>
      <object_component id="oc-189">
         <name>.debug_abbrev</name>
         <load_address>0x1391</load_address>
         <run_address>0x1391</run_address>
         <size>0x6c</size>
         <input_file_ref idref="fl-cd"/>
      </object_component>
      <object_component id="oc-1ec">
         <name>.debug_abbrev</name>
         <load_address>0x13fd</load_address>
         <run_address>0x13fd</run_address>
         <size>0x6c</size>
         <input_file_ref idref="fl-cd"/>
      </object_component>
      <object_component id="oc-191">
         <name>.debug_abbrev</name>
         <load_address>0x1469</load_address>
         <run_address>0x1469</run_address>
         <size>0x7a</size>
         <input_file_ref idref="fl-cd"/>
      </object_component>
      <object_component id="oc-18a">
[...]
         <name>SysCtlSleep</name>
         <value>0x13e1</value>
         <object_component_ref idref="oc-ce"/>
      </symbol>
      <symbol id="sm-25e">
         <name>GPIOIntEnable</name>
         <value>0x881</value>
         <object_component_ref idref="oc-ce"/>
      </symbol>
      <symbol id="sm-25f">
         <name>SysCtlPWMClockGet</name>
         <value>0x1c11</value>
         <object_component_ref idref="oc-ce"/>
      </symbol>
      <symbol id="sm-260">
         <name>SysCtlDeepSleepPowerSet</name>
         <value>0x13c9</value>
         <object_component_ref idref="oc-ce"/>
      </symbol>
      <symbol id="sm-261">
         <name>SysCtlClockOutConfig</name>
         <value>0x1d9d</value>
         <object_component_ref idref="oc-ce"/>
      </symbol>
      <symbol id="sm-262">
         <name>LCDTemizle</name>
         <value>0x2069</value>
         <object_component_ref idref="oc-ce"/>
      </symbol>
      <symbol id="sm-263">
         <name>GPIOPinTypeI2C</name>
         <value>0xb6d</value>
         <object_component_ref idref="oc-ce"/>
      </symbol>
      <symbol id="sm-264">
         <name>GPIOPinTypeUSBDigital</name>
         <value>0xcf9</value>
         <object_component_ref idref="oc-ce"/>
      </symbol>
      <symbol id="sm-265">
         <name>GPIOIntTypeSet</name>
         <value>0x373</value>
         <object_component_ref idref="oc-ce"/>
      </symbol>
      <symbol id="sm-266">
         <name>GPIOPinTypeADC</name>
         <value>0x9b7</value>
         <object_component_ref idref="oc-ce"/>
      </symbol>
      <symbol id="sm-267">
         <name>SysCtlNMIStatus</name>
         <value>0x1d69</value>
         <object_component_ref idref="oc-ce"/>
      </symbol>
      <symbol id="sm-268">
         <name>GPIODMATriggerDisable</name>
         <value>0xdf5</value>
         <object_component_ref idref="oc-ce"/>
      </symbol>
      <symbol id="sm-269">
         <name>SysCtlDeepSleepClockConfigSet</name>
         <value>0x1b6d</value>
         <object_component_ref idref="oc-ce"/>
      </symbol>
      <symbol id="sm-26a">
         <name>SysCtlDelay</name>
         <value>0x25f3</value>
         <object_component_ref idref="oc-17f"/>
      </symbol>
      <symbol id="sm-26b">
         <name>LCDgit</name>
         <value>0x202d</value>
         <object_component_ref idref="oc-ce"/>
      </symbol>
      <symbol id="sm-26c">
         <name>LCDilkayarlar</name>
         <value>0x1e9d</value>
         <object_component_ref idref="oc-ce"/>
      </symbol>
      <symbol id="sm-26d">
         <name>GPIOPinTypeGPIOInput</name>
         <value>0xad7</value>
         <object_component_ref idref="oc-ce"/>
      </symbol>
      <symbol id="sm-26e">
         <name>SysCtlVoltageEventClear</name>
         <value>0x1c99</value>
         <object_component_ref idref="oc-ce"/>
      </symbol>
      <symbol id="sm-26f">
         <name>SysCtlLDOSleepSet</name>
         <value>0x1389</value>
         <object_component_ref idref="oc-ce"/>
      </symbol>
      <symbol id="sm-270">
         <name>SysCtlMOSCConfigSet</name>
         <value>0x141f</value>
         <object_component_ref idref="oc-ce"/>
      </symbol>
      <symbol id="sm-271">
         <name>SysCtlPeripheralEnable</name>
         <value>0x1119</value>
         <object_component_ref idref="oc-ce"/>
      </symbol>
      <symbol id="sm-272">
         <name>SysCtlIntEnable</name>
         <value>0x1331</value>
         <object_component_ref idref="oc-ce"/>
      </symbol>
      <symbol id="sm-273">
         <name>SysCtlNMIClear</name>
         <value>0x1d81</value>
         <object_component_ref idref="oc-ce"/>
      </symbol>
      <symbol id="sm-274">
         <name>GPIOIntUnregisterPin</name>
         <value>0x95b</value>
         <object_component_ref idref="oc-ce"/>
      </symbol>
      <symbol id="sm-275">
         <name>SysCtlPeripheralPowerOff</name>
         <value>0x104d</value>
         <object_component_ref idref="oc-ce"/>
      </symbol>
      <symbol id="sm-276">
         <name>GPIOIntUnregister</name>
         <value>0x913</value>
         <object_component_ref idref="oc-ce"/>
      </symbol>
      <symbol id="sm-277">
         <name>SysCtlSleepPowerSet</name>
         <value>0x13b5</value>
         <object_component_ref idref="oc-ce"/>
      </symbol>
      <symbol id="sm-278">
         <name>GPIOPinTypeComparator</name>
         <value>0x9ff</value>
         <object_component_ref idref="oc-ce"/>
      </symbol>
      <symbol id="sm-279">
         <name>GPIOPinTypeComparatorOutput</name>
         <value>0xa23</value>
         <object_component_ref idref="oc-ce"/>
      </symbol>
      <symbol id="sm-27a">
         <name>GPIOPadConfigGet</name>
         <value>0x70f</value>
         <object_component_ref idref="oc-ce"/>
      </symbol>
      <symbol id="sm-27b">
         <name>SysCtlDeepSleep</name>
         <value>0x13e9</value>
         <object_component_ref idref="oc-ce"/>
      </symbol>
      <symbol id="sm-27c">
         <name>SysCtlLDODeepSleepSet</name>
         <value>0x139f</value>
         <object_component_ref idref="oc-ce"/>
      </symbol>
      <symbol id="sm-27d">
         <name>SysCtlPeripheralPowerOn</name>
         <value>0x1011</value>
         <object_component_ref idref="oc-ce"/>
      </symbol>
      <symbol id="sm-27e">
         <name>SysCtlPeripheralDeepSleepDisable</name>
         <value>0x1271</value>
         <object_component_ref idref="oc-ce"/>
      </symbol>
      <symbol id="sm-27f">
         <name>GPIOPinTypeOneWire</name>
         <value>0xbd9</value>
         <object_component_ref idref="oc-ce"/>
      </symbol>
      <symbol id="sm-280">
         <name>GPIOIntClear</name>
         <value>0x8e1</value>
         <object_component_ref idref="oc-ce"/>
      </symbol>
      <symbol id="sm-281">
         <name>GPIOADCTriggerEnable</name>
         <value>0xe13</value>
         <object_component_ref idref="oc-ce"/>
      </symbol>
      <symbol id="sm-282">
         <name>SysCtlPeripheralSleepDisable</name>
         <value>0x11e1</value>
         <object_component_ref idref="oc-ce"/>
      </symbol>
      <symbol id="sm-283">
         <name>GPIOADCTriggerDisable</name>
         <value>0xe31</value>
         <object_component_ref idref="oc-ce"/>
      </symbol>
      <symbol id="sm-284">
         <name>SysCtlVCOGet</name>
         <value>0x1cb1</value>
         <object_component_ref idref="oc-ce"/>
      </symbol>
      <symbol id="sm-285">
         <name>GPIOPinTypeUART</name>
         <value>0xcb1</value>
         <object_component_ref idref="oc-ce"/>
      </symbol>
      <symbol id="sm-286">
         <name>SysCtlResetBehaviorSet</name>
         <value>0x1485</value>
         <object_component_ref idref="oc-ce"/>
      </symbol>
      <symbol id="sm-287">
         <name>otuzhexgonder</name>
         <value>0x1dc9</value>
         <object_component_ref idref="oc-ce"/>
      </symbol>
      <symbol id="sm-288">
         <name>SysCtlReset</name>
         <value>0x13d9</value>
         <object_component_ref idref="oc-ce"/>
      </symbol>
      <symbol id="sm-289">
         <name>GPIOIntRegisterPin</name>
         <value>0x92d</value>
         <object_component_ref idref="oc-ce"/>
      </symbol>
      <symbol id="sm-28a">
         <name>GPIOIntStatus</name>
         <value>0x8bf</value>
         <object_component_ref idref="oc-ce"/>
      </symbol>
      <symbol id="sm-28b">
         <name>GPIOPinTypeDIVSCLK</name>
         <value>0xa47</value>
         <object_component_ref idref="oc-ce"/>
      </symbol>
      <symbol id="sm-28c">
         <name>GPIOPinTypeGPIOOutput</name>
         <value>0xafb</value>
         <object_component_ref idref="oc-ce"/>
      </symbol>
      <symbol id="sm-28d">
         <name>GPIOIntTypeGet</name>
         <value>0x417</value>
         <object_component_ref idref="oc-ce"/>
      </symbol>
      <symbol id="sm-28e">
         <name>GPIOPinRead</name>
         <value>0x97f</value>
         <object_component_ref idref="oc-ce"/>
      </symbol>
      <symbol id="sm-28f">
         <name>GPIODirModeSet</name>
         <value>0x2cb</value>
         <object_component_ref idref="oc-ce"/>
      </symbol>
      <symbol id="sm-290">
         <name>SysCtlGPIOAHBDisable</name>
         <value>0x1c43</value>
         <object_component_ref idref="oc-ce"/>
      </symbol>
      <symbol id="sm-291">
         <name>SysCtlSRAMSizeGet</name>
         <value>0xf35</value>
         <object_component_ref idref="oc-ce"/>
      </symbol>
      <symbol id="sm-292">
         <name>SysCtlClockGet</name>
         <value>0x19ad</value>
         <object_component_ref idref="oc-ce"/>
      </symbol>
      <symbol id="sm-293">
         <name>lcdkarakteryaz</name>
         <value>0x1fa1</value>
         <object_component_ref idref="oc-ce"/>
      </symbol>
      <symbol id="sm-294">
         <name>lcdfonksiyonayarla</name>
         <value>0x1f05</value>
         <object_component_ref idref="oc-ce"/>
      </symbol>
      <symbol id="sm-295">
         <name>SysCtlPeripheralDisable</name>
         <value>0x1159</value>
         <object_component_ref idref="oc-ce"/>
      </symbol>
      <symbol id="sm-296">
         <name>GPIOPinTypeQEI</name>
         <value>0xc21</value>
         <object_component_ref idref="oc-ce"/>
      </symbol>
      <symbol id="sm-297">
         <name>GPIOPinTypeHibernateRTCCLK</name>
         <value>0xb49</value>
         <object_component_ref idref="oc-ce"/>
      </symbol>
      <symbol id="sm-298">
         <name>GPIODMATriggerEnable</name>
         <value>0xdd7</value>
         <object_component_ref idref="oc-ce"/>
      </symbol>
      <symbol id="sm-299">
         <name>GPIOPinTypeEthernetMII</name>
         <value>0xab3</value>
         <object_component_ref idref="oc-ce"/>
      </symbol>
      <symbol id="sm-29a">
         <name>GPIOPinWrite</name>
         <value>0x997</value>
         <object_component_ref idref="oc-ce"/>
      </symbol>
      <symbol id="sm-29b">
         <name>SysCtlPWMClockSet</name>
         <value>0x1bf7</value>
         <object_component_ref idref="oc-ce"/>
      </symbol>
      <symbol id="sm-29c">
         <name>GPIOPadConfigSet</name>
         <value>0x4a1</value>
         <object_component_ref idref="oc-ce"/>
      </symbol>
      <symbol id="sm-29d">
         <name>GPIOPinTypeLCD</name>
         <value>0xbb5</value>
         <object_component_ref idref="oc-ce"/>
      </symbol>
      <symbol id="sm-29e">
         <name>GPIOPinTypeSSI</name>
         <value>0xc45</value>
         <object_component_ref idref="oc-ce"/>
      </symbol>
      <symbol id="sm-29f">
         <name>SysCtlUSBPLLEnable</name>
         <value>0x1c5f</value>
         <object_component_ref idref="oc-ce"/>
      </symbol>
      <symbol id="sm-2a0">
         <name>SysCtlPeripheralSleepEnable</name>
         <value>0x119d</value>
         <object_component_ref idref="oc-ce"/>
      </symbol>
      <symbol id="sm-2a1">
         <name>SysCtlIntUnregister</name>
         <value>0x1321</value>
         <object_component_ref idref="oc-ce"/>
      </symbol>
      <symbol id="sm-2a2">
         <name>GPIOPinTypeTimer</name>
         <value>0xc69</value>
         <object_component_ref idref="oc-ce"/>
      </symbol>
      <symbol id="sm-2a3">
         <name>GPIOPinTypeCAN</name>
         <value>0x9db</value>
         <object_component_ref idref="oc-ce"/>
      </symbol>
      <symbol id="sm-2a4">
         <name>SysCtlUSBPLLDisable</name>
         <value>0x1c6b</value>
         <object_component_ref idref="oc-ce"/>
      </symbol>
      <symbol id="sm-2a5">
         <name>lcdkomut</name>
         <value>0x1e09</value>
         <object_component_ref idref="oc-ce"/>
      </symbol>
      <symbol id="sm-2a6">
         <name>SysCtlPeripheralReady</name>
         <value>0xfd1</value>
         <object_component_ref idref="oc-ce"/>
      </symbol>
      <symbol id="sm-2a7">
         <name>SysCtlPIOSCCalibrate</name>
         <value>0x1435</value>
         <object_component_ref idref="oc-ce"/>
      </symbol>
      <symbol id="sm-2a8">
         <name>SysCtlResetCauseClear</name>
         <value>0x140b</value>
         <object_component_ref idref="oc-ce"/>
      </symbol>
      <symbol id="sm-2a9">
         <name>SysCtlLDOSleepGet</name>
         <value>0x1399</value>
         <object_component_ref idref="oc-ce"/>
      </symbol>
      <symbol id="sm-2aa">
         <name>SysCtlClockFreqSet</name>
         <value>0x14e5</value>
         <object_component_ref idref="oc-ce"/>
      </symbol>
      <symbol id="sm-2ab">
         <name>SysCtlPeripheralReset</name>
         <value>0x1091</value>
         <object_component_ref idref="oc-ce"/>
      </symbol>
      <symbol id="sm-2ac">
         <name>GPIOPinTypeEPI</name>
         <value>0xa6b</value>
         <object_component_ref idref="oc-ce"/>
      </symbol>
      <symbol id="sm-2ad">
         <name>GPIOPinTypeEthernetLED</name>
         <value>0xa8f</value>
         <object_component_ref idref="oc-ce"/>
      </symbol>
      <symbol id="sm-2ae">
         <name>GPIOUnlockPin</name>
         <value>0xe4f</value>
         <object_component_ref idref="oc-ce"/>
      </symbol>
      <symbol id="sm-2af">
         <name>GPIOPinWakeStatus</name>
         <value>0xd69</value>
         <object_component_ref idref="oc-ce"/>
      </symbol>
      <symbol id="sm-2d4">
         <name>kesme</name>
         <value>0x209d</value>
         <object_component_ref idref="oc-9b"/>
      </symbol>
      <symbol id="sm-2d5">
         <name>saniyeyiArtir</name>
         <value>0x20af</value>
         <object_component_ref idref="oc-9b"/>
      </symbol>
      <symbol id="sm-2d6">
         <name>main</name>
         <value>0x20f3</value>
         <object_component_ref idref="oc-9b"/>
      </symbol>
      <symbol id="sm-2d7">
         <name>saat</name>
         <value>0x20000478</value>
         <object_component_ref idref="oc-f8"/>
      </symbol>
      <symbol id="sm-2d8">
         <name>dakika</name>
         <value>0x20000474</value>
         <object_component_ref idref="oc-f8"/>
      </symbol>
      <symbol id="sm-2d9">
         <name>saniye</name>
         <value>0x20000470</value>
         <object_component_ref idref="oc-f8"/>
      </symbol>
      <symbol id="sm-2da">
         <name>timerFlag</name>
         <value>0x2000047c</value>
         <object_component_ref idref="oc-f8"/>
      </symbol>
      <symbol id="sm-2fb">
         <name>ResetISR</name>
         <value>0x25df</value>
         <object_component_ref idref="oc-27"/>
      </symbol>
      <symbol id="sm-2fc">
         <name>g_pfnVectors</name>
         <value>0x0</value>
         <object_component_ref idref="oc-12"/>
      </symbol>
      <symbol id="sm-315">
         <name>__TI_zero_init_nomemset</name>
         <value>0x254d</value>
         <object_component_ref idref="oc-47"/>
      </symbol>
      <symbol id="sm-32c">
         <name>__TI_decompress_none</name>
         <value>0x25c5</value>
         <object_component_ref idref="oc-1b"/>
      </symbol>
      <symbol id="sm-34f">
         <name>__TI_decompress_lzss</name>
         <value>0x238d</value>
         <object_component_ref idref="oc-15"/>
      </symbol>
      <symbol id="sm-362">
         <name>__stack</name>
         <value>0x20000270</value>
         <object_component_ref idref="oc-24"/>
      </symbol>
      <symbol id="sm-363">
         <name>_c_int00_noargs</name>
         <value>0x2519</value>
         <object_component_ref idref="oc-59"/>
      </symbol>
      <symbol id="sm-37e">
         <name>memcpy</name>
         <value>0x2221</value>
         <object_component_ref idref="oc-3b"/>
      </symbol>
      <symbol id="sm-37f">
         <name>__aeabi_memcpy</name>
         <value>0x2221</value>
         <object_component_ref idref="oc-3b"/>
      </symbol>
      <symbol id="sm-380">
         <name>__aeabi_memcpy8</name>
         <value>0x2221</value>
         <object_component_ref idref="oc-3b"/>
      </symbol>
      <symbol id="sm-381">
         <name>__aeabi_memcpy4</name>
         <value>0x2221</value>
         <object_component_ref idref="oc-3b"/>
      </symbol>
      <symbol id="sm-3aa">
         <name>__TI_auto_init_nobinit_nopinit</name>
         <value>0x24a1</value>
         <object_component_ref idref="oc-108"/>
      </symbol>
      <symbol id="sm-3b4">
         <name>_system_pre_init</name>
         <value>0x2601</value>
         <object_component_ref idref="oc-95"/>
      </symbol>
      <symbol id="sm-3c0">
         <name>C$$EXIT</name>
         <value>0x2605</value>
         <object_component_ref idref="oc-fc"/>
      </symbol>
      <symbol id="sm-3c1">
         <name>abort</name>
         <value>0x2605</value>
         <object_component_ref idref="oc-fc"/>
      </symbol>
      <symbol id="sm-3ec">
         <name>CPUcpsie</name>
         <value>0x25d3</value>
         <object_component_ref idref="oc-181"/>
      </symbol>
      <symbol id="sm-3ed">
         <name>CPUwfi</name>
         <value>0x25f9</value>
         <object_component_ref idref="oc-170"/>
      </symbol>
      <symbol id="sm-456">
         <name>IntEnable</name>
         <value>0x2325</value>
         <object_component_ref idref="oc-158"/>
      </symbol>
      <symbol id="sm-457">
         <name>IntDisable</name>
         <value>0x22bd</value>
         <object_component_ref idref="oc-15e"/>
      </symbol>
      <symbol id="sm-458">
         <name>IntRegister</name>
         <value>0x24e5</value>
         <object_component_ref idref="oc-152"/>
      </symbol>
      <symbol id="sm-459">
         <name>IntUnregister</name>
         <value>0x2581</value>
         <object_component_ref idref="oc-164"/>
      </symbol>
      <symbol id="sm-45a">
         <name>g_pfnRAMVectors</name>
         <value>0x20000000</value>
         <object_component_ref idref="oc-1c6"/>
      </symbol>
      <symbol id="sm-45b">
         <name>IntMasterEnable</name>
         <value>0x25a7</value>
         <object_component_ref idref="oc-d4"/>
      </symbol>
      <symbol id="sm-4b6">
         <name>TimerLoadSet</name>
         <value>0x2595</value>
         <object_component_ref idref="oc-e0"/>
      </symbol>
      <symbol id="sm-4b7">
         <name>TimerIntRegister</name>
         <value>0x2569</value>
         <object_component_ref idref="oc-ec"/>
      </symbol>
      <symbol id="sm-4b8">
         <name>TimerEnable</name>
         <value>0x25b7</value>
         <object_component_ref idref="oc-f2"/>
      </symbol>
      <symbol id="sm-4b9">
         <name>TimerIntEnable</name>
         <value>0x25eb</value>
         <object_component_ref idref="oc-e6"/>
      </symbol>
      <symbol id="sm-4ba">
         <name>TimerConfigure</name>
         <value>0x23f5</value>
         <object_component_ref idref="oc-da"/>
      </symbol>
      <symbol id="sm-4bb">
         <name>TimerIntClear</name>
         <value>0x25fd</value>
         <object_component_ref idref="oc-c8"/>
      </symbol>
      <symbol id="sm-4bc">
         <name>__TI_static_base__</name>
         <value>0x0</value>
      </symbol>
      <symbol id="sm-4bf">
         <name>__mpu_init</name>
         <value>0x0</value>
      </symbol>
      <symbol id="sm-4c0">
         <name>_system_post_cinit</name>
         <value>0x0</value>
      </symbol>
   </symbol_table>
   <title>Link successful</title>
</link_info>
