******************************************************************************
                  TI ARM Linker PC v20.2.7                     
******************************************************************************
>> Linked Fri Jan  3 19:09:18 2025

OUTPUT FILE NAME:   <ADC_ODEV_2.out>
ENTRY POINT SYMBOL: "_c_int00_noargs"  address: 000040e5


MEMORY CONFIGURATION

         name            origin    length      used     unused   attr    fill
----------------------  --------  ---------  --------  --------  ----  --------
  FLASH                 00000000   00040000  00004818  0003b7e8  R  X
  SRAM                  20000000   00008000  00000498  00007b68  RW X


SEGMENT ALLOCATION MAP

run origin  load origin   length   init length attrs members
----------  ----------- ---------- ----------- ----- -------
00000000    00000000    00004818   00004818    r-x
  00000000    00000000    0000026c   0000026c    r-- .intvecs
  0000026c    0000026c    000041ec   000041ec    r-x .text
  00004458    00004458    00000370   00000370    r-- .const
  000047c8    000047c8    00000050   00000050    r-- .cinit
20000000    20000000    0000049c   00000000    rw-
  20000000    20000000    0000026c   00000000    rw- .vtable
  20000270    20000270    00000200   00000000    rw- .stack
  20000470    20000470    0000001c   00000000    rw- .data
  2000048c    2000048c    00000010   00000000    rw- .bss


SECTION ALLOCATION MAP

 output                                  attributes/
section   page    origin      length       input sections
--------  ----  ----------  ----------   ----------------
.intvecs   0    00000000    0000026c     
                  00000000    0000026c     tm4c123gh6pm_startup_ccs.obj (.intvecs)

.text      0    0000026c    000041ec     
                  0000026c    00000b14     rtsv7M4_T_le_v4SPD16_eabi.lib : _scanfi.c.obj (.text:__TI_scanfi)
                  00000d80    00000a4e                                   : _printfi.c.obj (.text:__TI_printfi)
                  000017ce    00000002                                   : div0.asm.obj (.text)
                  000017d0    00000460                                   : strtod.c.obj (.text:strtod)
                  00001c30    00000304     main.obj (.text)
                  00001f34    00000270     rtsv7M4_T_le_v4SPD16_eabi.lib : _printfi.c.obj (.text:_pconv_a)
                  000021a4    00000264     lcd.obj (.text)
                  00002408    000001dc     rtsv7M4_T_le_v4SPD16_eabi.lib : strtoll.c.obj (.text:strtoll)
                  000025e4    000001d0                                   : _printfi.c.obj (.text:_pconv_g)
                  000027b4    000001b6                                   : fd_add_t2.asm.obj (.text)
                  0000296a    00000002     --HOLE-- [fill = 0]
                  0000296c    0000016c     driverlib.lib : gpio.obj (.text:GPIOPadConfigSet)
                  00002ad8    0000015c     rtsv7M4_T_le_v4SPD16_eabi.lib : strtoull.c.obj (.text:strtoull)
                  00002c34    0000013c                                   : _printfi.c.obj (.text:_pconv_e)
                  00002d70    00000136                                   : fd_div_t2.asm.obj (.text)
                  00002ea6    00000002     --HOLE-- [fill = 0]
                  00002ea8    00000130                                   : strtol.c.obj (.text:strtol)
                  00002fd8    00000124                                   : _printfi.c.obj (.text:fcvt)
                  000030fc    00000118     driverlib.lib : sysctl.obj (.text:SysCtlClockGet)
                  00003214    00000110     rtsv7M4_T_le_v4SPD16_eabi.lib : s_scalbn.c.obj (.text:scalbn)
                  00003324    00000110                                   : strtoul.c.obj (.text:strtoul)
                  00003434    000000fc                                   : fd_mul_t2.asm.obj (.text)
                  00003530    000000f4     driverlib.lib : sysctl.obj (.text:SysCtlClockSet)
                  00003624    000000b1     rtsv7M4_T_le_v4SPD16_eabi.lib : _printfi.c.obj (.text:_ltostr)
                  000036d5    00000001     --HOLE-- [fill = 0]
                  000036d6    0000009c                                   : memcpy_t2.asm.obj (.text)
                  00003772    00000096                                   : ull_div_t2.asm.obj (.text)
                  00003808    00000086                                   : fd_cmp_t2.asm.obj (.text:__aeabi_cdcmple)
                  0000388e    00000086                                   : fd_cmp_t2.asm.obj (.text:__aeabi_cdrcmple)
                  00003914    0000007a     driverlib.lib : adc.obj (.text:ADCSequenceStepConfigure)
                  0000398e    0000007a     rtsv7M4_T_le_v4SPD16_eabi.lib : memset_t2.asm.obj (.text)
                  00003a08    0000006e                                   : _printfi.c.obj (.text:_mcpy)
                  00003a76    0000006e                                   : fd_tos_t2.asm.obj (.text)
                  00003ae4    00000068     driverlib.lib : interrupt.obj (.text:IntEnable)
                  00003b4c    00000068     rtsv7M4_T_le_v4SPD16_eabi.lib : sscanf.c.obj (.text:_chkmbc)
                  00003bb4    00000068                                   : copy_decompress_lzss.c.obj (.text:decompress:lzss:__TI_decompress_lzss)
                  00003c1c    00000064                                   : s_frexp.c.obj (.text:frexp)
                  00003c80    00000056                                   : _printfi.c.obj (.text:_pconv_f)
                  00003cd6    00000054                                   : _ltoa.c.obj (.text:__TI_ltoa)
                  00003d2a    00000052                                   : _printfi.c.obj (.text:_ecpy)
                  00003d7c    0000004e     driverlib.lib : adc.obj (.text:ADCSequenceConfigure)
                  00003dca    00000002     --HOLE-- [fill = 0]
                  00003dcc    0000004c                   : gpio.obj (.text:GPIOPinConfigure)
                  00003e18    0000004c     rtsv7M4_T_le_v4SPD16_eabi.lib : atoi.c.obj (.text:atoi)
                  00003e64    0000004c                                   : snprintf.c.obj (.text:snprintf)
                  00003eb0    00000048                                   : fd_toi_t2.asm.obj (.text)
                  00003ef8    00000046     driverlib.lib : uart.obj (.text:UARTConfigSetExpClk)
                  00003f3e    00000002     --HOLE-- [fill = 0]
                  00003f40    00000044     rtsv7M4_T_le_v4SPD16_eabi.lib : autoinit.c.obj (.text:__TI_auto_init_nobinit_nopinit:__TI_auto_init_nobinit_nopinit)
                  00003f84    00000040     driverlib.lib : uart.obj (.text:_UARTIntNumberGet)
                  00003fc4    00000040     rtsv7M4_T_le_v4SPD16_eabi.lib : sprintf.c.obj (.text:sprintf)
                  00004004    0000003e                                   : _printfi.c.obj (.text:_fcpy)
                  00004042    00000002     --HOLE-- [fill = 0]
                  00004044    00000038                                   : sscanf.c.obj (.text:sscanf)
                  0000407c    00000034     driverlib.lib : interrupt.obj (.text:IntRegister)
                  000040b0    00000034                   : sysctl.obj (.text:SysCtlPeripheralEnable)
                  000040e4    00000034     rtsv7M4_T_le_v4SPD16_eabi.lib : boot_cortex_m.c.obj (.text:_c_int00_noargs:_c_int00_noargs)
                  00004118    00000030                                   : snprintf.c.obj (.text:_outs)
                  00004148    0000002e     driverlib.lib : adc.obj (.text:ADCIntStatus)
                  00004176    0000002e     rtsv7M4_T_le_v4SPD16_eabi.lib : i_tofd_t2.asm.obj (.text)
                  000041a4    0000002c     driverlib.lib : gpio.obj (.text:GPIODirModeSet)
                  000041d0    00000020                   : uart.obj (.text:UARTDisable)
                  000041f0    0000001e                   : adc.obj (.text:ADCSequenceDataGet)
                  0000420e    0000001c     rtsv7M4_T_le_v4SPD16_eabi.lib : copy_zero_init.c.obj (.text:decompress:ZI:__TI_zero_init_nomemset:__TI_zero_init_nomemset)
                  0000422a    0000001c                                   : memccpy.c.obj (.text:memccpy)
                  00004246    0000001a     driverlib.lib : gpio.obj (.text:GPIOPinTypeGPIOOutput)
                  00004260    0000001a     rtsv7M4_T_le_v4SPD16_eabi.lib : s_copysign.c.obj (.text:copysign)
                  0000427a    00000018     driverlib.lib : adc.obj (.text:ADCProcessorTrigger)
                  00004292    00000018                   : uart.obj (.text:UARTIntRegister)
                  000042aa    00000018     rtsv7M4_T_le_v4SPD16_eabi.lib : snprintf.c.obj (.text:_outc)
                  000042c2    00000018                                   : sprintf.c.obj (.text:_outs)
                  000042da    00000018                                   : ll_mul_t2.asm.obj (.text)
                  000042f2    00000018                                   : strcmp.c.obj (.text:strcmp)
                  0000430a    00000018                                   : strrchr.c.obj (.text:strrchr)
                  00004322    00000016     driverlib.lib : gpio.obj (.text:GPIOPinTypeUART)
                  00004338    00000016     rtsv7M4_T_le_v4SPD16_eabi.lib : strchr.c.obj (.text:strchr)
                  0000434e    00000014     driverlib.lib : uart.obj (.text:UARTEnable)
                  00004362    00000014     rtsv7M4_T_le_v4SPD16_eabi.lib : strcpy.c.obj (.text:strcpy)
                  00004376    00000014                                   : strlen.c.obj (.text:strlen)
                  0000438a    00000012                                   : sscanf.c.obj (.text:_inpchar)
                  0000439c    00000012                                   : wcslen.c.obj (.text:wcslen)
                  000043ae    00000010     driverlib.lib : interrupt.obj (.text:IntMasterEnable)
                  000043be    0000000e                   : adc.obj (.text:ADCSequenceEnable)
                  000043cc    0000000e                   : uart.obj (.text:UARTCharsAvail)
                  000043da    0000000e     rtsv7M4_T_le_v4SPD16_eabi.lib : copy_decompress_none.c.obj (.text:decompress:none:__TI_decompress_none)
                  000043e8    0000000c     driverlib.lib : cpu.obj (.text:CPUcpsie)
                  000043f4    0000000c     tm4c123gh6pm_startup_ccs.obj (.text)
                  00004400    0000000a     driverlib.lib : adc.obj (.text:ADCIntClear)
                  0000440a    0000000a                   : uart.obj (.text:UARTCharGet)
                  00004414    0000000a                   : uart.obj (.text:UARTCharPut)
                  0000441e    0000000a     rtsv7M4_T_le_v4SPD16_eabi.lib : sprintf.c.obj (.text:_outc)
                  00004428    00000008     driverlib.lib : uart.obj (.text:UARTIntEnable)
                  00004430    00000008     rtsv7M4_T_le_v4SPD16_eabi.lib : errno.c.obj (.text:__aeabi_errno_addr)
                  00004438    00000008                                   : sscanf.c.obj (.text:_uninpchar)
                  00004440    00000006     driverlib.lib : gpio.obj (.text:GPIOPinWrite)
                  00004446    00000006                   : sysctl.obj (.text:SysCtlDelay)
                  0000444c    00000004                   : uart.obj (.text:UARTIntClear)
                  00004450    00000004     rtsv7M4_T_le_v4SPD16_eabi.lib : pre_init.c.obj (.text:_system_pre_init)
                  00004454    00000004                                   : exit.c.obj (.text:abort:abort)

.const     0    00004458    00000370     
                  00004458    00000101     rtsv7M4_T_le_v4SPD16_eabi.lib : ctype.c.obj (.const:.string:_ctypes_)
                  00004559    00000007     --HOLE-- [fill = 0]
                  00004560    000000c8                                   : strtod.c.obj (.const:$O1$$)
                  00004628    00000090     driverlib.lib : gpio.obj (.const:g_pui32GPIOBaseAddrs)
                  000046b8    0000006c                   : sysctl.obj (.const:g_pui32Xtals)
                  00004724    00000040                   : uart.obj (.const:g_ppui32UARTIntMap)
                  00004764    00000040                   : uart.obj (.const:g_ppui32UARTIntMapSnowflake)
                  000047a4    00000014                   : interrupt.obj (.const:g_pui32EnRegs)
                  000047b8    00000010     rtsv7M4_T_le_v4SPD16_eabi.lib : _scanfi.c.obj (.const:$O1$$)

.cinit     0    000047c8    00000050     
                  000047c8    00000016     (.cinit..data.load) [load image, compression = lzss]
                  000047de    00000002     --HOLE-- [fill = 0]
                  000047e0    0000000c     (__TI_handler_table)
                  000047ec    00000004     --HOLE-- [fill = 0]
                  000047f0    00000008     (.cinit..bss.load) [load image, compression = zero_init]
                  000047f8    00000008     (.cinit..vtable.load) [load image, compression = zero_init]
                  00004800    00000018     (__TI_cinit_table)

.init_array 
*          0    00000000    00000000     UNINITIALIZED

.vtable    0    20000000    0000026c     UNINITIALIZED
                  20000000    0000026c     driverlib.lib : interrupt.obj (.vtable)

.data      0    20000470    0000001c     UNINITIALIZED
                  20000470    0000000c     main.obj (.data)
                  2000047c    00000009     main.obj (.data:saatBilgisi)
                  20000485    00000003     --HOLE--
                  20000488    00000004     rtsv7M4_T_le_v4SPD16_eabi.lib : errno.c.obj (.data)

.bss       0    2000048c    00000010     UNINITIALIZED
                  2000048c    00000010     main.obj (.bss:buffer$1)

.stack     0    20000270    00000200     UNINITIALIZED
                  20000270    00000004     rtsv7M4_T_le_v4SPD16_eabi.lib : boot_cortex_m.c.obj (.stack)
                  20000274    000001fc     --HOLE--

__llvm_prf_cnts 
*          0    20000000    00000000     UNINITIALIZED

MODULE SUMMARY

       Module                         code    ro data   rw data
       ------                         ----    -------   -------
    .\
       main.obj                       772     0         37     
       tm4c123gh6pm_startup_ccs.obj   12      620       0      
       lcd.obj                        612     0         0      
    +--+------------------------------+-------+---------+---------+
       Total:                         1396    620       37     
                                                               
    C:/ti/TivaWare_C_Series-2.2.0.295/driverlib/ccs/Debug/driverlib.lib
       interrupt.obj                  172     20        620    
       sysctl.obj                     582     108       0      
       gpio.obj                       538     144       0      
       uart.obj                       256     128       0      
       adc.obj                        324     0         0      
       cpu.obj                        12      0         0      
    +--+------------------------------+-------+---------+---------+
       Total:                         1884    400       620    
                                                               
    C:\ti\ccs1280\ccs\tools\compiler\ti-cgt-arm_20.2.7.LTS\lib\rtsv7M4_T_le_v4SPD16_eabi.lib
       _printfi.c.obj                 4851    0         0      
       _scanfi.c.obj                  2836    16        0      
       strtod.c.obj                   1120    200       0      
       strtoll.c.obj                  476     0         0      
       fd_add_t2.asm.obj              438     0         0      
       strtoull.c.obj                 348     0         0      
       fd_div_t2.asm.obj              310     0         0      
       strtol.c.obj                   304     0         0      
       s_scalbn.c.obj                 272     0         0      
       strtoul.c.obj                  272     0         0      
       fd_cmp_t2.asm.obj              268     0         0      
       ctype.c.obj                    0       257       0      
       fd_mul_t2.asm.obj              252     0         0      
       sscanf.c.obj                   186     0         0      
       memcpy_t2.asm.obj              156     0         0      
       ull_div_t2.asm.obj             150     0         0      
       snprintf.c.obj                 148     0         0      
       memset_t2.asm.obj              122     0         0      
       fd_tos_t2.asm.obj              110     0         0      
       copy_decompress_lzss.c.obj     104     0         0      
       s_frexp.c.obj                  100     0         0      
       sprintf.c.obj                  98      0         0      
       _ltoa.c.obj                    84      0         0      
       atoi.c.obj                     76      0         0      
       fd_toi_t2.asm.obj              72      0         0      
       autoinit.c.obj                 68      0         0      
       boot_cortex_m.c.obj            52      0         0      
       i_tofd_t2.asm.obj              46      0         0      
       copy_zero_init.c.obj           28      0         0      
       memccpy.c.obj                  28      0         0      
       s_copysign.c.obj               26      0         0      
       ll_mul_t2.asm.obj              24      0         0      
       strcmp.c.obj                   24      0         0      
       strrchr.c.obj                  24      0         0      
       strchr.c.obj                   22      0         0      
       strcpy.c.obj                   20      0         0      
       strlen.c.obj                   20      0         0      
       wcslen.c.obj                   18      0         0      
       copy_decompress_none.c.obj     14      0         0      
       errno.c.obj                    8       0         4      
       exit.c.obj                     4       0         0      
       pre_init.c.obj                 4       0         0      
       div0.asm.obj                   2       0         0      
    +--+------------------------------+-------+---------+---------+
       Total:                         13585   473       4      
                                                               
       Stack:                         0       0         512    
       Linker Generated:              0       74        0      
    +--+------------------------------+-------+---------+---------+
       Grand Total:                   16865   1567      1173   


LINKER GENERATED COPY TABLES

__TI_cinit_table @ 00004800 records: 3, size/record: 8, table size: 24
	.data: load addr=000047c8, load size=00000016 bytes, run addr=20000470, run size=0000001c bytes, compression=lzss
	.bss: load addr=000047f0, load size=00000008 bytes, run addr=2000048c, run size=00000010 bytes, compression=zero_init
	.vtable: load addr=000047f8, load size=00000008 bytes, run addr=20000000, run size=0000026c bytes, compression=zero_init


LINKER GENERATED HANDLER TABLE

__TI_handler_table @ 000047e0 records: 3, size/record: 4, table size: 12
	index: 0, handler: __TI_zero_init
	index: 1, handler: __TI_decompress_lzss
	index: 2, handler: __TI_decompress_none


GLOBAL SYMBOLS: SORTED ALPHABETICALLY BY Name 

address   name                          
-------   ----                          
00004401  ADCIntClear                   
00004149  ADCIntStatus                  
0000427b  ADCProcessorTrigger           
00003d7d  ADCSequenceConfigure          
000041f1  ADCSequenceDataGet            
000043bf  ADCSequenceEnable             
00003915  ADCSequenceStepConfigure      
00004455  C$$EXIT                       
000043e9  CPUcpsie                      
000041a5  GPIODirModeSet                
0000296d  GPIOPadConfigSet              
00003dcd  GPIOPinConfigure              
00004247  GPIOPinTypeGPIOOutput         
00004323  GPIOPinTypeUART               
00004441  GPIOPinWrite                  
00003ae5  IntEnable                     
000043af  IntMasterEnable               
0000407d  IntRegister                   
0000237b  LCDTemizle                    
0000238d  LCDgit                        
000022ef  LCDilkayarlar                 
000043f5  ResetISR                      
000030fd  SysCtlClockGet                
00003531  SysCtlClockSet                
00004447  SysCtlDelay                   
000040b1  SysCtlPeripheralEnable        
00001c31  UART0Handler                  
0000440b  UARTCharGet                   
00004415  UARTCharPut                   
000043cd  UARTCharsAvail                
00003ef9  UARTConfigSetExpClk           
000041d1  UARTDisable                   
0000434f  UARTEnable                    
0000444d  UARTIntClear                  
00004429  UARTIntEnable                 
00004293  UARTIntRegister               
20000470  __STACK_END                   
00000200  __STACK_SIZE                  
20000470  __STACK_TOP                   
00004800  __TI_CINIT_Base               
00004818  __TI_CINIT_Limit              
000047e0  __TI_Handler_Table_Base       
000047ec  __TI_Handler_Table_Limit      
00003f41  __TI_auto_init_nobinit_nopinit
00003bb5  __TI_decompress_lzss          
000043db  __TI_decompress_none          
00003cd7  __TI_ltoa                     
ffffffff  __TI_pprof_out_hndl           
00000d81  __TI_printfi                  
ffffffff  __TI_prof_data_size           
ffffffff  __TI_prof_data_start          
0000026d  __TI_scanfi                   
00000000  __TI_static_base__            
0000420f  __TI_zero_init_nomemset       
00003809  __aeabi_cdcmpeq               
00003809  __aeabi_cdcmple               
0000388f  __aeabi_cdrcmple              
00003a77  __aeabi_d2f                   
00003eb1  __aeabi_d2iz                  
000027bf  __aeabi_dadd                  
00002d71  __aeabi_ddiv                  
00003435  __aeabi_dmul                  
000027b5  __aeabi_dsub                  
00004431  __aeabi_errno_addr            
00004177  __aeabi_i2d                   
000017cf  __aeabi_idiv0                 
000017cf  __aeabi_ldiv0                 
000042db  __aeabi_lmul                  
0000398f  __aeabi_memclr                
0000398f  __aeabi_memclr4               
0000398f  __aeabi_memclr8               
000036d7  __aeabi_memcpy                
000036d7  __aeabi_memcpy4               
000036d7  __aeabi_memcpy8               
00003991  __aeabi_memset                
00003991  __aeabi_memset4               
00003991  __aeabi_memset8               
00003773  __aeabi_uldivmod              
ffffffff  __binit__                     
ffffffff  __c_args__                    
UNDEFED   __mpu_init                    
20000270  __stack                       
20000000  __start___llvm_prf_cnts       
20000000  __stop___llvm_prf_cnts        
000040e5  _c_int00_noargs               
00004458  _ctypes_                      
UNDEFED   _system_post_cinit            
00004451  _system_pre_init              
00004455  abort                         
20000470  adcValue                      
00003e19  atoi                          
ffffffff  binit                         
00004261  copysign                      
00004261  copysignl                     
20000488  errno                         
00003c1d  frexp                         
00003c1d  frexpl                        
20000000  g_pfnRAMVectors               
00000000  g_pfnVectors                  
00001def  initSystem                    
000023dd  lcdSayiyaz                    
00002267  lcdkarakteryaz                
000021df  lcdkomut                      
000023c1  lcdyaz                        
00003215  ldexp                         
00003215  ldexpl                        
00001e79  main                          
0000422b  memccpy                       
000036d7  memcpy                        
00003997  memset                        
000021a5  otuzhexgonder                 
2000047c  saatBilgisi                   
20000475  saatGuncelle                  
00003215  scalbn                        
00003215  scalbnl                       
00001cdd  sendADCandTime                
00003e65  snprintf                      
00003fc5  sprintf                       
00004045  sscanf                        
00004339  strchr                        
000042f3  strcmp                        
00004363  strcpy                        
00004377  strlen                        
0000430b  strrchr                       
000017d1  strtod                        
00002ea9  strtol                        
000017d1  strtold                       
00002409  strtoll                       
00003325  strtoul                       
00002ad9  strtoull                      
00001dad  updateLCD                     
0000439d  wcslen                        
20000474  yeniSaatGeldi                 


GLOBAL SYMBOLS: SORTED BY Symbol Address 

address   name                          
-------   ----                          
00000000  __TI_static_base__            
00000000  g_pfnVectors                  
00000200  __STACK_SIZE                  
0000026d  __TI_scanfi                   
00000d81  __TI_printfi                  
000017cf  __aeabi_idiv0                 
000017cf  __aeabi_ldiv0                 
000017d1  strtod                        
000017d1  strtold                       
00001c31  UART0Handler                  
00001cdd  sendADCandTime                
00001dad  updateLCD                     
00001def  initSystem                    
00001e79  main                          
000021a5  otuzhexgonder                 
000021df  lcdkomut                      
00002267  lcdkarakteryaz                
000022ef  LCDilkayarlar                 
0000237b  LCDTemizle                    
0000238d  LCDgit                        
000023c1  lcdyaz                        
000023dd  lcdSayiyaz                    
00002409  strtoll                       
000027b5  __aeabi_dsub                  
000027bf  __aeabi_dadd                  
0000296d  GPIOPadConfigSet              
00002ad9  strtoull                      
00002d71  __aeabi_ddiv                  
00002ea9  strtol                        
000030fd  SysCtlClockGet                
00003215  ldexp                         
00003215  ldexpl                        
00003215  scalbn                        
00003215  scalbnl                       
00003325  strtoul                       
00003435  __aeabi_dmul                  
00003531  SysCtlClockSet                
000036d7  __aeabi_memcpy                
000036d7  __aeabi_memcpy4               
000036d7  __aeabi_memcpy8               
000036d7  memcpy                        
00003773  __aeabi_uldivmod              
00003809  __aeabi_cdcmpeq               
00003809  __aeabi_cdcmple               
0000388f  __aeabi_cdrcmple              
00003915  ADCSequenceStepConfigure      
0000398f  __aeabi_memclr                
0000398f  __aeabi_memclr4               
0000398f  __aeabi_memclr8               
00003991  __aeabi_memset                
00003991  __aeabi_memset4               
00003991  __aeabi_memset8               
00003997  memset                        
00003a77  __aeabi_d2f                   
00003ae5  IntEnable                     
00003bb5  __TI_decompress_lzss          
00003c1d  frexp                         
00003c1d  frexpl                        
00003cd7  __TI_ltoa                     
00003d7d  ADCSequenceConfigure          
00003dcd  GPIOPinConfigure              
00003e19  atoi                          
00003e65  snprintf                      
00003eb1  __aeabi_d2iz                  
00003ef9  UARTConfigSetExpClk           
00003f41  __TI_auto_init_nobinit_nopinit
00003fc5  sprintf                       
00004045  sscanf                        
0000407d  IntRegister                   
000040b1  SysCtlPeripheralEnable        
000040e5  _c_int00_noargs               
00004149  ADCIntStatus                  
00004177  __aeabi_i2d                   
000041a5  GPIODirModeSet                
000041d1  UARTDisable                   
000041f1  ADCSequenceDataGet            
0000420f  __TI_zero_init_nomemset       
0000422b  memccpy                       
00004247  GPIOPinTypeGPIOOutput         
00004261  copysign                      
00004261  copysignl                     
0000427b  ADCProcessorTrigger           
00004293  UARTIntRegister               
000042db  __aeabi_lmul                  
000042f3  strcmp                        
0000430b  strrchr                       
00004323  GPIOPinTypeUART               
00004339  strchr                        
0000434f  UARTEnable                    
00004363  strcpy                        
00004377  strlen                        
0000439d  wcslen                        
000043af  IntMasterEnable               
000043bf  ADCSequenceEnable             
000043cd  UARTCharsAvail                
000043db  __TI_decompress_none          
000043e9  CPUcpsie                      
000043f5  ResetISR                      
00004401  ADCIntClear                   
0000440b  UARTCharGet                   
00004415  UARTCharPut                   
00004429  UARTIntEnable                 
00004431  __aeabi_errno_addr            
00004441  GPIOPinWrite                  
00004447  SysCtlDelay                   
0000444d  UARTIntClear                  
00004451  _system_pre_init              
00004455  C$$EXIT                       
00004455  abort                         
00004458  _ctypes_                      
000047e0  __TI_Handler_Table_Base       
000047ec  __TI_Handler_Table_Limit      
00004800  __TI_CINIT_Base               
00004818  __TI_CINIT_Limit              
20000000  __start___llvm_prf_cnts       
20000000  __stop___llvm_prf_cnts        
20000000  g_pfnRAMVectors               
20000270  __stack                       
20000470  __STACK_END                   
20000470  __STACK_TOP                   
20000470  adcValue                      
20000474  yeniSaatGeldi                 
20000475  saatGuncelle                  
2000047c  saatBilgisi                   
20000488  errno                         
ffffffff  __TI_pprof_out_hndl           
ffffffff  __TI_prof_data_size           
ffffffff  __TI_prof_data_start          
ffffffff  __binit__                     
ffffffff  __c_args__                    
ffffffff  binit                         
UNDEFED   __mpu_init                    
UNDEFED   _system_post_cinit            

[133 symbols]
