<?xml version="1.0" encoding="ISO-8859-1" ?>
<link_info>
   <banner>TI ARM Linker PC v20.2.7.LTS</banner>
   <copyright>Copyright (c) 1996-2018 Texas Instruments Incorporated</copyright>
   <link_time>0x67780bae</link_time>
   <link_errors>0x0</link_errors>
   <output_file>ADC_ODEV_2.out</output_file>
   <entry_point>
      <name>_c_int00_noargs</name>
      <address>0x40e5</address>
   </entry_point>
   <input_file_list>
      <input_file id="fl-2">
         <path>.\</path>
         <kind>object</kind>
         <file>lcd.obj</file>
         <name>lcd.obj</name>
      </input_file>
      <input_file id="fl-3">
         <path>.\</path>
         <kind>object</kind>
         <file>main.obj</file>
         <name>main.obj</name>
      </input_file>
      <input_file id="fl-4">
         <path>.\</path>
         <kind>object</kind>
         <file>tm4c123gh6pm_startup_ccs.obj</file>
         <name>tm4c123gh6pm_startup_ccs.obj</name>
      </input_file>
      <input_file id="fl-9">
         <kind>object</kind>
         <file>&lt;internal&gt;</file>
         <name>&lt;internal&gt;</name>
      </input_file>
      <input_file id="fl-bf">
         <path>C:\ti\ccs1280\ccs\tools\compiler\ti-cgt-arm_20.2.7.LTS\lib\</path>
         <kind>archive</kind>
         <file>rtsv7M4_T_le_v4SPD16_eabi.lib</file>
         <name>snprintf.c.obj</name>
      </input_file>
      <input_file id="fl-c0">
         <path>C:\ti\ccs1280\ccs\tools\compiler\ti-cgt-arm_20.2.7.LTS\lib\</path>
         <kind>archive</kind>
         <file>rtsv7M4_T_le_v4SPD16_eabi.lib</file>
         <name>sprintf.c.obj</name>
      </input_file>
      <input_file id="fl-c1">
         <path>C:\ti\ccs1280\ccs\tools\compiler\ti-cgt-arm_20.2.7.LTS\lib\</path>
         <kind>archive</kind>
         <file>rtsv7M4_T_le_v4SPD16_eabi.lib</file>
         <name>sscanf.c.obj</name>
      </input_file>
      <input_file id="fl-c2">
         <path>C:\ti\ccs1280\ccs\tools\compiler\ti-cgt-arm_20.2.7.LTS\lib\</path>
         <kind>archive</kind>
         <file>rtsv7M4_T_le_v4SPD16_eabi.lib</file>
         <name>memcpy_t2.asm.obj</name>
      </input_file>
      <input_file id="fl-c3">
         <path>C:\ti\ccs1280\ccs\tools\compiler\ti-cgt-arm_20.2.7.LTS\lib\</path>
         <kind>archive</kind>
         <file>rtsv7M4_T_le_v4SPD16_eabi.lib</file>
         <name>copy_zero_init.c.obj</name>
      </input_file>
      <input_file id="fl-c4">
         <path>C:\ti\ccs1280\ccs\tools\compiler\ti-cgt-arm_20.2.7.LTS\lib\</path>
         <kind>archive</kind>
         <file>rtsv7M4_T_le_v4SPD16_eabi.lib</file>
         <name>copy_decompress_none.c.obj</name>
      </input_file>
      <input_file id="fl-c5">
         <path>C:\ti\ccs1280\ccs\tools\compiler\ti-cgt-arm_20.2.7.LTS\lib\</path>
         <kind>archive</kind>
         <file>rtsv7M4_T_le_v4SPD16_eabi.lib</file>
         <name>copy_decompress_lzss.c.obj</name>
      </input_file>
      <input_file id="fl-c6">
         <path>C:\ti\ccs1280\ccs\tools\compiler\ti-cgt-arm_20.2.7.LTS\lib\</path>
         <kind>archive</kind>
         <file>rtsv7M4_T_le_v4SPD16_eabi.lib</file>
         <name>ctype.c.obj</name>
      </input_file>
      <input_file id="fl-c7">
         <path>C:\ti\ccs1280\ccs\tools\compiler\ti-cgt-arm_20.2.7.LTS\lib\</path>
         <kind>archive</kind>
         <file>rtsv7M4_T_le_v4SPD16_eabi.lib</file>
         <name>strcmp.c.obj</name>
      </input_file>
      <input_file id="fl-c8">
         <path>C:\ti\ccs1280\ccs\tools\compiler\ti-cgt-arm_20.2.7.LTS\lib\</path>
         <kind>archive</kind>
         <file>rtsv7M4_T_le_v4SPD16_eabi.lib</file>
         <name>strcpy.c.obj</name>
      </input_file>
      <input_file id="fl-c9">
         <path>C:\ti\ccs1280\ccs\tools\compiler\ti-cgt-arm_20.2.7.LTS\lib\</path>
         <kind>archive</kind>
         <file>rtsv7M4_T_le_v4SPD16_eabi.lib</file>
         <name>strlen.c.obj</name>
      </input_file>
      <input_file id="fl-ca">
         <path>C:\ti\ccs1280\ccs\tools\compiler\ti-cgt-arm_20.2.7.LTS\lib\</path>
         <kind>archive</kind>
         <file>rtsv7M4_T_le_v4SPD16_eabi.lib</file>
         <name>boot_cortex_m.c.obj</name>
      </input_file>
      <input_file id="fl-cb">
         <path>C:\ti\ccs1280\ccs\tools\compiler\ti-cgt-arm_20.2.7.LTS\lib\</path>
         <kind>archive</kind>
         <file>rtsv7M4_T_le_v4SPD16_eabi.lib</file>
         <name>_printfi.c.obj</name>
      </input_file>
      <input_file id="fl-cc">
         <path>C:\ti\ccs1280\ccs\tools\compiler\ti-cgt-arm_20.2.7.LTS\lib\</path>
         <kind>archive</kind>
         <file>rtsv7M4_T_le_v4SPD16_eabi.lib</file>
         <name>_scanfi.c.obj</name>
      </input_file>
      <input_file id="fl-cd">
         <path>C:\ti\ccs1280\ccs\tools\compiler\ti-cgt-arm_20.2.7.LTS\lib\</path>
         <kind>archive</kind>
         <file>rtsv7M4_T_le_v4SPD16_eabi.lib</file>
         <name>fd_add_t2.asm.obj</name>
      </input_file>
      <input_file id="fl-ce">
         <path>C:\ti\ccs1280\ccs\tools\compiler\ti-cgt-arm_20.2.7.LTS\lib\</path>
         <kind>archive</kind>
         <file>rtsv7M4_T_le_v4SPD16_eabi.lib</file>
         <name>fd_cmp_t2.asm.obj</name>
      </input_file>
      <input_file id="fl-cf">
         <path>C:\ti\ccs1280\ccs\tools\compiler\ti-cgt-arm_20.2.7.LTS\lib\</path>
         <kind>archive</kind>
         <file>rtsv7M4_T_le_v4SPD16_eabi.lib</file>
         <name>fd_div_t2.asm.obj</name>
      </input_file>
      <input_file id="fl-d0">
         <path>C:\ti\ccs1280\ccs\tools\compiler\ti-cgt-arm_20.2.7.LTS\lib\</path>
         <kind>archive</kind>
         <file>rtsv7M4_T_le_v4SPD16_eabi.lib</file>
         <name>fd_mul_t2.asm.obj</name>
      </input_file>
      <input_file id="fl-d1">
         <path>C:\ti\ccs1280\ccs\tools\compiler\ti-cgt-arm_20.2.7.LTS\lib\</path>
         <kind>archive</kind>
         <file>rtsv7M4_T_le_v4SPD16_eabi.lib</file>
         <name>fd_toi_t2.asm.obj</name>
      </input_file>
      <input_file id="fl-d2">
         <path>C:\ti\ccs1280\ccs\tools\compiler\ti-cgt-arm_20.2.7.LTS\lib\</path>
         <kind>archive</kind>
         <file>rtsv7M4_T_le_v4SPD16_eabi.lib</file>
         <name>fd_tos_t2.asm.obj</name>
      </input_file>
      <input_file id="fl-d3">
         <path>C:\ti\ccs1280\ccs\tools\compiler\ti-cgt-arm_20.2.7.LTS\lib\</path>
         <kind>archive</kind>
         <file>rtsv7M4_T_le_v4SPD16_eabi.lib</file>
         <name>i_tofd_t2.asm.obj</name>
      </input_file>
      <input_file id="fl-d4">
         <path>C:\ti\ccs1280\ccs\tools\compiler\ti-cgt-arm_20.2.7.LTS\lib\</path>
         <kind>archive</kind>
         <file>rtsv7M4_T_le_v4SPD16_eabi.lib</file>
         <name>memset_t2.asm.obj</name>
      </input_file>
      <input_file id="fl-d5">
         <path>C:\ti\ccs1280\ccs\tools\compiler\ti-cgt-arm_20.2.7.LTS\lib\</path>
         <kind>archive</kind>
         <file>rtsv7M4_T_le_v4SPD16_eabi.lib</file>
         <name>ull_div_t2.asm.obj</name>
      </input_file>
      <input_file id="fl-d6">
         <path>C:\ti\ccs1280\ccs\tools\compiler\ti-cgt-arm_20.2.7.LTS\lib\</path>
         <kind>archive</kind>
         <file>rtsv7M4_T_le_v4SPD16_eabi.lib</file>
         <name>autoinit.c.obj</name>
      </input_file>
      <input_file id="fl-d7">
         <path>C:\ti\ccs1280\ccs\tools\compiler\ti-cgt-arm_20.2.7.LTS\lib\</path>
         <kind>archive</kind>
         <file>rtsv7M4_T_le_v4SPD16_eabi.lib</file>
         <name>pre_init.c.obj</name>
      </input_file>
      <input_file id="fl-d8">
         <path>C:\ti\ccs1280\ccs\tools\compiler\ti-cgt-arm_20.2.7.LTS\lib\</path>
         <kind>archive</kind>
         <file>rtsv7M4_T_le_v4SPD16_eabi.lib</file>
         <name>cpy_tbl.c.obj</name>
      </input_file>
      <input_file id="fl-d9">
         <path>C:\ti\ccs1280\ccs\tools\compiler\ti-cgt-arm_20.2.7.LTS\lib\</path>
         <kind>archive</kind>
         <file>rtsv7M4_T_le_v4SPD16_eabi.lib</file>
         <name>exit.c.obj</name>
      </input_file>
      <input_file id="fl-da">
         <path>C:\ti\ccs1280\ccs\tools\compiler\ti-cgt-arm_20.2.7.LTS\lib\</path>
         <kind>archive</kind>
         <file>rtsv7M4_T_le_v4SPD16_eabi.lib</file>
         <name>_lock.c.obj</name>
      </input_file>
      <input_file id="fl-db">
         <path>C:\ti\ccs1280\ccs\tools\compiler\ti-cgt-arm_20.2.7.LTS\lib\</path>
         <kind>archive</kind>
         <file>rtsv7M4_T_le_v4SPD16_eabi.lib</file>
         <name>_ltoa.c.obj</name>
      </input_file>
      <input_file id="fl-dc">
         <path>C:\ti\ccs1280\ccs\tools\compiler\ti-cgt-arm_20.2.7.LTS\lib\</path>
         <kind>archive</kind>
         <file>rtsv7M4_T_le_v4SPD16_eabi.lib</file>
         <name>args_main.c.obj</name>
      </input_file>
      <input_file id="fl-dd">
         <path>C:\ti\ccs1280\ccs\tools\compiler\ti-cgt-arm_20.2.7.LTS\lib\</path>
         <kind>archive</kind>
         <file>rtsv7M4_T_le_v4SPD16_eabi.lib</file>
         <name>atoi.c.obj</name>
      </input_file>
      <input_file id="fl-de">
         <path>C:\ti\ccs1280\ccs\tools\compiler\ti-cgt-arm_20.2.7.LTS\lib\</path>
         <kind>archive</kind>
         <file>rtsv7M4_T_le_v4SPD16_eabi.lib</file>
         <name>memccpy.c.obj</name>
      </input_file>
      <input_file id="fl-df">
         <path>C:\ti\ccs1280\ccs\tools\compiler\ti-cgt-arm_20.2.7.LTS\lib\</path>
         <kind>archive</kind>
         <file>rtsv7M4_T_le_v4SPD16_eabi.lib</file>
         <name>strchr.c.obj</name>
      </input_file>
      <input_file id="fl-e0">
         <path>C:\ti\ccs1280\ccs\tools\compiler\ti-cgt-arm_20.2.7.LTS\lib\</path>
         <kind>archive</kind>
         <file>rtsv7M4_T_le_v4SPD16_eabi.lib</file>
         <name>strrchr.c.obj</name>
      </input_file>
      <input_file id="fl-e1">
         <path>C:\ti\ccs1280\ccs\tools\compiler\ti-cgt-arm_20.2.7.LTS\lib\</path>
         <kind>archive</kind>
         <file>rtsv7M4_T_le_v4SPD16_eabi.lib</file>
         <name>strtod.c.obj</name>
      </input_file>
      <input_file id="fl-e2">
         <path>C:\ti\ccs1280\ccs\tools\compiler\ti-cgt-arm_20.2.7.LTS\lib\</path>
         <kind>archive</kind>
         <file>rtsv7M4_T_le_v4SPD16_eabi.lib</file>
         <name>strtol.c.obj</name>
      </input_file>
      <input_file id="fl-e3">
         <path>C:\ti\ccs1280\ccs\tools\compiler\ti-cgt-arm_20.2.7.LTS\lib\</path>
         <kind>archive</kind>
         <file>rtsv7M4_T_le_v4SPD16_eabi.lib</file>
         <name>strtoll.c.obj</name>
      </input_file>
      <input_file id="fl-e4">
         <path>C:\ti\ccs1280\ccs\tools\compiler\ti-cgt-arm_20.2.7.LTS\lib\</path>
         <kind>archive</kind>
         <file>rtsv7M4_T_le_v4SPD16_eabi.lib</file>
         <name>strtoul.c.obj</name>
      </input_file>
      <input_file id="fl-e5">
         <path>C:\ti\ccs1280\ccs\tools\compiler\ti-cgt-arm_20.2.7.LTS\lib\</path>
         <kind>archive</kind>
         <file>rtsv7M4_T_le_v4SPD16_eabi.lib</file>
         <name>strtoull.c.obj</name>
      </input_file>
      <input_file id="fl-e6">
         <path>C:\ti\ccs1280\ccs\tools\compiler\ti-cgt-arm_20.2.7.LTS\lib\</path>
         <kind>archive</kind>
         <file>rtsv7M4_T_le_v4SPD16_eabi.lib</file>
         <name>errno.c.obj</name>
      </input_file>
      <input_file id="fl-e7">
         <path>C:\ti\ccs1280\ccs\tools\compiler\ti-cgt-arm_20.2.7.LTS\lib\</path>
         <kind>archive</kind>
         <file>rtsv7M4_T_le_v4SPD16_eabi.lib</file>
         <name>wcslen.c.obj</name>
      </input_file>
      <input_file id="fl-e8">
         <path>C:\ti\ccs1280\ccs\tools\compiler\ti-cgt-arm_20.2.7.LTS\lib\</path>
         <kind>archive</kind>
         <file>rtsv7M4_T_le_v4SPD16_eabi.lib</file>
         <name>s_frexp.c.obj</name>
      </input_file>
      <input_file id="fl-e9">
         <path>C:\ti\ccs1280\ccs\tools\compiler\ti-cgt-arm_20.2.7.LTS\lib\</path>
         <kind>archive</kind>
         <file>rtsv7M4_T_le_v4SPD16_eabi.lib</file>
         <name>s_scalbn.c.obj</name>
      </input_file>
      <input_file id="fl-ea">
         <path>C:\ti\ccs1280\ccs\tools\compiler\ti-cgt-arm_20.2.7.LTS\lib\</path>
         <kind>archive</kind>
         <file>rtsv7M4_T_le_v4SPD16_eabi.lib</file>
         <name>div0.asm.obj</name>
      </input_file>
      <input_file id="fl-eb">
         <path>C:\ti\ccs1280\ccs\tools\compiler\ti-cgt-arm_20.2.7.LTS\lib\</path>
         <kind>archive</kind>
         <file>rtsv7M4_T_le_v4SPD16_eabi.lib</file>
         <name>ll_mul_t2.asm.obj</name>
      </input_file>
      <input_file id="fl-ec">
         <path>C:\ti\ccs1280\ccs\tools\compiler\ti-cgt-arm_20.2.7.LTS\lib\</path>
         <kind>archive</kind>
         <file>rtsv7M4_T_le_v4SPD16_eabi.lib</file>
         <name>s_copysign.c.obj</name>
      </input_file>
      <input_file id="fl-ed">
         <path>C:\ti\TivaWare_C_Series-2.2.0.295\driverlib\ccs\Debug\</path>
         <kind>archive</kind>
         <file>driverlib.lib</file>
         <name>adc.obj</name>
      </input_file>
      <input_file id="fl-ee">
         <path>C:\ti\TivaWare_C_Series-2.2.0.295\driverlib\ccs\Debug\</path>
         <kind>archive</kind>
         <file>driverlib.lib</file>
         <name>gpio.obj</name>
      </input_file>
      <input_file id="fl-ef">
         <path>C:\ti\TivaWare_C_Series-2.2.0.295\driverlib\ccs\Debug\</path>
         <kind>archive</kind>
         <file>driverlib.lib</file>
         <name>interrupt.obj</name>
      </input_file>
      <input_file id="fl-f0">
         <path>C:\ti\TivaWare_C_Series-2.2.0.295\driverlib\ccs\Debug\</path>
         <kind>archive</kind>
         <file>driverlib.lib</file>
         <name>sysctl.obj</name>
      </input_file>
      <input_file id="fl-f1">
         <path>C:\ti\TivaWare_C_Series-2.2.0.295\driverlib\ccs\Debug\</path>
         <kind>archive</kind>
         <file>driverlib.lib</file>
         <name>uart.obj</name>
      </input_file>
      <input_file id="fl-f2">
         <path>C:\ti\TivaWare_C_Series-2.2.0.295\driverlib\ccs\Debug\</path>
         <kind>archive</kind>
         <file>driverlib.lib</file>
         <name>cpu.obj</name>
      </input_file>
   </input_file_list>
   <object_component_list>
      <object_component id="oc-12">
         <name>.intvecs</name>
         <load_address>0x0</load_address>
         <run_address>0x0</run_address>
         <size>0x26c</size>
         <input_file_ref idref="fl-4"/>
      </object_component>
      <object_component id="oc-1f9">
         <name>.text:__TI_scanfi</name>
         <load_address>0x26c</load_address>
         <run_address>0x26c</run_address>
         <size>0xb14</size>
         <input_file_ref idref="fl-cc"/>
      </object_component>
      <object_component id="oc-1d5">
         <name>.text:__TI_printfi</name>
         <load_address>0xd80</load_address>
         <run_address>0xd80</run_address>
         <size>0xa4e</size>
         <input_file_ref idref="fl-cb"/>
      </object_component>
      <object_component id="oc-423">
         <name>.text</name>
         <load_address>0x17ce</load_address>
         <run_address>0x17ce</run_address>
         <size>0x2</size>
         <input_file_ref idref="fl-ea"/>
      </object_component>
      <object_component id="oc-2fd">
         <name>.text:strtod</name>
         <load_address>0x17d0</load_address>
         <run_address>0x17d0</run_address>
         <size>0x460</size>
         <input_file_ref idref="fl-e1"/>
      </object_component>
      <object_component id="oc-9b">
         <name>.text</name>
         <load_address>0x1c30</load_address>
         <run_address>0x1c30</run_address>
         <size>0x304</size>
         <input_file_ref idref="fl-3"/>
      </object_component>
      <object_component id="oc-2c9">
         <name>.text:_pconv_a</name>
         <load_address>0x1f34</load_address>
         <run_address>0x1f34</run_address>
         <size>0x270</size>
         <input_file_ref idref="fl-cb"/>
      </object_component>
      <object_component id="oc-d5">
         <name>.text</name>
         <load_address>0x21a4</load_address>
         <run_address>0x21a4</run_address>
         <size>0x264</size>
         <input_file_ref idref="fl-2"/>
      </object_component>
      <object_component id="oc-30e">
         <name>.text:strtoll</name>
         <load_address>0x2408</load_address>
         <run_address>0x2408</run_address>
         <size>0x1dc</size>
         <input_file_ref idref="fl-e3"/>
      </object_component>
      <object_component id="oc-2b7">
         <name>.text:_pconv_g</name>
         <load_address>0x25e4</load_address>
         <run_address>0x25e4</run_address>
         <size>0x1d0</size>
         <input_file_ref idref="fl-cb"/>
      </object_component>
      <object_component id="oc-3a4">
         <name>.text</name>
         <load_address>0x27b4</load_address>
         <run_address>0x27b4</run_address>
         <size>0x1b6</size>
         <input_file_ref idref="fl-cd"/>
      </object_component>
      <object_component id="oc-221">
         <name>.text:GPIOPadConfigSet</name>
         <load_address>0x296c</load_address>
         <run_address>0x296c</run_address>
         <size>0x16c</size>
         <input_file_ref idref="fl-ee"/>
      </object_component>
      <object_component id="oc-2f1">
         <name>.text:strtoull</name>
         <load_address>0x2ad8</load_address>
         <run_address>0x2ad8</run_address>
         <size>0x15c</size>
         <input_file_ref idref="fl-e5"/>
      </object_component>
      <object_component id="oc-2c3">
         <name>.text:_pconv_e</name>
         <load_address>0x2c34</load_address>
         <run_address>0x2c34</run_address>
         <size>0x13c</size>
         <input_file_ref idref="fl-cb"/>
      </object_component>
      <object_component id="oc-38a">
         <name>.text</name>
         <load_address>0x2d70</load_address>
         <run_address>0x2d70</run_address>
         <size>0x136</size>
         <input_file_ref idref="fl-cf"/>
      </object_component>
      <object_component id="oc-308">
         <name>.text:strtol</name>
         <load_address>0x2ea8</load_address>
         <run_address>0x2ea8</run_address>
         <size>0x130</size>
         <input_file_ref idref="fl-e2"/>
      </object_component>
      <object_component id="oc-3b6">
         <name>.text:fcvt</name>
         <load_address>0x2fd8</load_address>
         <run_address>0x2fd8</run_address>
         <size>0x124</size>
         <input_file_ref idref="fl-cb"/>
      </object_component>
      <object_component id="oc-12f">
         <name>.text:SysCtlClockGet</name>
         <load_address>0x30fc</load_address>
         <run_address>0x30fc</run_address>
         <size>0x118</size>
         <input_file_ref idref="fl-f0"/>
      </object_component>
      <object_component id="oc-3ca">
         <name>.text:scalbn</name>
         <load_address>0x3214</load_address>
         <run_address>0x3214</run_address>
         <size>0x110</size>
         <input_file_ref idref="fl-e9"/>
      </object_component>
      <object_component id="oc-2f7">
         <name>.text:strtoul</name>
         <load_address>0x3324</load_address>
         <run_address>0x3324</run_address>
         <size>0x110</size>
         <input_file_ref idref="fl-e4"/>
      </object_component>
      <object_component id="oc-385">
         <name>.text</name>
         <load_address>0x3434</load_address>
         <run_address>0x3434</run_address>
         <size>0xfc</size>
         <input_file_ref idref="fl-d0"/>
      </object_component>
      <object_component id="oc-117">
         <name>.text:SysCtlClockSet</name>
         <load_address>0x3530</load_address>
         <run_address>0x3530</run_address>
         <size>0xf4</size>
         <input_file_ref idref="fl-f0"/>
      </object_component>
      <object_component id="oc-2ac">
         <name>.text:_ltostr</name>
         <load_address>0x3624</load_address>
         <run_address>0x3624</run_address>
         <size>0xb1</size>
         <input_file_ref idref="fl-cb"/>
      </object_component>
      <object_component id="oc-3b">
         <name>.text</name>
         <load_address>0x36d6</load_address>
         <run_address>0x36d6</run_address>
         <size>0x9c</size>
         <input_file_ref idref="fl-c2"/>
      </object_component>
      <object_component id="oc-37e">
         <name>.text</name>
         <load_address>0x3772</load_address>
         <run_address>0x3772</run_address>
         <size>0x96</size>
         <input_file_ref idref="fl-d5"/>
      </object_component>
      <object_component id="oc-2b2">
         <name>.text:__aeabi_cdcmple</name>
         <load_address>0x3808</load_address>
         <run_address>0x3808</run_address>
         <size>0x86</size>
         <input_file_ref idref="fl-ce"/>
      </object_component>
      <object_component id="oc-38f">
         <name>.text:__aeabi_cdrcmple</name>
         <load_address>0x388e</load_address>
         <run_address>0x388e</run_address>
         <size>0x86</size>
         <input_file_ref idref="fl-ce"/>
      </object_component>
      <object_component id="oc-153">
         <name>.text:ADCSequenceStepConfigure</name>
         <load_address>0x3914</load_address>
         <run_address>0x3914</run_address>
         <size>0x7a</size>
         <input_file_ref idref="fl-ed"/>
      </object_component>
      <object_component id="oc-8f">
         <name>.text</name>
         <load_address>0x398e</load_address>
         <run_address>0x398e</run_address>
         <size>0x7a</size>
         <input_file_ref idref="fl-d4"/>
      </object_component>
      <object_component id="oc-3af">
         <name>.text:_mcpy</name>
         <load_address>0x3a08</load_address>
         <run_address>0x3a08</run_address>
         <size>0x6e</size>
         <input_file_ref idref="fl-cb"/>
      </object_component>
      <object_component id="oc-303">
         <name>.text</name>
         <load_address>0x3a76</load_address>
         <run_address>0x3a76</run_address>
         <size>0x6e</size>
         <input_file_ref idref="fl-d2"/>
      </object_component>
      <object_component id="oc-245">
         <name>.text:IntEnable</name>
         <load_address>0x3ae4</load_address>
         <run_address>0x3ae4</run_address>
         <size>0x68</size>
         <input_file_ref idref="fl-ef"/>
      </object_component>
      <object_component id="oc-20b">
         <name>.text:_chkmbc</name>
         <load_address>0x3b4c</load_address>
         <run_address>0x3b4c</run_address>
         <size>0x68</size>
         <input_file_ref idref="fl-c1"/>
      </object_component>
      <object_component id="oc-15">
         <name>.text:decompress:lzss:__TI_decompress_lzss</name>
         <load_address>0x3bb4</load_address>
         <run_address>0x3bb4</run_address>
         <size>0x68</size>
         <input_file_ref idref="fl-c5"/>
      </object_component>
      <object_component id="oc-3c4">
         <name>.text:frexp</name>
         <load_address>0x3c1c</load_address>
         <run_address>0x3c1c</run_address>
         <size>0x64</size>
         <input_file_ref idref="fl-e8"/>
      </object_component>
      <object_component id="oc-2bd">
         <name>.text:_pconv_f</name>
         <load_address>0x3c80</load_address>
         <run_address>0x3c80</run_address>
         <size>0x56</size>
         <input_file_ref idref="fl-cb"/>
      </object_component>
      <object_component id="oc-399">
         <name>.text:__TI_ltoa</name>
         <load_address>0x3cd6</load_address>
         <run_address>0x3cd6</run_address>
         <size>0x54</size>
         <input_file_ref idref="fl-db"/>
      </object_component>
      <object_component id="oc-3a9">
         <name>.text:_ecpy</name>
         <load_address>0x3d2a</load_address>
         <run_address>0x3d2a</run_address>
         <size>0x52</size>
         <input_file_ref idref="fl-cb"/>
      </object_component>
      <object_component id="oc-14d">
         <name>.text:ADCSequenceConfigure</name>
         <load_address>0x3d7c</load_address>
         <run_address>0x3d7c</run_address>
         <size>0x4e</size>
         <input_file_ref idref="fl-ed"/>
      </object_component>
      <object_component id="oc-123">
         <name>.text:GPIOPinConfigure</name>
         <load_address>0x3dcc</load_address>
         <run_address>0x3dcc</run_address>
         <size>0x4c</size>
         <input_file_ref idref="fl-ee"/>
      </object_component>
      <object_component id="oc-2a6">
         <name>.text:atoi</name>
         <load_address>0x3e18</load_address>
         <run_address>0x3e18</run_address>
         <size>0x4c</size>
         <input_file_ref idref="fl-dd"/>
      </object_component>
      <object_component id="oc-105">
         <name>.text:snprintf</name>
         <load_address>0x3e64</load_address>
         <run_address>0x3e64</run_address>
         <size>0x4c</size>
         <input_file_ref idref="fl-bf"/>
      </object_component>
      <object_component id="oc-394">
         <name>.text</name>
         <load_address>0x3eb0</load_address>
         <run_address>0x3eb0</run_address>
         <size>0x48</size>
         <input_file_ref idref="fl-d1"/>
      </object_component>
      <object_component id="oc-135">
         <name>.text:UARTConfigSetExpClk</name>
         <load_address>0x3ef8</load_address>
         <run_address>0x3ef8</run_address>
         <size>0x46</size>
         <input_file_ref idref="fl-f1"/>
      </object_component>
      <object_component id="oc-17a">
         <name>.text:__TI_auto_init_nobinit_nopinit:__TI_auto_init_nobinit_nopinit</name>
         <load_address>0x3f40</load_address>
         <run_address>0x3f40</run_address>
         <size>0x44</size>
         <input_file_ref idref="fl-d6"/>
      </object_component>
      <object_component id="oc-239">
         <name>.text:_UARTIntNumberGet</name>
         <load_address>0x3f84</load_address>
         <run_address>0x3f84</run_address>
         <size>0x40</size>
         <input_file_ref idref="fl-f1"/>
      </object_component>
      <object_component id="oc-1c4">
         <name>.text:sprintf</name>
         <load_address>0x3fc4</load_address>
         <run_address>0x3fc4</run_address>
         <size>0x40</size>
         <input_file_ref idref="fl-c0"/>
      </object_component>
      <object_component id="oc-3bc">
         <name>.text:_fcpy</name>
         <load_address>0x4004</load_address>
         <run_address>0x4004</run_address>
         <size>0x3e</size>
         <input_file_ref idref="fl-cb"/>
      </object_component>
      <object_component id="oc-111">
         <name>.text:sscanf</name>
         <load_address>0x4044</load_address>
         <run_address>0x4044</run_address>
         <size>0x38</size>
         <input_file_ref idref="fl-c1"/>
      </object_component>
      <object_component id="oc-23f">
         <name>.text:IntRegister</name>
         <load_address>0x407c</load_address>
         <run_address>0x407c</run_address>
         <size>0x34</size>
         <input_file_ref idref="fl-ef"/>
      </object_component>
      <object_component id="oc-11d">
         <name>.text:SysCtlPeripheralEnable</name>
         <load_address>0x40b0</load_address>
         <run_address>0x40b0</run_address>
         <size>0x34</size>
         <input_file_ref idref="fl-f0"/>
      </object_component>
      <object_component id="oc-59">
         <name>.text:_c_int00_noargs:_c_int00_noargs</name>
         <load_address>0x40e4</load_address>
         <run_address>0x40e4</run_address>
         <size>0x34</size>
         <input_file_ref idref="fl-ca"/>
      </object_component>
      <object_component id="oc-1db">
         <name>.text:_outs</name>
         <load_address>0x4118</load_address>
         <run_address>0x4118</run_address>
         <size>0x30</size>
         <input_file_ref idref="fl-bf"/>
      </object_component>
      <object_component id="oc-f3">
         <name>.text:ADCIntStatus</name>
         <load_address>0x4148</load_address>
         <run_address>0x4148</run_address>
         <size>0x2e</size>
         <input_file_ref idref="fl-ed"/>
      </object_component>
      <object_component id="oc-39f">
         <name>.text</name>
         <load_address>0x4176</load_address>
         <run_address>0x4176</run_address>
         <size>0x2e</size>
         <input_file_ref idref="fl-d3"/>
      </object_component>
      <object_component id="oc-21b">
         <name>.text:GPIODirModeSet</name>
         <load_address>0x41a4</load_address>
         <run_address>0x41a4</run_address>
         <size>0x2c</size>
         <input_file_ref idref="fl-ee"/>
      </object_component>
      <object_component id="oc-22c">
         <name>.text:UARTDisable</name>
         <load_address>0x41d0</load_address>
         <run_address>0x41d0</run_address>
         <size>0x20</size>
         <input_file_ref idref="fl-f1"/>
      </object_component>
      <object_component id="oc-ff">
         <name>.text:ADCSequenceDataGet</name>
         <load_address>0x41f0</load_address>
         <run_address>0x41f0</run_address>
         <size>0x1e</size>
         <input_file_ref idref="fl-ed"/>
      </object_component>
      <object_component id="oc-47">
         <name>.text:decompress:ZI:__TI_zero_init_nomemset:__TI_zero_init_nomemset</name>
         <load_address>0x420e</load_address>
         <run_address>0x420e</run_address>
         <size>0x1c</size>
         <input_file_ref idref="fl-c3"/>
      </object_component>
      <object_component id="oc-2cf">
         <name>.text:memccpy</name>
         <load_address>0x422a</load_address>
         <run_address>0x422a</run_address>
         <size>0x1c</size>
         <input_file_ref idref="fl-de"/>
      </object_component>
      <object_component id="oc-1be">
         <name>.text:GPIOPinTypeGPIOOutput</name>
         <load_address>0x4246</load_address>
         <run_address>0x4246</run_address>
         <size>0x1a</size>
         <input_file_ref idref="fl-ee"/>
      </object_component>
      <object_component id="oc-43c">
         <name>.text:copysign</name>
         <load_address>0x4260</load_address>
         <run_address>0x4260</run_address>
         <size>0x1a</size>
         <input_file_ref idref="fl-ec"/>
      </object_component>
      <object_component id="oc-ed">
         <name>.text:ADCProcessorTrigger</name>
         <load_address>0x427a</load_address>
         <run_address>0x427a</run_address>
         <size>0x18</size>
         <input_file_ref idref="fl-ed"/>
      </object_component>
      <object_component id="oc-13b">
         <name>.text:UARTIntRegister</name>
         <load_address>0x4292</load_address>
         <run_address>0x4292</run_address>
         <size>0x18</size>
         <input_file_ref idref="fl-f1"/>
      </object_component>
      <object_component id="oc-1e1">
         <name>.text:_outc</name>
         <load_address>0x42aa</load_address>
         <run_address>0x42aa</run_address>
         <size>0x18</size>
         <input_file_ref idref="fl-bf"/>
      </object_component>
      <object_component id="oc-292">
         <name>.text:_outs</name>
         <load_address>0x42c2</load_address>
         <run_address>0x42c2</run_address>
         <size>0x18</size>
         <input_file_ref idref="fl-c0"/>
      </object_component>
      <object_component id="oc-3eb">
         <name>.text</name>
         <load_address>0x42da</load_address>
         <run_address>0x42da</run_address>
         <size>0x18</size>
         <input_file_ref idref="fl-eb"/>
      </object_component>
      <object_component id="oc-cf">
         <name>.text:strcmp</name>
         <load_address>0x42f2</load_address>
         <run_address>0x42f2</run_address>
         <size>0x18</size>
         <input_file_ref idref="fl-c7"/>
      </object_component>
      <object_component id="oc-317">
         <name>.text:strrchr</name>
         <load_address>0x430a</load_address>
         <run_address>0x430a</run_address>
         <size>0x18</size>
         <input_file_ref idref="fl-e0"/>
      </object_component>
      <object_component id="oc-129">
         <name>.text:GPIOPinTypeUART</name>
         <load_address>0x4322</load_address>
         <run_address>0x4322</run_address>
         <size>0x16</size>
         <input_file_ref idref="fl-ee"/>
      </object_component>
      <object_component id="oc-31d">
         <name>.text:strchr</name>
         <load_address>0x4338</load_address>
         <run_address>0x4338</run_address>
         <size>0x16</size>
         <input_file_ref idref="fl-df"/>
      </object_component>
      <object_component id="oc-232">
         <name>.text:UARTEnable</name>
         <load_address>0x434e</load_address>
         <run_address>0x434e</run_address>
         <size>0x14</size>
         <input_file_ref idref="fl-f1"/>
      </object_component>
      <object_component id="oc-db">
         <name>.text:strcpy</name>
         <load_address>0x4362</load_address>
         <run_address>0x4362</run_address>
         <size>0x14</size>
         <input_file_ref idref="fl-c8"/>
      </object_component>
      <object_component id="oc-e1">
         <name>.text:strlen</name>
         <load_address>0x4376</load_address>
         <run_address>0x4376</run_address>
         <size>0x14</size>
         <input_file_ref idref="fl-c9"/>
      </object_component>
      <object_component id="oc-1ff">
         <name>.text:_inpchar</name>
         <load_address>0x438a</load_address>
         <run_address>0x438a</run_address>
         <size>0x12</size>
         <input_file_ref idref="fl-c1"/>
      </object_component>
      <object_component id="oc-2d5">
         <name>.text:wcslen</name>
         <load_address>0x439c</load_address>
         <run_address>0x439c</run_address>
         <size>0x12</size>
         <input_file_ref idref="fl-e7"/>
      </object_component>
      <object_component id="oc-147">
         <name>.text:IntMasterEnable</name>
         <load_address>0x43ae</load_address>
         <run_address>0x43ae</run_address>
         <size>0x10</size>
         <input_file_ref idref="fl-ef"/>
      </object_component>
      <object_component id="oc-159">
         <name>.text:ADCSequenceEnable</name>
         <load_address>0x43be</load_address>
         <run_address>0x43be</run_address>
         <size>0xe</size>
         <input_file_ref idref="fl-ed"/>
      </object_component>
      <object_component id="oc-e7">
         <name>.text:UARTCharsAvail</name>
         <load_address>0x43cc</load_address>
         <run_address>0x43cc</run_address>
         <size>0xe</size>
         <input_file_ref idref="fl-f1"/>
      </object_component>
      <object_component id="oc-1b">
         <name>.text:decompress:none:__TI_decompress_none</name>
         <load_address>0x43da</load_address>
         <run_address>0x43da</run_address>
         <size>0xe</size>
         <input_file_ref idref="fl-c4"/>
      </object_component>
      <object_component id="oc-24d">
         <name>.text:CPUcpsie</name>
         <load_address>0x43e8</load_address>
         <run_address>0x43e8</run_address>
         <size>0xc</size>
         <input_file_ref idref="fl-f2"/>
      </object_component>
      <object_component id="oc-27">
         <name>.text</name>
         <load_address>0x43f4</load_address>
         <run_address>0x43f4</run_address>
         <size>0xc</size>
         <input_file_ref idref="fl-4"/>
      </object_component>
      <object_component id="oc-f9">
         <name>.text:ADCIntClear</name>
         <load_address>0x4400</load_address>
         <run_address>0x4400</run_address>
         <size>0xa</size>
         <input_file_ref idref="fl-ed"/>
      </object_component>
      <object_component id="oc-c9">
         <name>.text:UARTCharGet</name>
         <load_address>0x440a</load_address>
         <run_address>0x440a</run_address>
         <size>0xa</size>
         <input_file_ref idref="fl-f1"/>
      </object_component>
      <object_component id="oc-10b">
         <name>.text:UARTCharPut</name>
         <load_address>0x4414</load_address>
         <run_address>0x4414</run_address>
         <size>0xa</size>
         <input_file_ref idref="fl-f1"/>
      </object_component>
      <object_component id="oc-298">
         <name>.text:_outc</name>
         <load_address>0x441e</load_address>
         <run_address>0x441e</run_address>
         <size>0xa</size>
         <input_file_ref idref="fl-c0"/>
      </object_component>
      <object_component id="oc-141">
         <name>.text:UARTIntEnable</name>
         <load_address>0x4428</load_address>
         <run_address>0x4428</run_address>
         <size>0x8</size>
         <input_file_ref idref="fl-f1"/>
      </object_component>
      <object_component id="oc-2db">
         <name>.text:__aeabi_errno_addr</name>
         <load_address>0x4430</load_address>
         <run_address>0x4430</run_address>
         <size>0x8</size>
         <input_file_ref idref="fl-e6"/>
      </object_component>
      <object_component id="oc-205">
         <name>.text:_uninpchar</name>
         <load_address>0x4438</load_address>
         <run_address>0x4438</run_address>
         <size>0x8</size>
         <input_file_ref idref="fl-c1"/>
      </object_component>
      <object_component id="oc-1b8">
         <name>.text:GPIOPinWrite</name>
         <load_address>0x4440</load_address>
         <run_address>0x4440</run_address>
         <size>0x6</size>
         <input_file_ref idref="fl-ee"/>
      </object_component>
      <object_component id="oc-15f">
         <name>.text:SysCtlDelay</name>
         <load_address>0x4446</load_address>
         <run_address>0x4446</run_address>
         <size>0x6</size>
         <input_file_ref idref="fl-f0"/>
      </object_component>
      <object_component id="oc-c3">
         <name>.text:UARTIntClear</name>
         <load_address>0x444c</load_address>
         <run_address>0x444c</run_address>
         <size>0x4</size>
         <input_file_ref idref="fl-f1"/>
      </object_component>
      <object_component id="oc-95">
         <name>.text:_system_pre_init</name>
         <load_address>0x4450</load_address>
         <run_address>0x4450</run_address>
         <size>0x4</size>
         <input_file_ref idref="fl-d7"/>
      </object_component>
      <object_component id="oc-16e">
         <name>.text:abort:abort</name>
         <load_address>0x4454</load_address>
         <run_address>0x4454</run_address>
         <size>0x4</size>
         <input_file_ref idref="fl-d9"/>
      </object_component>
      <object_component id="oc-314">
         <name>.const:.string:_ctypes_</name>
         <load_address>0x4458</load_address>
         <run_address>0x4458</run_address>
         <size>0x101</size>
         <input_file_ref idref="fl-c6"/>
      </object_component>
      <object_component id="oc-3f4">
         <name>.const:$O1$$</name>
         <load_address>0x4560</load_address>
         <run_address>0x4560</run_address>
         <size>0xc8</size>
         <input_file_ref idref="fl-e1"/>
      </object_component>
      <object_component id="oc-216">
         <name>.const:g_pui32GPIOBaseAddrs</name>
         <load_address>0x4628</load_address>
         <run_address>0x4628</run_address>
         <size>0x90</size>
         <input_file_ref idref="fl-ee"/>
      </object_component>
      <object_component id="oc-228">
         <name>.const:g_pui32Xtals</name>
         <load_address>0x46b8</load_address>
         <run_address>0x46b8</run_address>
         <size>0x6c</size>
         <input_file_ref idref="fl-f0"/>
      </object_component>
      <object_component id="oc-346">
         <name>.const:g_ppui32UARTIntMap</name>
         <load_address>0x4724</load_address>
         <run_address>0x4724</run_address>
         <size>0x40</size>
         <input_file_ref idref="fl-f1"/>
      </object_component>
      <object_component id="oc-349">
         <name>.const:g_ppui32UARTIntMapSnowflake</name>
         <load_address>0x4764</load_address>
         <run_address>0x4764</run_address>
         <size>0x40</size>
         <input_file_ref idref="fl-f1"/>
      </object_component>
      <object_component id="oc-352">
         <name>.const:g_pui32EnRegs</name>
         <load_address>0x47a4</load_address>
         <run_address>0x47a4</run_address>
         <size>0x14</size>
         <input_file_ref idref="fl-ef"/>
      </object_component>
      <object_component id="oc-323">
         <name>.const:$O1$$</name>
         <load_address>0x47b8</load_address>
         <run_address>0x47b8</run_address>
         <size>0x10</size>
         <input_file_ref idref="fl-cc"/>
      </object_component>
      <object_component id="oc-4a2">
         <name>.cinit..data.load</name>
         <load_address>0x47c8</load_address>
         <run_address>0x47c8</run_address>
         <size>0x16</size>
      </object_component>
      <object_component id="oc-49f">
         <name>__TI_handler_table</name>
         <load_address>0x47e0</load_address>
         <run_address>0x47e0</run_address>
         <size>0xc</size>
      </object_component>
      <object_component id="oc-4a3">
         <name>.cinit..bss.load</name>
         <load_address>0x47f0</load_address>
         <run_address>0x47f0</run_address>
         <size>0x8</size>
      </object_component>
      <object_component id="oc-4a1">
         <name>.cinit..vtable.load</name>
         <load_address>0x47f8</load_address>
         <run_address>0x47f8</run_address>
         <size>0x8</size>
      </object_component>
      <object_component id="oc-4a0">
         <name>__TI_cinit_table</name>
         <load_address>0x4800</load_address>
         <run_address>0x4800</run_address>
         <size>0x18</size>
      </object_component>
      <object_component id="oc-34d">
         <name>.vtable</name>
         <uninitialized>true</uninitialized>
         <run_address>0x20000000</run_address>
         <size>0x26c</size>
         <input_file_ref idref="fl-ef"/>
      </object_component>
      <object_component id="oc-164">
         <name>.data:saatBilgisi</name>
         <load_address>0x2000047c</load_address>
         <run_address>0x2000047c</run_address>
         <size>0x9</size>
         <input_file_ref idref="fl-3"/>
      </object_component>
      <object_component id="oc-161">
         <name>.data</name>
         <load_address>0x20000470</load_address>
         <run_address>0x20000470</run_address>
         <size>0xc</size>
         <input_file_ref idref="fl-3"/>
      </object_component>
      <object_component id="oc-3da">
         <name>.data</name>
         <load_address>0x20000488</load_address>
         <run_address>0x20000488</run_address>
         <size>0x4</size>
         <input_file_ref idref="fl-e6"/>
      </object_component>
      <object_component id="oc-160">
         <name>.bss:buffer$1</name>
         <uninitialized>true</uninitialized>
         <run_address>0x2000048c</run_address>
         <size>0x10</size>
         <input_file_ref idref="fl-3"/>
      </object_component>
      <object_component id="oc-24">
         <name>.stack</name>
         <uninitialized>true</uninitialized>
         <run_address>0x20000270</run_address>
         <size>0x4</size>
         <input_file_ref idref="fl-ca"/>
      </object_component>
      <object_component id="oc-4a5">
         <name>.stack</name>
         <uninitialized>true</uninitialized>
         <run_address>0x20000270</run_address>
         <size>0x0</size>
      </object_component>
      <object_component id="oc-b2">
         <name>.debug_info</name>
         <load_address>0x0</load_address>
         <run_address>0x0</run_address>
         <size>0x34d</size>
         <input_file_ref idref="fl-2"/>
      </object_component>
      <object_component id="oc-d6">
         <name>.debug_info</name>
         <load_address>0x34d</load_address>
         <run_address>0x34d</run_address>
         <size>0x798</size>
         <input_file_ref idref="fl-2"/>
      </object_component>
      <object_component id="oc-70">
         <name>.debug_info</name>
         <load_address>0xae5</load_address>
         <run_address>0xae5</run_address>
         <size>0x26b</size>
         <input_file_ref idref="fl-2"/>
      </object_component>
      <object_component id="oc-36">
         <name>.debug_info</name>
         <load_address>0xd50</load_address>
         <run_address>0xd50</run_address>
         <size>0x84</size>
         <input_file_ref idref="fl-2"/>
      </object_component>
      <object_component id="oc-ad">
         <name>.debug_info</name>
         <load_address>0xdd4</load_address>
         <run_address>0xdd4</run_address>
         <size>0x2a4</size>
         <input_file_ref idref="fl-2"/>
      </object_component>
      <object_component id="oc-75">
         <name>.debug_info</name>
         <load_address>0x1078</load_address>
         <run_address>0x1078</run_address>
         <size>0xbb</size>
         <input_file_ref idref="fl-2"/>
      </object_component>
      <object_component id="oc-168">
         <name>.debug_info</name>
         <load_address>0x1133</load_address>
         <run_address>0x1133</run_address>
         <size>0x85c</size>
         <input_file_ref idref="fl-3"/>
      </object_component>
      <object_component id="oc-165">
         <name>.debug_info</name>
         <load_address>0x198f</load_address>
         <run_address>0x198f</run_address>
         <size>0xb9</size>
         <input_file_ref idref="fl-3"/>
      </object_component>
      <object_component id="oc-162">
         <name>.debug_info</name>
         <load_address>0x1a48</load_address>
         <run_address>0x1a48</run_address>
         <size>0x107</size>
         <input_file_ref idref="fl-3"/>
      </object_component>
      <object_component id="oc-9c">
         <name>.debug_info</name>
         <load_address>0x1b4f</load_address>
         <run_address>0x1b4f</run_address>
         <size>0x64b</size>
         <input_file_ref idref="fl-3"/>
      </object_component>
      <object_component id="oc-169">
         <name>.debug_info</name>
         <load_address>0x219a</load_address>
         <run_address>0x219a</run_address>
         <size>0x8b</size>
         <input_file_ref idref="fl-3"/>
      </object_component>
      <object_component id="oc-ba">
         <name>.debug_info</name>
         <load_address>0x2225</load_address>
         <run_address>0x2225</run_address>
         <size>0x2c</size>
         <input_file_ref idref="fl-3"/>
      </object_component>
      <object_component id="oc-1f3">
         <name>.debug_info</name>
         <load_address>0x2251</load_address>
         <run_address>0x2251</run_address>
         <size>0x2c</size>
         <input_file_ref idref="fl-3"/>
      </object_component>
      <object_component id="oc-25d">
         <name>.debug_info</name>
         <load_address>0x227d</load_address>
         <run_address>0x227d</run_address>
         <size>0x35</size>
         <input_file_ref idref="fl-3"/>
      </object_component>
      <object_component id="oc-2f">
         <name>.debug_info</name>
         <load_address>0x22b2</load_address>
         <run_address>0x22b2</run_address>
         <size>0x290</size>
         <input_file_ref idref="fl-4"/>
      </object_component>
      <object_component id="oc-13">
         <name>.debug_info</name>
         <load_address>0x2542</load_address>
         <run_address>0x2542</run_address>
         <size>0xcf</size>
         <input_file_ref idref="fl-4"/>
      </object_component>
      <object_component id="oc-2b">
         <name>.debug_info</name>
         <load_address>0x2611</load_address>
         <run_address>0x2611</run_address>
         <size>0x24b</size>
         <input_file_ref idref="fl-4"/>
      </object_component>
      <object_component id="oc-1e8">
         <name>.debug_info</name>
         <load_address>0x285c</load_address>
         <run_address>0x285c</run_address>
         <size>0x33a</size>
         <input_file_ref idref="fl-bf"/>
      </object_component>
      <object_component id="oc-106">
         <name>.debug_info</name>
         <load_address>0x2b96</load_address>
         <run_address>0x2b96</run_address>
         <size>0x1ee</size>
         <input_file_ref idref="fl-bf"/>
      </object_component>
      <object_component id="oc-1df">
         <name>.debug_info</name>
         <load_address>0x2d84</load_address>
         <run_address>0x2d84</run_address>
         <size>0x1c3</size>
         <input_file_ref idref="fl-bf"/>
      </object_component>
      <object_component id="oc-1e3">
         <name>.debug_info</name>
         <load_address>0x2f47</load_address>
         <run_address>0x2f47</run_address>
         <size>0x176</size>
         <input_file_ref idref="fl-bf"/>
      </object_component>
      <object_component id="oc-1e9">
         <name>.debug_info</name>
         <load_address>0x30bd</load_address>
         <run_address>0x30bd</run_address>
         <size>0x2c</size>
         <input_file_ref idref="fl-bf"/>
      </object_component>
      <object_component id="oc-1ee">
         <name>.debug_info</name>
         <load_address>0x30e9</load_address>
         <run_address>0x30e9</run_address>
         <size>0x69</size>
         <input_file_ref idref="fl-bf"/>
      </object_component>
      <object_component id="oc-29f">
         <name>.debug_info</name>
         <load_address>0x3152</load_address>
         <run_address>0x3152</run_address>
         <size>0x333</size>
         <input_file_ref idref="fl-c0"/>
      </object_component>
      <object_component id="oc-1c8">
         <name>.debug_info</name>
         <load_address>0x3485</load_address>
         <run_address>0x3485</run_address>
         <size>0x1d1</size>
         <input_file_ref idref="fl-c0"/>
      </object_component>
      <object_component id="oc-296">
         <name>.debug_info</name>
         <load_address>0x3656</load_address>
         <run_address>0x3656</run_address>
         <size>0x18d</size>
         <input_file_ref idref="fl-c0"/>
      </object_component>
      <object_component id="oc-29c">
         <name>.debug_info</name>
         <load_address>0x37e3</load_address>
         <run_address>0x37e3</run_address>
         <size>0x16d</size>
         <input_file_ref idref="fl-c0"/>
      </object_component>
      <object_component id="oc-212">
         <name>.debug_info</name>
         <load_address>0x3950</load_address>
         <run_address>0x3950</run_address>
         <size>0x37a</size>
         <input_file_ref idref="fl-c1"/>
      </object_component>
      <object_component id="oc-114">
         <name>.debug_info</name>
         <load_address>0x3cca</load_address>
         <run_address>0x3cca</run_address>
         <size>0x17e</size>
         <input_file_ref idref="fl-c1"/>
      </object_component>
      <object_component id="oc-208">
         <name>.debug_info</name>
         <load_address>0x3e48</load_address>
         <run_address>0x3e48</run_address>
         <size>0x171</size>
         <input_file_ref idref="fl-c1"/>
      </object_component>
      <object_component id="oc-202">
         <name>.debug_info</name>
         <load_address>0x3fb9</load_address>
         <run_address>0x3fb9</run_address>
         <size>0x17e</size>
         <input_file_ref idref="fl-c1"/>
      </object_component>
      <object_component id="oc-20d">
         <name>.debug_info</name>
         <load_address>0x4137</load_address>
         <run_address>0x4137</run_address>
         <size>0x1de</size>
         <input_file_ref idref="fl-c1"/>
      </object_component>
      <object_component id="oc-3d">
         <name>.debug_info</name>
         <load_address>0x4315</load_address>
         <run_address>0x4315</run_address>
         <size>0x119</size>
         <input_file_ref idref="fl-c2"/>
      </object_component>
      <object_component id="oc-8e">
         <name>.debug_info</name>
         <load_address>0x442e</load_address>
         <run_address>0x442e</run_address>
         <size>0x2d4</size>
         <input_file_ref idref="fl-c3"/>
      </object_component>
      <object_component id="oc-4b">
         <name>.debug_info</name>
         <load_address>0x4702</load_address>
         <run_address>0x4702</run_address>
         <size>0x1d2</size>
         <input_file_ref idref="fl-c3"/>
      </object_component>
      <object_component id="oc-89">
         <name>.debug_info</name>
         <load_address>0x48d4</load_address>
         <run_address>0x48d4</run_address>
         <size>0x46</size>
         <input_file_ref idref="fl-c3"/>
      </object_component>
      <object_component id="oc-46">
         <name>.debug_info</name>
         <load_address>0x491a</load_address>
         <run_address>0x491a</run_address>
         <size>0x2a8</size>
         <input_file_ref idref="fl-c4"/>
      </object_component>
      <object_component id="oc-1d">
         <name>.debug_info</name>
         <load_address>0x4bc2</load_address>
         <run_address>0x4bc2</run_address>
         <size>0x1ea</size>
         <input_file_ref idref="fl-c4"/>
      </object_component>
      <object_component id="oc-41">
         <name>.debug_info</name>
         <load_address>0x4dac</load_address>
         <run_address>0x4dac</run_address>
         <size>0x46</size>
         <input_file_ref idref="fl-c4"/>
      </object_component>
      <object_component id="oc-81">
         <name>.debug_info</name>
         <load_address>0x4df2</load_address>
         <run_address>0x4df2</run_address>
         <size>0x2c</size>
         <input_file_ref idref="fl-c4"/>
      </object_component>
      <object_component id="oc-7f">
         <name>.debug_info</name>
         <load_address>0x4e1e</load_address>
         <run_address>0x4e1e</run_address>
         <size>0x29e</size>
         <input_file_ref idref="fl-c5"/>
      </object_component>
      <object_component id="oc-17">
         <name>.debug_info</name>
         <load_address>0x50bc</load_address>
         <run_address>0x50bc</run_address>
         <size>0x250</size>
         <input_file_ref idref="fl-c5"/>
      </object_component>
      <object_component id="oc-31">
         <name>.debug_info</name>
         <load_address>0x530c</load_address>
         <run_address>0x530c</run_address>
         <size>0x60</size>
         <input_file_ref idref="fl-c5"/>
      </object_component>
      <object_component id="oc-b3">
         <name>.debug_info</name>
         <load_address>0x536c</load_address>
         <run_address>0x536c</run_address>
         <size>0x46</size>
         <input_file_ref idref="fl-c5"/>
      </object_component>
      <object_component id="oc-7a">
         <name>.debug_info</name>
         <load_address>0x53b2</load_address>
         <run_address>0x53b2</run_address>
         <size>0x39</size>
         <input_file_ref idref="fl-c5"/>
      </object_component>
      <object_component id="oc-401">
         <name>.debug_info</name>
         <load_address>0x53eb</load_address>
         <run_address>0x53eb</run_address>
         <size>0xf9</size>
         <input_file_ref idref="fl-c6"/>
      </object_component>
      <object_component id="oc-315">
         <name>.debug_info</name>
         <load_address>0x54e4</load_address>
         <run_address>0x54e4</run_address>
         <size>0x105</size>
         <input_file_ref idref="fl-c6"/>
      </object_component>
      <object_component id="oc-1b7">
         <name>.debug_info</name>
         <load_address>0x55e9</load_address>
         <run_address>0x55e9</run_address>
         <size>0x28a</size>
         <input_file_ref idref="fl-c7"/>
      </object_component>
      <object_component id="oc-d3">
         <name>.debug_info</name>
         <load_address>0x5873</load_address>
         <run_address>0x5873</run_address>
         <size>0x273</size>
         <input_file_ref idref="fl-c7"/>
      </object_component>
      <object_component id="oc-1cc">
         <name>.debug_info</name>
         <load_address>0x5ae6</load_address>
         <run_address>0x5ae6</run_address>
         <size>0x2a4</size>
         <input_file_ref idref="fl-c8"/>
      </object_component>
      <object_component id="oc-df">
         <name>.debug_info</name>
         <load_address>0x5d8a</load_address>
         <run_address>0x5d8a</run_address>
         <size>0x24d</size>
         <input_file_ref idref="fl-c8"/>
      </object_component>
      <object_component id="oc-1ce">
         <name>.debug_info</name>
         <load_address>0x5fd7</load_address>
         <run_address>0x5fd7</run_address>
         <size>0x28f</size>
         <input_file_ref idref="fl-c9"/>
      </object_component>
      <object_component id="oc-e4">
         <name>.debug_info</name>
         <load_address>0x6266</load_address>
         <run_address>0x6266</run_address>
         <size>0x245</size>
         <input_file_ref idref="fl-c9"/>
      </object_component>
      <object_component id="oc-25">
         <name>.debug_info</name>
         <load_address>0x64ab</load_address>
         <run_address>0x64ab</run_address>
         <size>0x10b</size>
         <input_file_ref idref="fl-ca"/>
      </object_component>
      <object_component id="oc-5a">
         <name>.debug_info</name>
         <load_address>0x65b6</load_address>
         <run_address>0x65b6</run_address>
         <size>0x1a9</size>
         <input_file_ref idref="fl-ca"/>
      </object_component>
      <object_component id="oc-2e2">
         <name>.debug_info</name>
         <load_address>0x675f</load_address>
         <run_address>0x675f</run_address>
         <size>0x590</size>
         <input_file_ref idref="fl-cb"/>
      </object_component>
      <object_component id="oc-2ad">
         <name>.debug_info</name>
         <load_address>0x6cef</load_address>
         <run_address>0x6cef</run_address>
         <size>0x21e</size>
         <input_file_ref idref="fl-cb"/>
      </object_component>
      <object_component id="oc-3aa">
         <name>.debug_info</name>
         <load_address>0x6f0d</load_address>
         <run_address>0x6f0d</run_address>
         <size>0x1b3</size>
         <input_file_ref idref="fl-cb"/>
      </object_component>
      <object_component id="oc-3b1">
         <name>.debug_info</name>
         <load_address>0x70c0</load_address>
         <run_address>0x70c0</run_address>
         <size>0x21b</size>
         <input_file_ref idref="fl-cb"/>
      </object_component>
      <object_component id="oc-2b9">
         <name>.debug_info</name>
         <load_address>0x72db</load_address>
         <run_address>0x72db</run_address>
         <size>0x3c0</size>
         <input_file_ref idref="fl-cb"/>
      </object_component>
      <object_component id="oc-3b8">
         <name>.debug_info</name>
         <load_address>0x769b</load_address>
         <run_address>0x769b</run_address>
         <size>0x30a</size>
         <input_file_ref idref="fl-cb"/>
      </object_component>
      <object_component id="oc-3bd">
         <name>.debug_info</name>
         <load_address>0x79a5</load_address>
         <run_address>0x79a5</run_address>
         <size>0x215</size>
         <input_file_ref idref="fl-cb"/>
      </object_component>
      <object_component id="oc-2bf">
         <name>.debug_info</name>
         <load_address>0x7bba</load_address>
         <run_address>0x7bba</run_address>
         <size>0x215</size>
         <input_file_ref idref="fl-cb"/>
      </object_component>
      <object_component id="oc-2c4">
         <name>.debug_info</name>
         <load_address>0x7dcf</load_address>
         <run_address>0x7dcf</run_address>
         <size>0x304</size>
         <input_file_ref idref="fl-cb"/>
      </object_component>
      <object_component id="oc-2cb">
         <name>.debug_info</name>
         <load_address>0x80d3</load_address>
         <run_address>0x80d3</run_address>
         <size>0x4b5</size>
         <input_file_ref idref="fl-cb"/>
      </object_component>
      <object_component id="oc-1d7">
         <name>.debug_info</name>
         <load_address>0x8588</load_address>
         <run_address>0x8588</run_address>
         <size>0x5f4</size>
         <input_file_ref idref="fl-cb"/>
      </object_component>
      <object_component id="oc-2e3">
         <name>.debug_info</name>
         <load_address>0x8b7c</load_address>
         <run_address>0x8b7c</run_address>
         <size>0x86</size>
         <input_file_ref idref="fl-cb"/>
      </object_component>
      <object_component id="oc-3e1">
         <name>.debug_info</name>
         <load_address>0x8c02</load_address>
         <run_address>0x8c02</run_address>
         <size>0x39</size>
         <input_file_ref idref="fl-cb"/>
      </object_component>
      <object_component id="oc-451">
         <name>.debug_info</name>
         <load_address>0x8c3b</load_address>
         <run_address>0x8c3b</run_address>
         <size>0xb6</size>
         <input_file_ref idref="fl-cb"/>
      </object_component>
      <object_component id="oc-3e6">
         <name>.debug_info</name>
         <load_address>0x8cf1</load_address>
         <run_address>0x8cf1</run_address>
         <size>0x46</size>
         <input_file_ref idref="fl-cb"/>
      </object_component>
      <object_component id="oc-2e8">
         <name>.debug_info</name>
         <load_address>0x8d37</load_address>
         <run_address>0x8d37</run_address>
         <size>0x46</size>
         <input_file_ref idref="fl-cb"/>
      </object_component>
      <object_component id="oc-325">
         <name>.debug_info</name>
         <load_address>0x8d7d</load_address>
         <run_address>0x8d7d</run_address>
         <size>0x5ce</size>
         <input_file_ref idref="fl-cc"/>
      </object_component>
      <object_component id="oc-1fc">
         <name>.debug_info</name>
         <load_address>0x934b</load_address>
         <run_address>0x934b</run_address>
         <size>0xa45</size>
         <input_file_ref idref="fl-cc"/>
      </object_component>
      <object_component id="oc-327">
         <name>.debug_info</name>
         <load_address>0x9d90</load_address>
         <run_address>0x9d90</run_address>
         <size>0x9a</size>
         <input_file_ref idref="fl-cc"/>
      </object_component>
      <object_component id="oc-3a5">
         <name>.debug_info</name>
         <load_address>0x9e2a</load_address>
         <run_address>0x9e2a</run_address>
         <size>0x14c</size>
         <input_file_ref idref="fl-cd"/>
      </object_component>
      <object_component id="oc-2b3">
         <name>.debug_info</name>
         <load_address>0x9f76</load_address>
         <run_address>0x9f76</run_address>
         <size>0x128</size>
         <input_file_ref idref="fl-ce"/>
      </object_component>
      <object_component id="oc-391">
         <name>.debug_info</name>
         <load_address>0xa09e</load_address>
         <run_address>0xa09e</run_address>
         <size>0x12a</size>
         <input_file_ref idref="fl-ce"/>
      </object_component>
      <object_component id="oc-38d">
         <name>.debug_info</name>
         <load_address>0xa1c8</load_address>
         <run_address>0xa1c8</run_address>
         <size>0x13a</size>
         <input_file_ref idref="fl-cf"/>
      </object_component>
      <object_component id="oc-386">
         <name>.debug_info</name>
         <load_address>0xa302</load_address>
         <run_address>0xa302</run_address>
         <size>0x13a</size>
         <input_file_ref idref="fl-d0"/>
      </object_component>
      <object_component id="oc-396">
         <name>.debug_info</name>
         <load_address>0xa43c</load_address>
         <run_address>0xa43c</run_address>
         <size>0x12e</size>
         <input_file_ref idref="fl-d1"/>
      </object_component>
      <object_component id="oc-306">
         <name>.debug_info</name>
         <load_address>0xa56a</load_address>
         <run_address>0xa56a</run_address>
         <size>0x13e</size>
         <input_file_ref idref="fl-d2"/>
      </object_component>
      <object_component id="oc-3a0">
         <name>.debug_info</name>
         <load_address>0xa6a8</load_address>
         <run_address>0xa6a8</run_address>
         <size>0x12c</size>
         <input_file_ref idref="fl-d3"/>
      </object_component>
      <object_component id="oc-92">
         <name>.debug_info</name>
         <load_address>0xa7d4</load_address>
         <run_address>0xa7d4</run_address>
         <size>0x147</size>
         <input_file_ref idref="fl-d4"/>
      </object_component>
      <object_component id="oc-381">
         <name>.debug_info</name>
         <load_address>0xa91b</load_address>
         <run_address>0xa91b</run_address>
         <size>0x134</size>
         <input_file_ref idref="fl-d5"/>
      </object_component>
      <object_component id="oc-26d">
         <name>.debug_info</name>
         <load_address>0xaa4f</load_address>
         <run_address>0xaa4f</run_address>
         <size>0x4b3</size>
         <input_file_ref idref="fl-d6"/>
      </object_component>
      <object_component id="oc-17b">
         <name>.debug_info</name>
         <load_address>0xaf02</load_address>
         <run_address>0xaf02</run_address>
         <size>0x1a6</size>
         <input_file_ref idref="fl-d6"/>
      </object_component>
      <object_component id="oc-367">
         <name>.debug_info</name>
         <load_address>0xb0a8</load_address>
         <run_address>0xb0a8</run_address>
         <size>0x39</size>
         <input_file_ref idref="fl-d6"/>
      </object_component>
      <object_component id="oc-415">
         <name>.debug_info</name>
         <load_address>0xb0e1</load_address>
         <run_address>0xb0e1</run_address>
         <size>0x39</size>
         <input_file_ref idref="fl-d6"/>
      </object_component>
      <object_component id="oc-36c">
         <name>.debug_info</name>
         <load_address>0xb11a</load_address>
         <run_address>0xb11a</run_address>
         <size>0x39</size>
         <input_file_ref idref="fl-d6"/>
      </object_component>
      <object_component id="oc-371">
         <name>.debug_info</name>
         <load_address>0xb153</load_address>
         <run_address>0xb153</run_address>
         <size>0xcd</size>
         <input_file_ref idref="fl-d6"/>
      </object_component>
      <object_component id="oc-96">
         <name>.debug_info</name>
         <load_address>0xb220</load_address>
         <run_address>0xb220</run_address>
         <size>0x153</size>
         <input_file_ref idref="fl-d7"/>
      </object_component>
      <object_component id="oc-172">
         <name>.debug_info</name>
         <load_address>0xb373</load_address>
         <run_address>0xb373</run_address>
         <size>0x122</size>
         <input_file_ref idref="fl-d9"/>
      </object_component>
      <object_component id="oc-42e">
         <name>.debug_info</name>
         <load_address>0xb495</load_address>
         <run_address>0xb495</run_address>
         <size>0x29c</size>
         <input_file_ref idref="fl-db"/>
      </object_component>
      <object_component id="oc-39a">
         <name>.debug_info</name>
         <load_address>0xb731</load_address>
         <run_address>0xb731</run_address>
         <size>0x1da</size>
         <input_file_ref idref="fl-db"/>
      </object_component>
      <object_component id="oc-37d">
         <name>.debug_info</name>
         <load_address>0xb90b</load_address>
         <run_address>0xb90b</run_address>
         <size>0x2b9</size>
         <input_file_ref idref="fl-dd"/>
      </object_component>
      <object_component id="oc-2a8">
         <name>.debug_info</name>
         <load_address>0xbbc4</load_address>
         <run_address>0xbbc4</run_address>
         <size>0x17c</size>
         <input_file_ref idref="fl-dd"/>
      </object_component>
      <object_component id="oc-3d2">
         <name>.debug_info</name>
         <load_address>0xbd40</load_address>
         <run_address>0xbd40</run_address>
         <size>0x2a7</size>
         <input_file_ref idref="fl-de"/>
      </object_component>
      <object_component id="oc-2d2">
         <name>.debug_info</name>
         <load_address>0xbfe7</load_address>
         <run_address>0xbfe7</run_address>
         <size>0x1b8</size>
         <input_file_ref idref="fl-de"/>
      </object_component>
      <object_component id="oc-405">
         <name>.debug_info</name>
         <load_address>0xc19f</load_address>
         <run_address>0xc19f</run_address>
         <size>0x29a</size>
         <input_file_ref idref="fl-df"/>
      </object_component>
      <object_component id="oc-320">
         <name>.debug_info</name>
         <load_address>0xc439</load_address>
         <run_address>0xc439</run_address>
         <size>0x262</size>
         <input_file_ref idref="fl-df"/>
      </object_component>
      <object_component id="oc-403">
         <name>.debug_info</name>
         <load_address>0xc69b</load_address>
         <run_address>0xc69b</run_address>
         <size>0x296</size>
         <input_file_ref idref="fl-e0"/>
      </object_component>
      <object_component id="oc-318">
         <name>.debug_info</name>
         <load_address>0xc931</load_address>
         <run_address>0xc931</run_address>
         <size>0x265</size>
         <input_file_ref idref="fl-e0"/>
      </object_component>
      <object_component id="oc-3f8">
         <name>.debug_info</name>
         <load_address>0xcb96</load_address>
         <run_address>0xcb96</run_address>
         <size>0x3b1</size>
         <input_file_ref idref="fl-e1"/>
      </object_component>
      <object_component id="oc-3f5">
         <name>.debug_info</name>
         <load_address>0xcf47</load_address>
         <run_address>0xcf47</run_address>
         <size>0x123</size>
         <input_file_ref idref="fl-e1"/>
      </object_component>
      <object_component id="oc-2ff">
         <name>.debug_info</name>
         <load_address>0xd06a</load_address>
         <run_address>0xd06a</run_address>
         <size>0x4e0</size>
         <input_file_ref idref="fl-e1"/>
      </object_component>
      <object_component id="oc-3fc">
         <name>.debug_info</name>
         <load_address>0xd54a</load_address>
         <run_address>0xd54a</run_address>
         <size>0x321</size>
         <input_file_ref idref="fl-e2"/>
      </object_component>
      <object_component id="oc-30b">
         <name>.debug_info</name>
         <load_address>0xd86b</load_address>
         <run_address>0xd86b</run_address>
         <size>0x28b</size>
         <input_file_ref idref="fl-e2"/>
      </object_component>
      <object_component id="oc-3fe">
         <name>.debug_info</name>
         <load_address>0xdaf6</load_address>
         <run_address>0xdaf6</run_address>
         <size>0x322</size>
         <input_file_ref idref="fl-e3"/>
      </object_component>
      <object_component id="oc-312">
         <name>.debug_info</name>
         <load_address>0xde18</load_address>
         <run_address>0xde18</run_address>
         <size>0x2cf</size>
         <input_file_ref idref="fl-e3"/>
      </object_component>
      <object_component id="oc-3f3">
         <name>.debug_info</name>
         <load_address>0xe0e7</load_address>
         <run_address>0xe0e7</run_address>
         <size>0x322</size>
         <input_file_ref idref="fl-e4"/>
      </object_component>
      <object_component id="oc-2f8">
         <name>.debug_info</name>
         <load_address>0xe409</load_address>
         <run_address>0xe409</run_address>
         <size>0x231</size>
         <input_file_ref idref="fl-e4"/>
      </object_component>
      <object_component id="oc-3f1">
         <name>.debug_info</name>
         <load_address>0xe63a</load_address>
         <run_address>0xe63a</run_address>
         <size>0x323</size>
         <input_file_ref idref="fl-e5"/>
      </object_component>
      <object_component id="oc-2f2">
         <name>.debug_info</name>
         <load_address>0xe95d</load_address>
         <run_address>0xe95d</run_address>
         <size>0x254</size>
         <input_file_ref idref="fl-e5"/>
      </object_component>
      <object_component id="oc-3de">
         <name>.debug_info</name>
         <load_address>0xebb1</load_address>
         <run_address>0xebb1</run_address>
         <size>0x289</size>
         <input_file_ref idref="fl-e6"/>
      </object_component>
      <object_component id="oc-3db">
         <name>.debug_info</name>
         <load_address>0xee3a</load_address>
         <run_address>0xee3a</run_address>
         <size>0x10e</size>
         <input_file_ref idref="fl-e6"/>
      </object_component>
      <object_component id="oc-2dd">
         <name>.debug_info</name>
         <load_address>0xef48</load_address>
         <run_address>0xef48</run_address>
         <size>0x14e</size>
         <input_file_ref idref="fl-e6"/>
      </object_component>
      <object_component id="oc-3d9">
         <name>.debug_info</name>
         <load_address>0xf096</load_address>
         <run_address>0xf096</run_address>
         <size>0x28f</size>
         <input_file_ref idref="fl-e7"/>
      </object_component>
      <object_component id="oc-2d7">
         <name>.debug_info</name>
         <load_address>0xf325</load_address>
         <run_address>0xf325</run_address>
         <size>0x15a</size>
         <input_file_ref idref="fl-e7"/>
      </object_component>
      <object_component id="oc-446">
         <name>.debug_info</name>
         <load_address>0xf47f</load_address>
         <run_address>0xf47f</run_address>
         <size>0x46</size>
         <input_file_ref idref="fl-e7"/>
      </object_component>
      <object_component id="oc-3d4">
         <name>.debug_info</name>
         <load_address>0xf4c5</load_address>
         <run_address>0xf4c5</run_address>
         <size>0x39</size>
         <input_file_ref idref="fl-e7"/>
      </object_component>
      <object_component id="oc-436">
         <name>.debug_info</name>
         <load_address>0xf4fe</load_address>
         <run_address>0xf4fe</run_address>
         <size>0x295</size>
         <input_file_ref idref="fl-e8"/>
      </object_component>
      <object_component id="oc-3c5">
         <name>.debug_info</name>
         <load_address>0xf793</load_address>
         <run_address>0xf793</run_address>
         <size>0x195</size>
         <input_file_ref idref="fl-e8"/>
      </object_component>
      <object_component id="oc-46e">
         <name>.debug_info</name>
         <load_address>0xf928</load_address>
         <run_address>0xf928</run_address>
         <size>0x39</size>
         <input_file_ref idref="fl-e8"/>
      </object_component>
      <object_component id="oc-437">
         <name>.debug_info</name>
         <load_address>0xf961</load_address>
         <run_address>0xf961</run_address>
         <size>0x2c</size>
         <input_file_ref idref="fl-e8"/>
      </object_component>
      <object_component id="oc-443">
         <name>.debug_info</name>
         <load_address>0xf98d</load_address>
         <run_address>0xf98d</run_address>
         <size>0x2f8</size>
         <input_file_ref idref="fl-e9"/>
      </object_component>
      <object_component id="oc-3cb">
         <name>.debug_info</name>
         <load_address>0xfc85</load_address>
         <run_address>0xfc85</run_address>
         <size>0x225</size>
         <input_file_ref idref="fl-e9"/>
      </object_component>
      <object_component id="oc-426">
         <name>.debug_info</name>
         <load_address>0xfeaa</load_address>
         <run_address>0xfeaa</run_address>
         <size>0x115</size>
         <input_file_ref idref="fl-ea"/>
      </object_component>
      <object_component id="oc-3ee">
         <name>.debug_info</name>
         <load_address>0xffbf</load_address>
         <run_address>0xffbf</run_address>
         <size>0x122</size>
         <input_file_ref idref="fl-eb"/>
      </object_component>
      <object_component id="oc-440">
         <name>.debug_info</name>
         <load_address>0x100e1</load_address>
         <run_address>0x100e1</run_address>
         <size>0x161</size>
         <input_file_ref idref="fl-ec"/>
      </object_component>
      <object_component id="oc-1d1">
         <name>.debug_info</name>
         <load_address>0x10242</load_address>
         <run_address>0x10242</run_address>
         <size>0x3ba</size>
         <input_file_ref idref="fl-ed"/>
      </object_component>
      <object_component id="oc-156">
         <name>.debug_info</name>
         <load_address>0x105fc</load_address>
         <run_address>0x105fc</run_address>
         <size>0x33c</size>
         <input_file_ref idref="fl-ed"/>
      </object_component>
      <object_component id="oc-15c">
         <name>.debug_info</name>
         <load_address>0x10938</load_address>
         <run_address>0x10938</run_address>
         <size>0x2a9</size>
         <input_file_ref idref="fl-ed"/>
      </object_component>
      <object_component id="oc-102">
         <name>.debug_info</name>
         <load_address>0x10be1</load_address>
         <run_address>0x10be1</run_address>
         <size>0x308</size>
         <input_file_ref idref="fl-ed"/>
      </object_component>
      <object_component id="oc-150">
         <name>.debug_info</name>
         <load_address>0x10ee9</load_address>
         <run_address>0x10ee9</run_address>
         <size>0x32f</size>
         <input_file_ref idref="fl-ed"/>
      </object_component>
      <object_component id="oc-f0">
         <name>.debug_info</name>
         <load_address>0x11218</load_address>
         <run_address>0x11218</run_address>
         <size>0x2ad</size>
         <input_file_ref idref="fl-ed"/>
      </object_component>
      <object_component id="oc-f6">
         <name>.debug_info</name>
         <load_address>0x114c5</load_address>
         <run_address>0x114c5</run_address>
         <size>0x2f0</size>
         <input_file_ref idref="fl-ed"/>
      </object_component>
      <object_component id="oc-fc">
         <name>.debug_info</name>
         <load_address>0x117b5</load_address>
[...]
         <name>__TI_Handler_Table_Limit</name>
         <value>0x47ec</value>
      </symbol>
      <symbol id="sm-8">
         <name>binit</name>
         <value>0xffffffff</value>
      </symbol>
      <symbol id="sm-9">
         <name>__binit__</name>
         <value>0xffffffff</value>
      </symbol>
      <symbol id="sm-a">
         <name>__STACK_SIZE</name>
         <value>0x200</value>
      </symbol>
      <symbol id="sm-b">
         <name>__STACK_END</name>
         <value>0x20000470</value>
      </symbol>
      <symbol id="sm-c">
         <name>__c_args__</name>
         <value>0xffffffff</value>
      </symbol>
      <symbol id="sm-d">
         <name>__TI_pprof_out_hndl</name>
         <value>0xffffffff</value>
      </symbol>
      <symbol id="sm-e">
         <name>__TI_prof_data_start</name>
         <value>0xffffffff</value>
      </symbol>
      <symbol id="sm-f">
         <name>__TI_prof_data_size</name>
         <value>0xffffffff</value>
      </symbol>
      <symbol id="sm-58">
         <name>lcdSayiyaz</name>
         <value>0x23dd</value>
         <object_component_ref idref="oc-d5"/>
      </symbol>
      <symbol id="sm-59">
         <name>LCDTemizle</name>
         <value>0x237b</value>
         <object_component_ref idref="oc-d5"/>
      </symbol>
      <symbol id="sm-5a">
         <name>LCDgit</name>
         <value>0x238d</value>
         <object_component_ref idref="oc-d5"/>
      </symbol>
      <symbol id="sm-5b">
         <name>LCDilkayarlar</name>
         <value>0x22ef</value>
         <object_component_ref idref="oc-d5"/>
      </symbol>
      <symbol id="sm-5c">
         <name>otuzhexgonder</name>
         <value>0x21a5</value>
         <object_component_ref idref="oc-d5"/>
      </symbol>
      <symbol id="sm-5d">
         <name>lcdkarakteryaz</name>
         <value>0x2267</value>
         <object_component_ref idref="oc-d5"/>
      </symbol>
      <symbol id="sm-5e">
         <name>lcdyaz</name>
         <value>0x23c1</value>
         <object_component_ref idref="oc-d5"/>
      </symbol>
      <symbol id="sm-5f">
         <name>lcdkomut</name>
         <value>0x21df</value>
         <object_component_ref idref="oc-d5"/>
      </symbol>
      <symbol id="sm-bc">
         <name>sendADCandTime</name>
         <value>0x1cdd</value>
         <object_component_ref idref="oc-9b"/>
      </symbol>
      <symbol id="sm-bd">
         <name>initSystem</name>
         <value>0x1def</value>
         <object_component_ref idref="oc-9b"/>
      </symbol>
      <symbol id="sm-be">
         <name>saatBilgisi</name>
         <value>0x2000047c</value>
         <object_component_ref idref="oc-164"/>
      </symbol>
      <symbol id="sm-bf">
         <name>adcValue</name>
         <value>0x20000470</value>
         <object_component_ref idref="oc-161"/>
      </symbol>
      <symbol id="sm-c0">
         <name>updateLCD</name>
         <value>0x1dad</value>
         <object_component_ref idref="oc-9b"/>
      </symbol>
      <symbol id="sm-c1">
         <name>main</name>
         <value>0x1e79</value>
         <object_component_ref idref="oc-9b"/>
      </symbol>
      <symbol id="sm-c2">
         <name>saatGuncelle</name>
         <value>0x20000475</value>
         <object_component_ref idref="oc-161"/>
      </symbol>
      <symbol id="sm-c3">
         <name>yeniSaatGeldi</name>
         <value>0x20000474</value>
         <object_component_ref idref="oc-161"/>
      </symbol>
      <symbol id="sm-c4">
         <name>UART0Handler</name>
         <value>0x1c31</value>
         <object_component_ref idref="oc-9b"/>
      </symbol>
      <symbol id="sm-e0">
         <name>ResetISR</name>
         <value>0x43f5</value>
         <object_component_ref idref="oc-27"/>
      </symbol>
      <symbol id="sm-e1">
         <name>g_pfnVectors</name>
         <value>0x0</value>
         <object_component_ref idref="oc-12"/>
      </symbol>
      <symbol id="sm-110">
         <name>snprintf</name>
         <value>0x3e65</value>
         <object_component_ref idref="oc-105"/>
      </symbol>
      <symbol id="sm-132">
         <name>sprintf</name>
         <value>0x3fc5</value>
         <object_component_ref idref="oc-1c4"/>
      </symbol>
      <symbol id="sm-169">
         <name>sscanf</name>
         <value>0x4045</value>
         <object_component_ref idref="oc-111"/>
      </symbol>
      <symbol id="sm-184">
         <name>memcpy</name>
         <value>0x36d7</value>
         <object_component_ref idref="oc-3b"/>
      </symbol>
      <symbol id="sm-185">
         <name>__aeabi_memcpy</name>
         <value>0x36d7</value>
         <object_component_ref idref="oc-3b"/>
      </symbol>
      <symbol id="sm-186">
         <name>__aeabi_memcpy8</name>
         <value>0x36d7</value>
         <object_component_ref idref="oc-3b"/>
      </symbol>
      <symbol id="sm-187">
         <name>__aeabi_memcpy4</name>
         <value>0x36d7</value>
         <object_component_ref idref="oc-3b"/>
      </symbol>
      <symbol id="sm-19b">
         <name>__TI_zero_init_nomemset</name>
         <value>0x420f</value>
         <object_component_ref idref="oc-47"/>
      </symbol>
      <symbol id="sm-1b2">
         <name>__TI_decompress_none</name>
         <value>0x43db</value>
         <object_component_ref idref="oc-1b"/>
      </symbol>
      <symbol id="sm-1d5">
         <name>__TI_decompress_lzss</name>
         <value>0x3bb5</value>
         <object_component_ref idref="oc-15"/>
      </symbol>
      <symbol id="sm-1e0">
         <name>_ctypes_</name>
         <value>0x4458</value>
         <object_component_ref idref="oc-314"/>
      </symbol>
      <symbol id="sm-1ef">
         <name>strcmp</name>
         <value>0x42f3</value>
         <object_component_ref idref="oc-cf"/>
      </symbol>
      <symbol id="sm-1fd">
         <name>strcpy</name>
         <value>0x4363</value>
         <object_component_ref idref="oc-db"/>
      </symbol>
      <symbol id="sm-20b">
         <name>strlen</name>
         <value>0x4377</value>
         <object_component_ref idref="oc-e1"/>
      </symbol>
      <symbol id="sm-21e">
         <name>__stack</name>
         <value>0x20000270</value>
         <object_component_ref idref="oc-24"/>
      </symbol>
      <symbol id="sm-21f">
         <name>_c_int00_noargs</name>
         <value>0x40e5</value>
         <object_component_ref idref="oc-59"/>
      </symbol>
      <symbol id="sm-384">
         <name>__TI_printfi</name>
         <value>0xd81</value>
         <object_component_ref idref="oc-1d5"/>
      </symbol>
      <symbol id="sm-43a">
         <name>__TI_scanfi</name>
         <value>0x26d</value>
         <object_component_ref idref="oc-1f9"/>
      </symbol>
      <symbol id="sm-451">
         <name>__aeabi_dsub</name>
         <value>0x27b5</value>
         <object_component_ref idref="oc-3a4"/>
      </symbol>
      <symbol id="sm-452">
         <name>__aeabi_dadd</name>
         <value>0x27bf</value>
         <object_component_ref idref="oc-3a4"/>
      </symbol>
      <symbol id="sm-474">
         <name>__aeabi_cdcmpeq</name>
         <value>0x3809</value>
         <object_component_ref idref="oc-2b2"/>
      </symbol>
      <symbol id="sm-475">
         <name>__aeabi_cdcmple</name>
         <value>0x3809</value>
         <object_component_ref idref="oc-2b2"/>
      </symbol>
      <symbol id="sm-476">
         <name>__aeabi_cdrcmple</name>
         <value>0x388f</value>
         <object_component_ref idref="oc-38f"/>
      </symbol>
      <symbol id="sm-48a">
         <name>__aeabi_ddiv</name>
         <value>0x2d71</value>
         <object_component_ref idref="oc-38a"/>
      </symbol>
      <symbol id="sm-495">
         <name>__aeabi_dmul</name>
         <value>0x3435</value>
         <object_component_ref idref="oc-385"/>
      </symbol>
      <symbol id="sm-49f">
         <name>__aeabi_d2iz</name>
         <value>0x3eb1</value>
         <object_component_ref idref="oc-394"/>
      </symbol>
      <symbol id="sm-4ab">
         <name>__aeabi_d2f</name>
         <value>0x3a77</value>
         <object_component_ref idref="oc-303"/>
      </symbol>
      <symbol id="sm-4b5">
         <name>__aeabi_i2d</name>
         <value>0x4177</value>
         <object_component_ref idref="oc-39f"/>
      </symbol>
      <symbol id="sm-4c4">
         <name>__aeabi_memset</name>
         <value>0x3991</value>
         <object_component_ref idref="oc-8f"/>
      </symbol>
      <symbol id="sm-4c5">
         <name>memset</name>
         <value>0x3997</value>
         <object_component_ref idref="oc-8f"/>
      </symbol>
      <symbol id="sm-4c6">
         <name>__aeabi_memset8</name>
         <value>0x3991</value>
         <object_component_ref idref="oc-8f"/>
      </symbol>
      <symbol id="sm-4c7">
         <name>__aeabi_memset4</name>
         <value>0x3991</value>
         <object_component_ref idref="oc-8f"/>
      </symbol>
      <symbol id="sm-4c8">
         <name>__aeabi_memclr8</name>
         <value>0x398f</value>
         <object_component_ref idref="oc-8f"/>
      </symbol>
      <symbol id="sm-4c9">
         <name>__aeabi_memclr4</name>
         <value>0x398f</value>
         <object_component_ref idref="oc-8f"/>
      </symbol>
      <symbol id="sm-4ca">
         <name>__aeabi_memclr</name>
         <value>0x398f</value>
         <object_component_ref idref="oc-8f"/>
      </symbol>
      <symbol id="sm-4d7">
         <name>__aeabi_uldivmod</name>
         <value>0x3773</value>
         <object_component_ref idref="oc-37e"/>
      </symbol>
      <symbol id="sm-4ff">
         <name>__TI_auto_init_nobinit_nopinit</name>
         <value>0x3f41</value>
         <object_component_ref idref="oc-17a"/>
      </symbol>
      <symbol id="sm-509">
         <name>_system_pre_init</name>
         <value>0x4451</value>
         <object_component_ref idref="oc-95"/>
      </symbol>
      <symbol id="sm-515">
         <name>C$$EXIT</name>
         <value>0x4455</value>
         <object_component_ref idref="oc-16e"/>
      </symbol>
      <symbol id="sm-516">
         <name>abort</name>
         <value>0x4455</value>
         <object_component_ref idref="oc-16e"/>
      </symbol>
      <symbol id="sm-526">
         <name>__TI_ltoa</name>
         <value>0x3cd7</value>
         <object_component_ref idref="oc-399"/>
      </symbol>
      <symbol id="sm-53d">
         <name>atoi</name>
         <value>0x3e19</value>
         <object_component_ref idref="oc-2a6"/>
      </symbol>
      <symbol id="sm-54d">
         <name>memccpy</name>
         <value>0x422b</value>
         <object_component_ref idref="oc-2cf"/>
      </symbol>
      <symbol id="sm-55d">
         <name>strchr</name>
         <value>0x4339</value>
         <object_component_ref idref="oc-31d"/>
      </symbol>
      <symbol id="sm-56c">
         <name>strrchr</name>
         <value>0x430b</value>
         <object_component_ref idref="oc-317"/>
      </symbol>
      <symbol id="sm-5cc">
         <name>strtold</name>
         <value>0x17d1</value>
         <object_component_ref idref="oc-2fd"/>
      </symbol>
      <symbol id="sm-5cd">
         <name>strtod</name>
         <value>0x17d1</value>
         <object_component_ref idref="oc-2fd"/>
      </symbol>
      <symbol id="sm-5f1">
         <name>strtol</name>
         <value>0x2ea9</value>
         <object_component_ref idref="oc-308"/>
      </symbol>
      <symbol id="sm-617">
         <name>strtoll</name>
         <value>0x2409</value>
         <object_component_ref idref="oc-30e"/>
      </symbol>
      <symbol id="sm-637">
         <name>strtoul</name>
         <value>0x3325</value>
         <object_component_ref idref="oc-2f7"/>
      </symbol>
      <symbol id="sm-65a">
         <name>strtoull</name>
         <value>0x2ad9</value>
         <object_component_ref idref="oc-2f1"/>
      </symbol>
      <symbol id="sm-670">
         <name>__aeabi_errno_addr</name>
         <value>0x4431</value>
         <object_component_ref idref="oc-2db"/>
      </symbol>
      <symbol id="sm-671">
         <name>errno</name>
         <value>0x20000488</value>
         <object_component_ref idref="oc-3da"/>
      </symbol>
      <symbol id="sm-68a">
         <name>wcslen</name>
         <value>0x439d</value>
         <object_component_ref idref="oc-2d5"/>
      </symbol>
      <symbol id="sm-6aa">
         <name>frexpl</name>
         <value>0x3c1d</value>
         <object_component_ref idref="oc-3c4"/>
      </symbol>
      <symbol id="sm-6ab">
         <name>frexp</name>
         <value>0x3c1d</value>
         <object_component_ref idref="oc-3c4"/>
      </symbol>
      <symbol id="sm-6c8">
         <name>scalbn</name>
         <value>0x3215</value>
         <object_component_ref idref="oc-3ca"/>
      </symbol>
      <symbol id="sm-6c9">
         <name>scalbnl</name>
         <value>0x3215</value>
         <object_component_ref idref="oc-3ca"/>
      </symbol>
      <symbol id="sm-6ca">
         <name>ldexpl</name>
         <value>0x3215</value>
         <object_component_ref idref="oc-3ca"/>
      </symbol>
      <symbol id="sm-6cb">
         <name>ldexp</name>
         <value>0x3215</value>
         <object_component_ref idref="oc-3ca"/>
      </symbol>
      <symbol id="sm-6d5">
         <name>__aeabi_idiv0</name>
         <value>0x17cf</value>
         <object_component_ref idref="oc-423"/>
      </symbol>
      <symbol id="sm-6d6">
         <name>__aeabi_ldiv0</name>
         <value>0x17cf</value>
         <object_component_ref idref="oc-423"/>
      </symbol>
      <symbol id="sm-6df">
         <name>__aeabi_lmul</name>
         <value>0x42db</value>
         <object_component_ref idref="oc-3eb"/>
      </symbol>
      <symbol id="sm-6e9">
         <name>copysign</name>
         <value>0x4261</value>
         <object_component_ref idref="oc-43c"/>
      </symbol>
      <symbol id="sm-6ea">
         <name>copysignl</name>
         <value>0x4261</value>
         <object_component_ref idref="oc-43c"/>
      </symbol>
      <symbol id="sm-743">
         <name>ADCProcessorTrigger</name>
         <value>0x427b</value>
         <object_component_ref idref="oc-ed"/>
      </symbol>
      <symbol id="sm-744">
         <name>ADCSequenceEnable</name>
         <value>0x43bf</value>
         <object_component_ref idref="oc-159"/>
      </symbol>
      <symbol id="sm-745">
         <name>ADCSequenceConfigure</name>
         <value>0x3d7d</value>
         <object_component_ref idref="oc-14d"/>
      </symbol>
      <symbol id="sm-746">
         <name>ADCSequenceStepConfigure</name>
         <value>0x3915</value>
         <object_component_ref idref="oc-153"/>
      </symbol>
      <symbol id="sm-747">
         <name>ADCIntClear</name>
         <value>0x4401</value>
         <object_component_ref idref="oc-f9"/>
      </symbol>
      <symbol id="sm-748">
         <name>ADCIntStatus</name>
         <value>0x4149</value>
         <object_component_ref idref="oc-f3"/>
      </symbol>
      <symbol id="sm-749">
         <name>ADCSequenceDataGet</name>
         <value>0x41f1</value>
         <object_component_ref idref="oc-ff"/>
      </symbol>
      <symbol id="sm-793">
         <name>GPIOPinConfigure</name>
         <value>0x3dcd</value>
         <object_component_ref idref="oc-123"/>
      </symbol>
      <symbol id="sm-794">
         <name>GPIOPinTypeUART</name>
         <value>0x4323</value>
         <object_component_ref idref="oc-129"/>
      </symbol>
      <symbol id="sm-795">
         <name>GPIOPinTypeGPIOOutput</name>
         <value>0x4247</value>
         <object_component_ref idref="oc-1be"/>
      </symbol>
      <symbol id="sm-796">
         <name>GPIODirModeSet</name>
         <value>0x41a5</value>
         <object_component_ref idref="oc-21b"/>
      </symbol>
      <symbol id="sm-797">
         <name>GPIOPinWrite</name>
         <value>0x4441</value>
         <object_component_ref idref="oc-1b8"/>
      </symbol>
      <symbol id="sm-798">
         <name>GPIOPadConfigSet</name>
         <value>0x296d</value>
         <object_component_ref idref="oc-221"/>
      </symbol>
      <symbol id="sm-7d2">
         <name>IntEnable</name>
         <value>0x3ae5</value>
         <object_component_ref idref="oc-245"/>
      </symbol>
      <symbol id="sm-7d3">
         <name>IntRegister</name>
         <value>0x407d</value>
         <object_component_ref idref="oc-23f"/>
      </symbol>
      <symbol id="sm-7d4">
         <name>g_pfnRAMVectors</name>
         <value>0x20000000</value>
         <object_component_ref idref="oc-34d"/>
      </symbol>
      <symbol id="sm-7d5">
         <name>IntMasterEnable</name>
         <value>0x43af</value>
         <object_component_ref idref="oc-147"/>
      </symbol>
      <symbol id="sm-828">
         <name>SysCtlClockSet</name>
         <value>0x3531</value>
         <object_component_ref idref="oc-117"/>
      </symbol>
      <symbol id="sm-829">
         <name>SysCtlDelay</name>
         <value>0x4447</value>
         <object_component_ref idref="oc-15f"/>
      </symbol>
      <symbol id="sm-82a">
         <name>SysCtlPeripheralEnable</name>
         <value>0x40b1</value>
         <object_component_ref idref="oc-11d"/>
      </symbol>
      <symbol id="sm-82b">
         <name>SysCtlClockGet</name>
         <value>0x30fd</value>
         <object_component_ref idref="oc-12f"/>
      </symbol>
      <symbol id="sm-89d">
         <name>UARTConfigSetExpClk</name>
         <value>0x3ef9</value>
         <object_component_ref idref="oc-135"/>
      </symbol>
      <symbol id="sm-89e">
         <name>UARTDisable</name>
         <value>0x41d1</value>
         <object_component_ref idref="oc-22c"/>
      </symbol>
      <symbol id="sm-89f">
         <name>UARTIntEnable</name>
         <value>0x4429</value>
         <object_component_ref idref="oc-141"/>
      </symbol>
      <symbol id="sm-8a0">
         <name>UARTCharsAvail</name>
         <value>0x43cd</value>
         <object_component_ref idref="oc-e7"/>
      </symbol>
      <symbol id="sm-8a1">
         <name>UARTCharPut</name>
         <value>0x4415</value>
         <object_component_ref idref="oc-10b"/>
      </symbol>
      <symbol id="sm-8a2">
         <name>UARTEnable</name>
         <value>0x434f</value>
         <object_component_ref idref="oc-232"/>
      </symbol>
      <symbol id="sm-8a3">
         <name>UARTIntClear</name>
         <value>0x444d</value>
         <object_component_ref idref="oc-c3"/>
      </symbol>
      <symbol id="sm-8a4">
         <name>UARTCharGet</name>
         <value>0x440b</value>
         <object_component_ref idref="oc-c9"/>
      </symbol>
      <symbol id="sm-8a5">
         <name>UARTIntRegister</name>
         <value>0x4293</value>
         <object_component_ref idref="oc-13b"/>
      </symbol>
      <symbol id="sm-8af">
         <name>CPUcpsie</name>
         <value>0x43e9</value>
         <object_component_ref idref="oc-24d"/>
      </symbol>
      <symbol id="sm-8b0">
         <name>__TI_static_base__</name>
         <value>0x0</value>
      </symbol>
      <symbol id="sm-8b3">
         <name>__mpu_init</name>
         <value>0x0</value>
      </symbol>
      <symbol id="sm-8b4">
         <name>_system_post_cinit</name>
         <value>0x0</value>
      </symbol>
   </symbol_table>
   <title>Link successful</title>
</link_info>
